Archive member included to satisfy reference by file (symbol)

/opt/toolchain/gcc-arm-none-eabi-5_4-2016q3/bin/../lib/gcc/arm-none-eabi/5.4.1/../../../../arm-none-eabi/lib/armv7-m/libc_nano.a(lib_a-exit.o)
                              /opt/toolchain/gcc-arm-none-eabi-5_4-2016q3/bin/../lib/gcc/arm-none-eabi/5.4.1/../../../../arm-none-eabi/lib/armv7-m/crt0.o (exit)
/opt/toolchain/gcc-arm-none-eabi-5_4-2016q3/bin/../lib/gcc/arm-none-eabi/5.4.1/../../../../arm-none-eabi/lib/armv7-m/libc_nano.a(lib_a-impure.o)
                              /opt/toolchain/gcc-arm-none-eabi-5_4-2016q3/bin/../lib/gcc/arm-none-eabi/5.4.1/../../../../arm-none-eabi/lib/armv7-m/libc_nano.a(lib_a-exit.o) (_global_impure_ptr)
/opt/toolchain/gcc-arm-none-eabi-5_4-2016q3/bin/../lib/gcc/arm-none-eabi/5.4.1/../../../../arm-none-eabi/lib/armv7-m/libc_nano.a(lib_a-init.o)
                              /opt/toolchain/gcc-arm-none-eabi-5_4-2016q3/bin/../lib/gcc/arm-none-eabi/5.4.1/../../../../arm-none-eabi/lib/armv7-m/crt0.o (__libc_init_array)
/opt/toolchain/gcc-arm-none-eabi-5_4-2016q3/bin/../lib/gcc/arm-none-eabi/5.4.1/../../../../arm-none-eabi/lib/armv7-m/libc_nano.a(lib_a-memset.o)
                              /opt/toolchain/gcc-arm-none-eabi-5_4-2016q3/bin/../lib/gcc/arm-none-eabi/5.4.1/../../../../arm-none-eabi/lib/armv7-m/crt0.o (memset)
/opt/toolchain/gcc-arm-none-eabi-5_4-2016q3/bin/../lib/gcc/arm-none-eabi/5.4.1/../../../../arm-none-eabi/lib/armv7-m/libnosys.a(_exit.o)
                              /opt/toolchain/gcc-arm-none-eabi-5_4-2016q3/bin/../lib/gcc/arm-none-eabi/5.4.1/../../../../arm-none-eabi/lib/armv7-m/libc_nano.a(lib_a-exit.o) (_exit)

Allocating common symbols
Common symbol       size              file

hUsbDeviceFS        0x224             build/usb_device.o
uwTick              0x4               build/stm32f1xx_hal.o
pFlash              0x20              build/stm32f1xx_hal_flash.o
UserRxBufferFS      0x800             build/main.o
UserTxBufferFS      0x800             build/usbd_cdc_if.o
hpcd_USB_FS         0x460             build/usbd_conf.o
USBD_StrDesc        0x200             build/usbd_desc.o

Discarded input sections

 .text          0x00000000        0x0 /opt/toolchain/gcc-arm-none-eabi-5_4-2016q3/bin/../lib/gcc/arm-none-eabi/5.4.1/armv7-m/crti.o
 .data          0x00000000        0x0 /opt/toolchain/gcc-arm-none-eabi-5_4-2016q3/bin/../lib/gcc/arm-none-eabi/5.4.1/armv7-m/crti.o
 .bss           0x00000000        0x0 /opt/toolchain/gcc-arm-none-eabi-5_4-2016q3/bin/../lib/gcc/arm-none-eabi/5.4.1/armv7-m/crti.o
 .data          0x00000000        0x4 /opt/toolchain/gcc-arm-none-eabi-5_4-2016q3/bin/../lib/gcc/arm-none-eabi/5.4.1/armv7-m/crtbegin.o
 .text          0x00000000       0x74 /opt/toolchain/gcc-arm-none-eabi-5_4-2016q3/bin/../lib/gcc/arm-none-eabi/5.4.1/../../../../arm-none-eabi/lib/armv7-m/crt0.o
 .data          0x00000000        0x0 /opt/toolchain/gcc-arm-none-eabi-5_4-2016q3/bin/../lib/gcc/arm-none-eabi/5.4.1/../../../../arm-none-eabi/lib/armv7-m/crt0.o
 .bss           0x00000000        0x0 /opt/toolchain/gcc-arm-none-eabi-5_4-2016q3/bin/../lib/gcc/arm-none-eabi/5.4.1/../../../../arm-none-eabi/lib/armv7-m/crt0.o
 .ARM.extab     0x00000000        0x0 /opt/toolchain/gcc-arm-none-eabi-5_4-2016q3/bin/../lib/gcc/arm-none-eabi/5.4.1/../../../../arm-none-eabi/lib/armv7-m/crt0.o
 .ARM.exidx     0x00000000        0x8 /opt/toolchain/gcc-arm-none-eabi-5_4-2016q3/bin/../lib/gcc/arm-none-eabi/5.4.1/../../../../arm-none-eabi/lib/armv7-m/crt0.o
 .ARM.attributes
                0x00000000       0x1b /opt/toolchain/gcc-arm-none-eabi-5_4-2016q3/bin/../lib/gcc/arm-none-eabi/5.4.1/../../../../arm-none-eabi/lib/armv7-m/crt0.o
 .text          0x00000000        0x0 build/stm32f1xx_hal_gpio.o
 .data          0x00000000        0x0 build/stm32f1xx_hal_gpio.o
 .bss           0x00000000        0x0 build/stm32f1xx_hal_gpio.o
 .text.HAL_GPIO_DeInit
                0x00000000       0xdc build/stm32f1xx_hal_gpio.o
 .text.HAL_GPIO_ReadPin
                0x00000000       0x10 build/stm32f1xx_hal_gpio.o
 .text.HAL_GPIO_TogglePin
                0x00000000        0x8 build/stm32f1xx_hal_gpio.o
 .text.HAL_GPIO_LockPin
                0x00000000       0x30 build/stm32f1xx_hal_gpio.o
 .text.HAL_GPIO_EXTI_Callback
                0x00000000        0x4 build/stm32f1xx_hal_gpio.o
 .text.HAL_GPIO_EXTI_IRQHandler
                0x00000000       0x18 build/stm32f1xx_hal_gpio.o
 .text          0x00000000        0x0 build/stm32f1xx_hal_dma.o
 .data          0x00000000        0x0 build/stm32f1xx_hal_dma.o
 .bss           0x00000000        0x0 build/stm32f1xx_hal_dma.o
 .text.DMA_SetConfig
                0x00000000       0x2c build/stm32f1xx_hal_dma.o
 .text.HAL_DMA_Init
                0x00000000       0x78 build/stm32f1xx_hal_dma.o
 .text.HAL_DMA_DeInit
                0x00000000       0x60 build/stm32f1xx_hal_dma.o
 .text.HAL_DMA_Start
                0x00000000       0x50 build/stm32f1xx_hal_dma.o
 .text.HAL_DMA_Start_IT
[...]
Memory Configuration

Name             Origin             Length             Attributes
RAM              0x20000000         0x00005000         xrw
FLASH            0x08000000         0x00010000         xr
*default*        0x00000000         0xffffffff

Linker script and memory map

LOAD /opt/toolchain/gcc-arm-none-eabi-5_4-2016q3/bin/../lib/gcc/arm-none-eabi/5.4.1/armv7-m/crti.o
LOAD /opt/toolchain/gcc-arm-none-eabi-5_4-2016q3/bin/../lib/gcc/arm-none-eabi/5.4.1/armv7-m/crtbegin.o
LOAD /opt/toolchain/gcc-arm-none-eabi-5_4-2016q3/bin/../lib/gcc/arm-none-eabi/5.4.1/../../../../arm-none-eabi/lib/armv7-m/crt0.o
LOAD build/stm32f1xx_hal_gpio.o
LOAD build/stm32f1xx_hal_dma.o
LOAD build/stm32f1xx_hal_rcc.o
LOAD build/stm32f1xx_hal_cortex.o
LOAD build/system_stm32f1xx.o
LOAD build/stm32f1xx_hal_pwr.o
LOAD build/stm32f1xx_hal_tim.o
LOAD build/stm32f1xx_hal.o
LOAD build/stm32f1xx_hal_flash_ex.o
LOAD build/stm32f1xx_hal_tim_ex.o
LOAD build/stm32f1xx_hal_flash.o
LOAD build/main.o
LOAD build/stm32f1xx_hal_gpio_ex.o
LOAD build/stm32f1xx_hal_msp.o
LOAD build/stm32f1xx_hal_rcc_ex.o
LOAD build/stm32f1xx_it.o
LOAD build/stm32f1xx_hal_pcd_ex.o
LOAD build/usbd_ctlreq.o
LOAD build/usbd_cdc.o
LOAD build/usbd_ioreq.o
LOAD build/stm32f1xx_hal_pcd.o
LOAD build/usb_device.o
LOAD build/usbd_core.o
LOAD build/usbd_desc.o
LOAD build/stm32f1xx_ll_usb.o
LOAD build/usbd_cdc_if.o
LOAD build/usbd_conf.o
LOAD build/startup_stm32f103xb.o
LOAD /opt/toolchain/gcc-arm-none-eabi-5_4-2016q3/bin/../lib/gcc/arm-none-eabi/5.4.1/../../../../arm-none-eabi/lib/armv7-m/libc_nano.a
LOAD /opt/toolchain/gcc-arm-none-eabi-5_4-2016q3/bin/../lib/gcc/arm-none-eabi/5.4.1/../../../../arm-none-eabi/lib/armv7-m/libm.a
LOAD /opt/toolchain/gcc-arm-none-eabi-5_4-2016q3/bin/../lib/gcc/arm-none-eabi/5.4.1/../../../../arm-none-eabi/lib/armv7-m/libnosys.a
START GROUP
LOAD /opt/toolchain/gcc-arm-none-eabi-5_4-2016q3/bin/../lib/gcc/arm-none-eabi/5.4.1/armv7-m/libgcc.a
LOAD /opt/toolchain/gcc-arm-none-eabi-5_4-2016q3/bin/../lib/gcc/arm-none-eabi/5.4.1/../../../../arm-none-eabi/lib/armv7-m/libc_nano.a
END GROUP
START GROUP
LOAD /opt/toolchain/gcc-arm-none-eabi-5_4-2016q3/bin/../lib/gcc/arm-none-eabi/5.4.1/armv7-m/libgcc.a
LOAD /opt/toolchain/gcc-arm-none-eabi-5_4-2016q3/bin/../lib/gcc/arm-none-eabi/5.4.1/../../../../arm-none-eabi/lib/armv7-m/libc_nano.a
END GROUP
LOAD /opt/toolchain/gcc-arm-none-eabi-5_4-2016q3/bin/../lib/gcc/arm-none-eabi/5.4.1/armv7-m/crtend.o
LOAD /opt/toolchain/gcc-arm-none-eabi-5_4-2016q3/bin/../lib/gcc/arm-none-eabi/5.4.1/armv7-m/crtn.o
                0x20005000                _estack = 0x20005000
                0x00000200                _Min_Heap_Size = 0x200
                0x00000400                _Min_Stack_Size = 0x400

.isr_vector     0x08000000      0x10c
                0x08000000                . = ALIGN (0x4)
 *(.isr_vector)
 .isr_vector    0x08000000      0x10c build/startup_stm32f103xb.o
                0x08000000                g_pfnVectors
                0x0800010c                . = ALIGN (0x4)

.text           0x0800010c     0x2fa8
                0x0800010c                . = ALIGN (0x4)
 *(.text)
 .text          0x0800010c       0x5c /opt/toolchain/gcc-arm-none-eabi-5_4-2016q3/bin/../lib/gcc/arm-none-eabi/5.4.1/armv7-m/crtbegin.o
 *(.text*)
 .text.HAL_GPIO_Init
                0x08000168      0x1d8 build/stm32f1xx_hal_gpio.o
                0x08000168                HAL_GPIO_Init
 .text.HAL_GPIO_WritePin
                0x08000340        0xc build/stm32f1xx_hal_gpio.o
                0x08000340                HAL_GPIO_WritePin
 .text.RCC_Delay
                0x0800034c       0x2c build/stm32f1xx_hal_rcc.o
 .text.HAL_RCC_OscConfig
                0x08000378      0x400 build/stm32f1xx_hal_rcc.o
                0x08000378                HAL_RCC_OscConfig
 .text.HAL_RCC_GetSysClockFreq
                0x08000778       0x70 build/stm32f1xx_hal_rcc.o
                0x08000778                HAL_RCC_GetSysClockFreq
 .text.HAL_RCC_ClockConfig
                0x080007e8      0x184 build/stm32f1xx_hal_rcc.o
                0x080007e8                HAL_RCC_ClockConfig
 .text.HAL_RCC_GetHCLKFreq
                0x0800096c        0xc build/stm32f1xx_hal_rcc.o
                0x0800096c                HAL_RCC_GetHCLKFreq
 .text.HAL_NVIC_SetPriorityGrouping
                0x08000978       0x24 build/stm32f1xx_hal_cortex.o
                0x08000978                HAL_NVIC_SetPriorityGrouping
 .text.HAL_NVIC_SetPriority
                0x0800099c       0x64 build/stm32f1xx_hal_cortex.o
                0x0800099c                HAL_NVIC_SetPriority
 .text.HAL_NVIC_EnableIRQ
                0x08000a00       0x18 build/stm32f1xx_hal_cortex.o
                0x08000a00                HAL_NVIC_EnableIRQ
 .text.HAL_SYSTICK_Config
                0x08000a18       0x2c build/stm32f1xx_hal_cortex.o
                0x08000a18                HAL_SYSTICK_Config
 .text.HAL_SYSTICK_CLKSourceConfig
                0x08000a44       0x20 build/stm32f1xx_hal_cortex.o
                0x08000a44                HAL_SYSTICK_CLKSourceConfig
 .text.HAL_SYSTICK_Callback
                0x08000a64        0x4 build/stm32f1xx_hal_cortex.o
                0x08000a64                HAL_SYSTICK_Callback
 .text.HAL_SYSTICK_IRQHandler
                0x08000a68        0x8 build/stm32f1xx_hal_cortex.o
                0x08000a68                HAL_SYSTICK_IRQHandler
 .text.SystemInit
                0x08000a70       0x4c build/system_stm32f1xx.o
                0x08000a70                SystemInit
 .text.HAL_InitTick
                0x08000abc       0x2c build/stm32f1xx_hal.o
                0x08000abc                HAL_InitTick
 .text.HAL_Init
                0x08000ae8       0x24 build/stm32f1xx_hal.o
                0x08000ae8                HAL_Init
 .text.HAL_IncTick
                0x08000b0c       0x10 build/stm32f1xx_hal.o
                0x08000b0c                HAL_IncTick
 .text.HAL_GetTick
                0x08000b1c        0xc build/stm32f1xx_hal.o
                0x08000b1c                HAL_GetTick
 .text.MX_GPIO_Init
                0x08000b28       0x6c build/main.o
 .text.Delay    0x08000b94       0x14 build/main.o
                0x08000b94                Delay
 .text._Error_Handler
                0x08000ba8        0x4 build/main.o
                0x08000ba8                _Error_Handler
 .text.SystemClock_Config
                0x08000bac       0x9c build/main.o
                0x08000bac                SystemClock_Config
 .text.main     0x08000c48       0x64 build/main.o
                0x08000c48                main
 .text.HAL_MspInit
                0x08000cac       0x7c build/stm32f1xx_hal_msp.o
                0x08000cac                HAL_MspInit
 .text.HAL_RCCEx_PeriphCLKConfig
                0x08000d28      0x114 build/stm32f1xx_hal_rcc_ex.o
                0x08000d28                HAL_RCCEx_PeriphCLKConfig
 .text.NMI_Handler
                0x08000e3c        0x4 build/stm32f1xx_it.o
                0x08000e3c                NMI_Handler
 .text.HardFault_Handler
                0x08000e40        0x4 build/stm32f1xx_it.o
                0x08000e40                HardFault_Handler
 .text.MemManage_Handler
                0x08000e44        0x4 build/stm32f1xx_it.o
                0x08000e44                MemManage_Handler
 .text.BusFault_Handler
                0x08000e48        0x4 build/stm32f1xx_it.o
                0x08000e48                BusFault_Handler
 .text.UsageFault_Handler
                0x08000e4c        0x4 build/stm32f1xx_it.o
                0x08000e4c                UsageFault_Handler
 .text.SVC_Handler
                0x08000e50        0x4 build/stm32f1xx_it.o
                0x08000e50                SVC_Handler
 .text.DebugMon_Handler
                0x08000e54        0x4 build/stm32f1xx_it.o
                0x08000e54                DebugMon_Handler
 .text.PendSV_Handler
                0x08000e58        0x4 build/stm32f1xx_it.o
                0x08000e58                PendSV_Handler
 .text.SysTick_Handler
                0x08000e5c        0xc build/stm32f1xx_it.o
                0x08000e5c                SysTick_Handler
 .text.USB_LP_CAN1_RX0_IRQHandler
                0x08000e68       0x10 build/stm32f1xx_it.o
                0x08000e68                USB_LP_CAN1_RX0_IRQHandler
 .text.HAL_PCDEx_PMAConfig
                0x08000e78       0x38 build/stm32f1xx_hal_pcd_ex.o
                0x08000e78                HAL_PCDEx_PMAConfig
 .text.USBD_GetLen
                0x08000eb0       0x14 build/usbd_ctlreq.o
 .text.USBD_SetFeature
                0x08000ec4       0x20 build/usbd_ctlreq.o
 .text.USBD_ParseSetupRequest
                0x08000ee4       0x28 build/usbd_ctlreq.o
                0x08000ee4                USBD_ParseSetupRequest
 .text.USBD_CtlError
                0x08000f0c       0x14 build/usbd_ctlreq.o
                0x08000f0c                USBD_CtlError
 .text.USBD_GetDescriptor
                0x08000f20      0x130 build/usbd_ctlreq.o
 .text.USBD_SetAddress
                0x08001050       0x4c build/usbd_ctlreq.o
 .text.USBD_SetConfig
                0x0800109c       0xa8 build/usbd_ctlreq.o
 .text.USBD_GetConfig
                0x08001144       0x3c build/usbd_ctlreq.o
 .text.USBD_GetStatus
                0x08001180       0x2c build/usbd_ctlreq.o
 .text.USBD_ClrFeature
                0x080011ac       0x30 build/usbd_ctlreq.o
 .text.USBD_StdDevReq
                0x080011dc       0x48 build/usbd_ctlreq.o
                0x080011dc                USBD_StdDevReq
 .text.USBD_StdItfReq
                0x08001224       0x38 build/usbd_ctlreq.o
                0x08001224                USBD_StdItfReq
 .text.USBD_StdEPReq
                0x0800125c      0x11c build/usbd_ctlreq.o
                0x0800125c                USBD_StdEPReq
 .text.USBD_GetString
                0x08001378       0x3c build/usbd_ctlreq.o
                0x08001378                USBD_GetString
 .text.USBD_CDC_DataIn
                0x080013b4       0x14 build/usbd_cdc.o
 .text.USBD_CDC_EP0_RxReady
                0x080013c8       0x28 build/usbd_cdc.o
 .text.USBD_CDC_GetFSCfgDesc
                0x080013f0        0xc build/usbd_cdc.o
 .text.USBD_CDC_GetHSCfgDesc
                0x080013fc        0xc build/usbd_cdc.o
 .text.USBD_CDC_GetOtherSpeedCfgDesc
                0x08001408        0xc build/usbd_cdc.o
 .text.USBD_CDC_GetDeviceQualifierDescriptor
                0x08001414        0xc build/usbd_cdc.o
                0x08001414                USBD_CDC_GetDeviceQualifierDescriptor
 .text.USBD_CDC_DataOut
                0x08001420       0x30 build/usbd_cdc.o
 .text.USBD_CDC_Setup
                0x08001450       0x74 build/usbd_cdc.o
 .text.USBD_CDC_DeInit
                0x080014c4       0x3c build/usbd_cdc.o
 .text.USBD_CDC_Init
                0x08001500       0x98 build/usbd_cdc.o
 .text.USBD_CDC_RegisterInterface
                0x08001598       0x10 build/usbd_cdc.o
                0x08001598                USBD_CDC_RegisterInterface
 .text.USBD_CDC_SetTxBuffer
                0x080015a8       0x10 build/usbd_cdc.o
                0x080015a8                USBD_CDC_SetTxBuffer
 .text.USBD_CDC_SetRxBuffer
                0x080015b8        0xc build/usbd_cdc.o
                0x080015b8                USBD_CDC_SetRxBuffer
 .text.USBD_CDC_TransmitPacket
                0x080015c4       0x30 build/usbd_cdc.o
                0x080015c4                USBD_CDC_TransmitPacket
 .text.USBD_CDC_ReceivePacket
                0x080015f4       0x34 build/usbd_cdc.o
                0x080015f4                USBD_CDC_ReceivePacket
 .text.USBD_CtlSendData
                0x08001628       0x1c build/usbd_ioreq.o
                0x08001628                USBD_CtlSendData
 .text.USBD_CtlContinueSendData
                0x08001644       0x10 build/usbd_ioreq.o
                0x08001644                USBD_CtlContinueSendData
 .text.USBD_CtlPrepareRx
                0x08001654       0x20 build/usbd_ioreq.o
                0x08001654                USBD_CtlPrepareRx
 .text.USBD_CtlContinueRx
                0x08001674       0x10 build/usbd_ioreq.o
                0x08001674                USBD_CtlContinueRx
 .text.USBD_CtlSendStatus
                0x08001684       0x18 build/usbd_ioreq.o
                0x08001684                USBD_CtlSendStatus
 .text.USBD_CtlReceiveStatus
                0x0800169c       0x18 build/usbd_ioreq.o
                0x0800169c                USBD_CtlReceiveStatus
 .text.HAL_PCD_Init
                0x080016b4       0xdc build/stm32f1xx_hal_pcd.o
                0x080016b4                HAL_PCD_Init
 .text.HAL_PCD_Start
                0x08001790       0x30 build/stm32f1xx_hal_pcd.o
                0x08001790                HAL_PCD_Start
 .text.HAL_PCD_SetAddress
                0x080017c0       0x28 build/stm32f1xx_hal_pcd.o
                0x080017c0                HAL_PCD_SetAddress
 .text.HAL_PCD_EP_Open
                0x080017e8       0x54 build/stm32f1xx_hal_pcd.o
                0x080017e8                HAL_PCD_EP_Open
 .text.HAL_PCD_EP_Close
                0x0800183c       0x50 build/stm32f1xx_hal_pcd.o
                0x0800183c                HAL_PCD_EP_Close
 .text.HAL_PCD_EP_Receive
                0x0800188c       0x40 build/stm32f1xx_hal_pcd.o
                0x0800188c                HAL_PCD_EP_Receive
 .text.HAL_PCD_EP_GetRxCount
                0x080018cc       0x10 build/stm32f1xx_hal_pcd.o
                0x080018cc                HAL_PCD_EP_GetRxCount
 .text.HAL_PCD_EP_Transmit
                0x080018dc       0x3c build/stm32f1xx_hal_pcd.o
                0x080018dc                HAL_PCD_EP_Transmit
 .text.PCD_EP_ISR_Handler
                0x08001918      0x45c build/stm32f1xx_hal_pcd.o
 .text.HAL_PCD_IRQHandler
                0x08001d74      0x15c build/stm32f1xx_hal_pcd.o
                0x08001d74                HAL_PCD_IRQHandler
 .text.HAL_PCD_EP_SetStall
                0x08001ed0       0x5c build/stm32f1xx_hal_pcd.o
                0x08001ed0                HAL_PCD_EP_SetStall
 .text.HAL_PCD_EP_ClrStall
                0x08001f2c       0x50 build/stm32f1xx_hal_pcd.o
                0x08001f2c                HAL_PCD_EP_ClrStall
 .text.MX_USB_DEVICE_Init
                0x08001f7c       0x38 build/usb_device.o
                0x08001f7c                MX_USB_DEVICE_Init
 .text.USBD_Init
                0x08001fb4       0x30 build/usbd_core.o
                0x08001fb4                USBD_Init
 .text.USBD_RegisterClass
                0x08001fe4       0x10 build/usbd_core.o
                0x08001fe4                USBD_RegisterClass
 .text.USBD_Start
                0x08001ff4        0xc build/usbd_core.o
                0x08001ff4                USBD_Start
 .text.USBD_SetClassConfig
                0x08002000       0x1c build/usbd_core.o
                0x08002000                USBD_SetClassConfig
 .text.USBD_ClrClassConfig
                0x0800201c       0x10 build/usbd_core.o
                0x0800201c                USBD_ClrClassConfig
 .text.USBD_LL_SetupStage
                0x0800202c       0x5c build/usbd_core.o
                0x0800202c                USBD_LL_SetupStage
 .text.USBD_LL_DataOutStage
                0x08002088       0x68 build/usbd_core.o
                0x08002088                USBD_LL_DataOutStage
 .text.USBD_LL_DataInStage
                0x080020f0       0xac build/usbd_core.o
                0x080020f0                USBD_LL_DataInStage
 .text.USBD_LL_Reset
                0x0800219c       0x40 build/usbd_core.o
                0x0800219c                USBD_LL_Reset
 .text.USBD_LL_SetSpeed
                0x080021dc        0x8 build/usbd_core.o
                0x080021dc                USBD_LL_SetSpeed
 .text.USBD_LL_Suspend
                0x080021e4       0x14 build/usbd_core.o
                0x080021e4                USBD_LL_Suspend
 .text.USBD_LL_Resume
                0x080021f8        0xc build/usbd_core.o
                0x080021f8                USBD_LL_Resume
 .text.USBD_LL_SOF
                0x08002204       0x18 build/usbd_core.o
                0x08002204                USBD_LL_SOF
 .text.USBD_FS_DeviceDescriptor
                0x0800221c        0xc build/usbd_desc.o
                0x0800221c                USBD_FS_DeviceDescriptor
 .text.USBD_FS_LangIDStrDescriptor
                0x08002228        0xc build/usbd_desc.o
                0x08002228                USBD_FS_LangIDStrDescriptor
 .text.USBD_FS_ProductStrDescriptor
                0x08002234       0x24 build/usbd_desc.o
                0x08002234                USBD_FS_ProductStrDescriptor
 .text.USBD_FS_ManufacturerStrDescriptor
                0x08002258       0x1c build/usbd_desc.o
                0x08002258                USBD_FS_ManufacturerStrDescriptor
 .text.USBD_FS_SerialStrDescriptor
                0x08002274       0x24 build/usbd_desc.o
                0x08002274                USBD_FS_SerialStrDescriptor
 .text.USBD_FS_ConfigStrDescriptor
                0x08002298       0x24 build/usbd_desc.o
                0x08002298                USBD_FS_ConfigStrDescriptor
 .text.USBD_FS_InterfaceStrDescriptor
                0x080022bc       0x24 build/usbd_desc.o
                0x080022bc                USBD_FS_InterfaceStrDescriptor
 .text.USB_CoreInit
                0x080022e0       0x10 build/stm32f1xx_ll_usb.o
                0x080022e0                USB_CoreInit
 .text.USB_EnableGlobalInt
                0x080022f0       0x14 build/stm32f1xx_ll_usb.o
                0x080022f0                USB_EnableGlobalInt
 .text.USB_DisableGlobalInt
                0x08002304       0x14 build/stm32f1xx_ll_usb.o
                0x08002304                USB_DisableGlobalInt
 .text.USB_SetCurrentMode
                0x08002318        0x4 build/stm32f1xx_ll_usb.o
                0x08002318                USB_SetCurrentMode
 .text.USB_DevInit
                0x0800231c       0x2c build/stm32f1xx_ll_usb.o
                0x0800231c                USB_DevInit
 .text.USB_ActivateEndpoint
                0x08002348      0x33c build/stm32f1xx_ll_usb.o
                0x08002348                USB_ActivateEndpoint
 .text.USB_DeactivateEndpoint
                0x08002684      0x1d0 build/stm32f1xx_ll_usb.o
                0x08002684                USB_DeactivateEndpoint
 .text.USB_EPSetStall
                0x08002854       0x70 build/stm32f1xx_ll_usb.o
                0x08002854                USB_EPSetStall
 .text.USB_EPClearStall
                0x080028c4       0x98 build/stm32f1xx_ll_usb.o
                0x080028c4                USB_EPClearStall
 .text.USB_SetDevAddress
                0x0800295c        0xc build/stm32f1xx_ll_usb.o
                0x0800295c                USB_SetDevAddress
 .text.USB_DevConnect
                0x08002968        0x4 build/stm32f1xx_ll_usb.o
                0x08002968                USB_DevConnect
 .text.USB_DevDisconnect
                0x0800296c        0x4 build/stm32f1xx_ll_usb.o
                0x0800296c                USB_DevDisconnect
 .text.USB_ReadInterrupts
                0x08002970        0x8 build/stm32f1xx_ll_usb.o
                0x08002970                USB_ReadInterrupts
 .text.USB_EP0_OutStart
                0x08002978        0x4 build/stm32f1xx_ll_usb.o
                0x08002978                USB_EP0_OutStart
 .text.USB_WritePMA
                0x0800297c       0x28 build/stm32f1xx_ll_usb.o
                0x0800297c                USB_WritePMA
 .text.USB_EPStartXfer
                0x080029a4      0x2e8 build/stm32f1xx_ll_usb.o
                0x080029a4                USB_EPStartXfer
 .text.USB_ReadPMA
                0x08002c8c       0x20 build/stm32f1xx_ll_usb.o
                0x08002c8c                USB_ReadPMA
 .text.CDC_DeInit_FS
                0x08002cac        0x4 build/usbd_cdc_if.o
 .text.CDC_Control_FS
                0x08002cb0        0x4 build/usbd_cdc_if.o
 .text.CDC_Receive_FS
                0x08002cb4       0x5c build/usbd_cdc_if.o
 .text.CDC_Init_FS
                0x08002d10       0x28 build/usbd_cdc_if.o
 .text.CDC_Transmit_FS
                0x08002d38       0x2c build/usbd_cdc_if.o
                0x08002d38                CDC_Transmit_FS
 .text.HAL_PCD_MspInit
                0x08002d64       0x40 build/usbd_conf.o
                0x08002d64                HAL_PCD_MspInit
 .text.HAL_PCD_SetupStageCallback
                0x08002da4       0x10 build/usbd_conf.o
                0x08002da4                HAL_PCD_SetupStageCallback
 .text.HAL_PCD_DataOutStageCallback
                0x08002db4       0x14 build/usbd_conf.o
                0x08002db4                HAL_PCD_DataOutStageCallback
 .text.HAL_PCD_DataInStageCallback
                0x08002dc8       0x14 build/usbd_conf.o
                0x08002dc8                HAL_PCD_DataInStageCallback
 .text.HAL_PCD_SOFCallback
                0x08002ddc        0xc build/usbd_conf.o
                0x08002ddc                HAL_PCD_SOFCallback
 .text.HAL_PCD_ResetCallback
                0x08002de8       0x18 build/usbd_conf.o
                0x08002de8                HAL_PCD_ResetCallback
 .text.HAL_PCD_SuspendCallback
                0x08002e00       0x20 build/usbd_conf.o
                0x08002e00                HAL_PCD_SuspendCallback
 .text.HAL_PCD_ResumeCallback
                0x08002e20        0xc build/usbd_conf.o
                0x08002e20                HAL_PCD_ResumeCallback
 .text.USBD_LL_Init
                0x08002e2c       0x90 build/usbd_conf.o
                0x08002e2c                USBD_LL_Init
 .text.USBD_LL_Start
                0x08002ebc       0x20 build/usbd_conf.o
                0x08002ebc                USBD_LL_Start
 .text.USBD_LL_OpenEP
                0x08002edc       0x24 build/usbd_conf.o
                0x08002edc                USBD_LL_OpenEP
 .text.USBD_LL_CloseEP
                0x08002f00       0x20 build/usbd_conf.o
                0x08002f00                USBD_LL_CloseEP
 .text.USBD_LL_StallEP
                0x08002f20       0x20 build/usbd_conf.o
                0x08002f20                USBD_LL_StallEP
 .text.USBD_LL_ClearStallEP
                0x08002f40       0x20 build/usbd_conf.o
                0x08002f40                USBD_LL_ClearStallEP
 .text.USBD_LL_IsStallEP
                0x08002f60       0x28 build/usbd_conf.o
                0x08002f60                USBD_LL_IsStallEP
 .text.USBD_LL_SetUSBAddress
                0x08002f88       0x20 build/usbd_conf.o
                0x08002f88                USBD_LL_SetUSBAddress
 .text.USBD_LL_Transmit
                0x08002fa8       0x20 build/usbd_conf.o
                0x08002fa8                USBD_LL_Transmit
 .text.USBD_LL_PrepareReceive
                0x08002fc8       0x20 build/usbd_conf.o
                0x08002fc8                USBD_LL_PrepareReceive
 .text.USBD_LL_GetRxDataSize
                0x08002fe8        0xc build/usbd_conf.o
                0x08002fe8                USBD_LL_GetRxDataSize
 .text.USBD_static_malloc
                0x08002ff4        0x8 build/usbd_conf.o
                0x08002ff4                USBD_static_malloc
 .text.USBD_static_free
                0x08002ffc        0x4 build/usbd_conf.o
                0x08002ffc                USBD_static_free
 .text.HAL_PCDEx_SetConnectionState
                0x08003000        0x4 build/usbd_conf.o
                0x08003000                HAL_PCDEx_SetConnectionState
 .text.Reset_Handler
                0x08003004       0x48 build/startup_stm32f103xb.o
                0x08003004                Reset_Handler
 .text.Default_Handler
                0x0800304c        0x2 build/startup_stm32f103xb.o
                0x0800304c                RTC_Alarm_IRQHandler
                0x0800304c                EXTI2_IRQHandler
                0x0800304c                TIM1_CC_IRQHandler
                0x0800304c                PVD_IRQHandler
                0x0800304c                EXTI3_IRQHandler
                0x0800304c                EXTI0_IRQHandler
                0x0800304c                I2C2_EV_IRQHandler
                0x0800304c                ADC1_2_IRQHandler
                0x0800304c                SPI1_IRQHandler
                0x0800304c                TAMPER_IRQHandler
                0x0800304c                DMA1_Channel4_IRQHandler
                0x0800304c                USART3_IRQHandler
                0x0800304c                RTC_IRQHandler
                0x0800304c                DMA1_Channel7_IRQHandler
                0x0800304c                CAN1_RX1_IRQHandler
                0x0800304c                TIM4_IRQHandler
                0x0800304c                I2C1_EV_IRQHandler
                0x0800304c                DMA1_Channel6_IRQHandler
                0x0800304c                TIM3_IRQHandler
                0x0800304c                RCC_IRQHandler
                0x0800304c                TIM1_TRG_COM_IRQHandler
                0x0800304c                DMA1_Channel1_IRQHandler
                0x0800304c                Default_Handler
                0x0800304c                EXTI15_10_IRQHandler
                0x0800304c                EXTI9_5_IRQHandler
                0x0800304c                SPI2_IRQHandler
                0x0800304c                DMA1_Channel5_IRQHandler
                0x0800304c                EXTI4_IRQHandler
                0x0800304c                USB_HP_CAN1_TX_IRQHandler
                0x0800304c                DMA1_Channel3_IRQHandler
                0x0800304c                TIM1_UP_IRQHandler
                0x0800304c                WWDG_IRQHandler
                0x0800304c                TIM2_IRQHandler
                0x0800304c                TIM1_BRK_IRQHandler
                0x0800304c                EXTI1_IRQHandler
                0x0800304c                USART2_IRQHandler
                0x0800304c                I2C2_ER_IRQHandler
                0x0800304c                DMA1_Channel2_IRQHandler
                0x0800304c                CAN1_SCE_IRQHandler
                0x0800304c                FLASH_IRQHandler
                0x0800304c                USART1_IRQHandler
                0x0800304c                I2C1_ER_IRQHandler
                0x0800304c                USBWakeUp_IRQHandler
 *fill*         0x0800304e        0x2 
 .text.__libc_init_array
                0x08003050       0x4c /opt/toolchain/gcc-arm-none-eabi-5_4-2016q3/bin/../lib/gcc/arm-none-eabi/5.4.1/../../../../arm-none-eabi/lib/armv7-m/libc_nano.a(lib_a-init.o)
                0x08003050                __libc_init_array
 *(.glue_7)
 .glue_7        0x0800309c        0x0 linker stubs
 *(.glue_7t)
 .glue_7t       0x0800309c        0x0 linker stubs
 *(.eh_frame)
 .eh_frame      0x0800309c        0x0 /opt/toolchain/gcc-arm-none-eabi-5_4-2016q3/bin/../lib/gcc/arm-none-eabi/5.4.1/armv7-m/crtbegin.o
 *(.init)
 .init          0x0800309c        0x4 /opt/toolchain/gcc-arm-none-eabi-5_4-2016q3/bin/../lib/gcc/arm-none-eabi/5.4.1/armv7-m/crti.o
                0x0800309c                _init
 .init          0x080030a0        0x8 /opt/toolchain/gcc-arm-none-eabi-5_4-2016q3/bin/../lib/gcc/arm-none-eabi/5.4.1/armv7-m/crtn.o
 *(.fini)
 .fini          0x080030a8        0x4 /opt/toolchain/gcc-arm-none-eabi-5_4-2016q3/bin/../lib/gcc/arm-none-eabi/5.4.1/armv7-m/crti.o
                0x080030a8                _fini
 .fini          0x080030ac        0x8 /opt/toolchain/gcc-arm-none-eabi-5_4-2016q3/bin/../lib/gcc/arm-none-eabi/5.4.1/armv7-m/crtn.o
                0x080030b4                . = ALIGN (0x4)
                0x080030b4                _etext = .

.vfp11_veneer   0x080030b4        0x0
 .vfp11_veneer  0x080030b4        0x0 linker stubs

.v4_bx          0x080030b4        0x0
 .v4_bx         0x080030b4        0x0 linker stubs

.iplt           0x080030b4        0x0
 .iplt          0x080030b4        0x0 /opt/toolchain/gcc-arm-none-eabi-5_4-2016q3/bin/../lib/gcc/arm-none-eabi/5.4.1/armv7-m/crtbegin.o

.rodata         0x080030b4       0x98
                0x080030b4                . = ALIGN (0x4)
 *(.rodata)
 .rodata        0x080030b4       0x12 build/stm32f1xx_hal_rcc.o
 *(.rodata*)
 *fill*         0x080030c6        0x2 
 .rodata.AHBPrescTable
                0x080030c8       0x10 build/system_stm32f1xx.o
                0x080030c8                AHBPrescTable
 .rodata.str1.4
                0x080030d8        0xb build/main.o
 *fill*         0x080030e3        0x1 
 .rodata.str1.4
                0x080030e4       0x56 build/usbd_desc.o
 *fill*         0x0800313a        0x2 
 .rodata.str1.4
                0x0800313c       0x10 build/usbd_conf.o
                0x0800314c                . = ALIGN (0x4)

.rel.dyn        0x0800314c        0x0
 .rel.iplt      0x0800314c        0x0 /opt/toolchain/gcc-arm-none-eabi-5_4-2016q3/bin/../lib/gcc/arm-none-eabi/5.4.1/armv7-m/crtbegin.o

.ARM.extab
 *(.ARM.extab* .gnu.linkonce.armextab.*)

.ARM            0x0800314c        0x0
                0x0800314c                __exidx_start = .
 *(.ARM.exidx*)
                0x0800314c                __exidx_end = .

.preinit_array  0x0800314c        0x0
                0x0800314c                PROVIDE (__preinit_array_start, .)
 *(.preinit_array*)
                0x0800314c                PROVIDE (__preinit_array_end, .)

.init_array     0x0800314c        0x4
                0x0800314c                PROVIDE (__init_array_start, .)
 *(SORT(.init_array.*))
 *(.init_array*)
 .init_array    0x0800314c        0x4 /opt/toolchain/gcc-arm-none-eabi-5_4-2016q3/bin/../lib/gcc/arm-none-eabi/5.4.1/armv7-m/crtbegin.o
                0x08003150                PROVIDE (__init_array_end, .)

.fini_array     0x08003150        0x4
                [!provide]                PROVIDE (__fini_array_start, .)
 *(SORT(.fini_array.*))
 *(.fini_array*)
 .fini_array    0x08003150        0x4 /opt/toolchain/gcc-arm-none-eabi-5_4-2016q3/bin/../lib/gcc/arm-none-eabi/5.4.1/armv7-m/crtbegin.o
                [!provide]                PROVIDE (__fini_array_end, .)
                0x08003154                _sidata = LOADADDR (.data)

.data           0x20000000      0x160 load address 0x08003154
                0x20000000                . = ALIGN (0x4)
                0x20000000                _sdata = .
 *(.data)
 *(.data*)
 .data.SystemCoreClock
                0x20000000        0x4 build/system_stm32f1xx.o
                0x20000000                SystemCoreClock
 .data.USBD_CDC_CfgFSDesc
                0x20000004       0x43 build/usbd_cdc.o
                0x20000004                USBD_CDC_CfgFSDesc
 *fill*         0x20000047        0x1 
 .data.USBD_CDC
                0x20000048       0x38 build/usbd_cdc.o
                0x20000048                USBD_CDC
 .data.USBD_CDC_DeviceQualifierDesc
                0x20000080        0xa build/usbd_cdc.o
 *fill*         0x2000008a        0x2 
 .data.USBD_CDC_OtherSpeedCfgDesc
                0x2000008c       0x43 build/usbd_cdc.o
                0x2000008c                USBD_CDC_OtherSpeedCfgDesc
 *fill*         0x200000cf        0x1 
 .data.USBD_CDC_CfgHSDesc
                0x200000d0       0x43 build/usbd_cdc.o
                0x200000d0                USBD_CDC_CfgHSDesc
 *fill*         0x20000113        0x1 
 .data.FS_Desc  0x20000114       0x1c build/usbd_desc.o
                0x20000114                FS_Desc
 .data.USBD_LangIDDesc
                0x20000130        0x4 build/usbd_desc.o
                0x20000130                USBD_LangIDDesc
 .data.USBD_FS_DeviceDesc
                0x20000134       0x12 build/usbd_desc.o
                0x20000134                USBD_FS_DeviceDesc
 *fill*         0x20000146        0x2 
 .data.USB_S    0x20000148        0x6 build/usbd_cdc_if.o
                0x20000148                USB_S
 *fill*         0x2000014e        0x2 
 .data.USBD_Interface_fops_FS
                0x20000150       0x10 build/usbd_cdc_if.o
                0x20000150                USBD_Interface_fops_FS
                0x20000160                . = ALIGN (0x4)
                0x20000160                _edata = .

.jcr            0x20000160        0x0 load address 0x080032b4
 .jcr           0x20000160        0x0 /opt/toolchain/gcc-arm-none-eabi-5_4-2016q3/bin/../lib/gcc/arm-none-eabi/5.4.1/armv7-m/crtbegin.o

.igot.plt       0x20000160        0x0 load address 0x080032b4
 .igot.plt      0x20000160        0x0 /opt/toolchain/gcc-arm-none-eabi-5_4-2016q3/bin/../lib/gcc/arm-none-eabi/5.4.1/armv7-m/crtbegin.o
                0x20000160                . = ALIGN (0x4)

.bss            0x20000160     0x1ac8 load address 0x080032b4
                0x20000160                _sbss = .
                0x20000160                __bss_start__ = _sbss
 *(.bss)
 .bss           0x20000160       0x1c /opt/toolchain/gcc-arm-none-eabi-5_4-2016q3/bin/../lib/gcc/arm-none-eabi/5.4.1/armv7-m/crtbegin.o
 *(.bss*)
 .bss.cfgidx.7526
                0x2000017c        0x1 build/usbd_ctlreq.o
 .bss.ifalt.7521
                0x2000017d        0x1 build/usbd_cdc.o
 *fill*         0x2000017e        0x2 
 .bss.mem.7680  0x20000180      0x220 build/usbd_conf.o
 *(COMMON)
 COMMON         0x200003a0        0x4 build/stm32f1xx_hal.o
                0x200003a0                uwTick
 COMMON         0x200003a4      0x800 build/main.o
                0x200003a4                UserRxBufferFS
 COMMON         0x20000ba4      0x224 build/usb_device.o
                0x20000ba4                hUsbDeviceFS
 COMMON         0x20000dc8      0x200 build/usbd_desc.o
                0x20000dc8                USBD_StrDesc
 COMMON         0x20000fc8      0x800 build/usbd_cdc_if.o
                0x20000fc8                UserTxBufferFS
 COMMON         0x200017c8      0x460 build/usbd_conf.o
                0x200017c8                hpcd_USB_FS
                0x20001c28                . = ALIGN (0x4)
                0x20001c28                _ebss = .
                0x20001c28                __bss_end__ = _ebss

._user_heap_stack
                0x20001c28      0x600 load address 0x080032b4
                0x20001c28                . = ALIGN (0x8)
                [!provide]                PROVIDE (end, .)
                [!provide]                PROVIDE (_end, .)
                0x20001e28                . = (. + _Min_Heap_Size)
 *fill*         0x20001c28      0x200 
                0x20002228                . = (. + _Min_Stack_Size)
 *fill*         0x20001e28      0x400 
                0x20002228                . = ALIGN (0x8)

/DISCARD/
 libc.a(*)
 libm.a(*)
 libgcc.a(*)

.ARM.attributes
                0x00000000       0x29
 *(.ARM.attributes)
 .ARM.attributes
                0x00000000       0x1d /opt/toolchain/gcc-arm-none-eabi-5_4-2016q3/bin/../lib/gcc/arm-none-eabi/5.4.1/armv7-m/crti.o
 .ARM.attributes
                0x0000001d       0x2d /opt/toolchain/gcc-arm-none-eabi-5_4-2016q3/bin/../lib/gcc/arm-none-eabi/5.4.1/armv7-m/crtbegin.o
 .ARM.attributes
                0x0000004a       0x33 build/stm32f1xx_hal_gpio.o
 .ARM.attributes
                0x0000007d       0x33 build/stm32f1xx_hal_rcc.o
 .ARM.attributes
                0x000000b0       0x33 build/stm32f1xx_hal_cortex.o
 .ARM.attributes
                0x000000e3       0x33 build/system_stm32f1xx.o
 .ARM.attributes
                0x00000116       0x33 build/stm32f1xx_hal.o
 .ARM.attributes
                0x00000149       0x33 build/main.o
 .ARM.attributes
                0x0000017c       0x33 build/stm32f1xx_hal_msp.o
 .ARM.attributes
                0x000001af       0x33 build/stm32f1xx_hal_rcc_ex.o
 .ARM.attributes
                0x000001e2       0x33 build/stm32f1xx_it.o
 .ARM.attributes
                0x00000215       0x33 build/stm32f1xx_hal_pcd_ex.o
 .ARM.attributes
                0x00000248       0x33 build/usbd_ctlreq.o
 .ARM.attributes
                0x0000027b       0x33 build/usbd_cdc.o
 .ARM.attributes
                0x000002ae       0x33 build/usbd_ioreq.o
 .ARM.attributes
                0x000002e1       0x33 build/stm32f1xx_hal_pcd.o
 .ARM.attributes
                0x00000314       0x33 build/usb_device.o
 .ARM.attributes
                0x00000347       0x33 build/usbd_core.o
 .ARM.attributes
                0x0000037a       0x33 build/usbd_desc.o
 .ARM.attributes
                0x000003ad       0x33 build/stm32f1xx_ll_usb.o
 .ARM.attributes
                0x000003e0       0x33 build/usbd_cdc_if.o
 .ARM.attributes
                0x00000413       0x33 build/usbd_conf.o
 .ARM.attributes
                0x00000446       0x21 build/startup_stm32f103xb.o
 .ARM.attributes
                0x00000467       0x2d /opt/toolchain/gcc-arm-none-eabi-5_4-2016q3/bin/../lib/gcc/arm-none-eabi/5.4.1/../../../../arm-none-eabi/lib/armv7-m/libc_nano.a(lib_a-init.o)
 .ARM.attributes
                0x00000494       0x1d /opt/toolchain/gcc-arm-none-eabi-5_4-2016q3/bin/../lib/gcc/arm-none-eabi/5.4.1/armv7-m/crtn.o
OUTPUT(build/stm32f103_MakefileTemplate.elf elf32-littlearm)

.debug_info     0x00000000     0xcb20
 .debug_info    0x00000000      0x66e build/stm32f1xx_hal_gpio.o
 .debug_info    0x0000066e      0xa1d build/stm32f1xx_hal_rcc.o
 .debug_info    0x0000108b      0xcd0 build/stm32f1xx_hal_cortex.o
 .debug_info    0x00001d5b      0x437 build/system_stm32f1xx.o
 .debug_info    0x00002192      0x701 build/stm32f1xx_hal.o
 .debug_info    0x00002893      0x98d build/main.o
 .debug_info    0x00003220      0x3ed build/stm32f1xx_hal_msp.o
 .debug_info    0x0000360d      0x44e build/stm32f1xx_hal_rcc_ex.o
 .debug_info    0x00003a5b      0x67f build/stm32f1xx_it.o
 .debug_info    0x000040da      0x624 build/stm32f1xx_hal_pcd_ex.o
 .debug_info    0x000046fe      0xeb4 build/usbd_ctlreq.o
 .debug_info    0x000055b2      0xde1 build/usbd_cdc.o
 .debug_info    0x00006393      0x7fb build/usbd_ioreq.o
 .debug_info    0x00006b8e     0x12ad build/stm32f1xx_hal_pcd.o
 .debug_info    0x00007e3b      0x733 build/usb_device.o
 .debug_info    0x0000856e      0xd29 build/usbd_core.o
 .debug_info    0x00009297      0x4fe build/usbd_desc.o
 .debug_info    0x00009795      0xfd8 build/stm32f1xx_ll_usb.o
 .debug_info    0x0000a76d      0x942 build/usbd_cdc_if.o
 .debug_info    0x0000b0af     0x19e6 build/usbd_conf.o
 .debug_info    0x0000ca95       0x8b build/startup_stm32f103xb.o

.debug_abbrev   0x00000000     0x26ec
 .debug_abbrev  0x00000000      0x202 build/stm32f1xx_hal_gpio.o
 .debug_abbrev  0x00000202      0x27b build/stm32f1xx_hal_rcc.o
 .debug_abbrev  0x0000047d      0x2ee build/stm32f1xx_hal_cortex.o
 .debug_abbrev  0x0000076b      0x124 build/system_stm32f1xx.o
 .debug_abbrev  0x0000088f      0x202 build/stm32f1xx_hal.o
 .debug_abbrev  0x00000a91      0x1f4 build/main.o
 .debug_abbrev  0x00000c85      0x114 build/stm32f1xx_hal_msp.o
 .debug_abbrev  0x00000d99      0x1b6 build/stm32f1xx_hal_rcc_ex.o
 .debug_abbrev  0x00000f4f      0x176 build/stm32f1xx_it.o
 .debug_abbrev  0x000010c5      0x15e build/stm32f1xx_hal_pcd_ex.o
 .debug_abbrev  0x00001223      0x277 build/usbd_ctlreq.o
 .debug_abbrev  0x0000149a      0x271 build/usbd_cdc.o
 .debug_abbrev  0x0000170b      0x149 build/usbd_ioreq.o
 .debug_abbrev  0x00001854      0x2b4 build/stm32f1xx_hal_pcd.o
 .debug_abbrev  0x00001b08      0x16a build/usb_device.o
 .debug_abbrev  0x00001c72      0x218 build/usbd_core.o
 .debug_abbrev  0x00001e8a      0x183 build/usbd_desc.o
 .debug_abbrev  0x0000200d      0x1fb build/stm32f1xx_ll_usb.o
 .debug_abbrev  0x00002208      0x21b build/usbd_cdc_if.o
 .debug_abbrev  0x00002423      0x2b7 build/usbd_conf.o
 .debug_abbrev  0x000026da       0x12 build/startup_stm32f103xb.o

.debug_loc      0x00000000     0x616d
 .debug_loc     0x00000000      0x41b build/stm32f1xx_hal_gpio.o
 .debug_loc     0x0000041b      0x61c build/stm32f1xx_hal_rcc.o
 .debug_loc     0x00000a37      0x59f build/stm32f1xx_hal_cortex.o
 .debug_loc     0x00000fd6       0xdf build/system_stm32f1xx.o
 .debug_loc     0x000010b5      0x101 build/stm32f1xx_hal.o
 .debug_loc     0x000011b6       0xbd build/main.o
 .debug_loc     0x00001273       0x38 build/stm32f1xx_hal_msp.o
 .debug_loc     0x000012ab      0x344 build/stm32f1xx_hal_rcc_ex.o
 .debug_loc     0x000015ef       0x40 build/stm32f1xx_it.o
 .debug_loc     0x0000162f       0xff build/stm32f1xx_hal_pcd_ex.o
 .debug_loc     0x0000172e      0xcc2 build/usbd_ctlreq.o
 .debug_loc     0x000023f0      0x5b5 build/usbd_cdc.o
 .debug_loc     0x000029a5      0x31c build/usbd_ioreq.o
 .debug_loc     0x00002cc1      0xc80 build/stm32f1xx_hal_pcd.o
 .debug_loc     0x00003941       0x20 build/usb_device.o
 .debug_loc     0x00003961      0x7b5 build/usbd_core.o
 .debug_loc     0x00004116      0x357 build/usbd_desc.o
 .debug_loc     0x0000446d      0xc9e build/stm32f1xx_ll_usb.o
 .debug_loc     0x0000510b      0x18b build/usbd_cdc_if.o
 .debug_loc     0x00005296      0xed7 build/usbd_conf.o

.debug_aranges  0x00000000      0x9a0
 .debug_aranges
                0x00000000       0x58 build/stm32f1xx_hal_gpio.o
 .debug_aranges
                0x00000058       0x90 build/stm32f1xx_hal_rcc.o
 .debug_aranges
                0x000000e8       0x90 build/stm32f1xx_hal_cortex.o
 .debug_aranges
                0x00000178       0x28 build/system_stm32f1xx.o
 .debug_aranges
                0x000001a0       0xb8 build/stm32f1xx_hal.o
 .debug_aranges
                0x00000258       0x40 build/main.o
 .debug_aranges
                0x00000298       0x20 build/stm32f1xx_hal_msp.o
 .debug_aranges
                0x000002b8       0x30 build/stm32f1xx_hal_rcc_ex.o
 .debug_aranges
                0x000002e8       0x68 build/stm32f1xx_it.o
 .debug_aranges
                0x00000350       0x28 build/stm32f1xx_hal_pcd_ex.o
 .debug_aranges
                0x00000378       0x88 build/usbd_ctlreq.o
 .debug_aranges
                0x00000400       0x90 build/usbd_cdc.o
 .debug_aranges
                0x00000490       0x50 build/usbd_ioreq.o
 .debug_aranges
                0x000004e0      0x120 build/stm32f1xx_hal_pcd.o
 .debug_aranges
                0x00000600       0x20 build/usb_device.o
 .debug_aranges
                0x00000620       0xb8 build/usbd_core.o
 .debug_aranges
                0x000006d8       0x50 build/usbd_desc.o
 .debug_aranges
                0x00000728      0x100 build/stm32f1xx_ll_usb.o
 .debug_aranges
                0x00000828       0x40 build/usbd_cdc_if.o
 .debug_aranges
                0x00000868      0x110 build/usbd_conf.o
 .debug_aranges
                0x00000978       0x28 build/startup_stm32f103xb.o

.debug_ranges   0x00000000      0x888
 .debug_ranges  0x00000000       0x48 build/stm32f1xx_hal_gpio.o
 .debug_ranges  0x00000048       0x98 build/stm32f1xx_hal_rcc.o
 .debug_ranges  0x000000e0       0x80 build/stm32f1xx_hal_cortex.o
 .debug_ranges  0x00000160       0x18 build/system_stm32f1xx.o
 .debug_ranges  0x00000178       0xa8 build/stm32f1xx_hal.o
 .debug_ranges  0x00000220       0x30 build/main.o
 .debug_ranges  0x00000250       0x10 build/stm32f1xx_hal_msp.o
 .debug_ranges  0x00000260       0x38 build/stm32f1xx_hal_rcc_ex.o
 .debug_ranges  0x00000298       0x58 build/stm32f1xx_it.o
 .debug_ranges  0x000002f0       0x18 build/stm32f1xx_hal_pcd_ex.o
 .debug_ranges  0x00000308       0x78 build/usbd_ctlreq.o
 .debug_ranges  0x00000380       0x80 build/usbd_cdc.o
 .debug_ranges  0x00000400       0x40 build/usbd_ioreq.o
 .debug_ranges  0x00000440      0x110 build/stm32f1xx_hal_pcd.o
 .debug_ranges  0x00000550       0x10 build/usb_device.o
 .debug_ranges  0x00000560       0xa8 build/usbd_core.o
 .debug_ranges  0x00000608       0x40 build/usbd_desc.o
 .debug_ranges  0x00000648       0xf0 build/stm32f1xx_ll_usb.o
 .debug_ranges  0x00000738       0x30 build/usbd_cdc_if.o
 .debug_ranges  0x00000768      0x100 build/usbd_conf.o
 .debug_ranges  0x00000868       0x20 build/startup_stm32f103xb.o

.debug_line     0x00000000     0x3efc
 .debug_line    0x00000000      0x34a build/stm32f1xx_hal_gpio.o
 .debug_line    0x0000034a      0x4da build/stm32f1xx_hal_rcc.o
 .debug_line    0x00000824      0x310 build/stm32f1xx_hal_cortex.o
 .debug_line    0x00000b34      0x198 build/system_stm32f1xx.o
 .debug_line    0x00000ccc      0x337 build/stm32f1xx_hal.o
 .debug_line    0x00001003      0x295 build/main.o
 .debug_line    0x00001298      0x19e build/stm32f1xx_hal_msp.o
 .debug_line    0x00001436      0x2ac build/stm32f1xx_hal_rcc_ex.o
 .debug_line    0x000016e2      0x278 build/stm32f1xx_it.o
 .debug_line    0x0000195a      0x1f7 build/stm32f1xx_hal_pcd_ex.o
 .debug_line    0x00001b51      0x368 build/usbd_ctlreq.o
 .debug_line    0x00001eb9      0x35d build/usbd_cdc.o
 .debug_line    0x00002216      0x207 build/usbd_ioreq.o
 .debug_line    0x0000241d      0x681 build/stm32f1xx_hal_pcd.o
 .debug_line    0x00002a9e      0x1cf build/usb_device.o
 .debug_line    0x00002c6d      0x37b build/usbd_core.o
 .debug_line    0x00002fe8      0x1db build/usbd_desc.o
 .debug_line    0x000031c3      0x5e6 build/stm32f1xx_ll_usb.o
 .debug_line    0x000037a9      0x212 build/usbd_cdc_if.o
 .debug_line    0x000039bb      0x4cf build/usbd_conf.o
 .debug_line    0x00003e8a       0x72 build/startup_stm32f103xb.o

.debug_str      0x00000000     0x27e1
 .debug_str     0x00000000      0x3b5 build/stm32f1xx_hal_gpio.o
                                0x43c (size before relaxing)
 .debug_str     0x000003b5      0x39f build/stm32f1xx_hal_rcc.o
                                0x651 (size before relaxing)
 .debug_str     0x00000754      0x605 build/stm32f1xx_hal_cortex.o
                                0x8e1 (size before relaxing)
 .debug_str     0x00000d59       0x4a build/system_stm32f1xx.o
                                0x2e3 (size before relaxing)
 .debug_str     0x00000da3      0x1b3 build/stm32f1xx_hal.o
                                0x77b (size before relaxing)
 .debug_str     0x00000f56      0x146 build/main.o
                                0x876 (size before relaxing)
 .debug_str     0x0000109c       0x18 build/stm32f1xx_hal_msp.o
                                0x529 (size before relaxing)
 .debug_str     0x000010b4       0x9c build/stm32f1xx_hal_rcc_ex.o
                                0x409 (size before relaxing)
 .debug_str     0x00001150      0x368 build/stm32f1xx_it.o
                                0x5b7 (size before relaxing)
 .debug_str     0x000014b8       0x7e build/stm32f1xx_hal_pcd_ex.o
                                0x573 (size before relaxing)
 .debug_str     0x00001536      0x4f4 build/usbd_ctlreq.o
                                0x774 (size before relaxing)
 .debug_str     0x00001a2a      0x31e build/usbd_cdc.o
                                0x8e0 (size before relaxing)
 .debug_str     0x00001d48       0x90 build/usbd_ioreq.o
                                0x6a1 (size before relaxing)
 .debug_str     0x00001dd8      0x502 build/stm32f1xx_hal_pcd.o
                                0xa48 (size before relaxing)
 .debug_str     0x000022da       0x65 build/usb_device.o
                                0x671 (size before relaxing)
 .debug_str     0x0000233f      0x193 build/usbd_core.o
                                0x85a (size before relaxing)
 .debug_str     0x000024d2      0x10b build/usbd_desc.o
                                0x401 (size before relaxing)
 .debug_str     0x000025dd      0x151 build/stm32f1xx_ll_usb.o
                                0x746 (size before relaxing)
 .debug_str     0x0000272e       0x60 build/usbd_cdc_if.o
                                0x753 (size before relaxing)
 .debug_str     0x0000278e       0x53 build/usbd_conf.o
                               0x1132 (size before relaxing)

.comment        0x00000000       0x6e
 .comment       0x00000000       0x6e build/stm32f1xx_hal_gpio.o
                                 0x6f (size before relaxing)
 .comment       0x0000006e       0x6f build/stm32f1xx_hal_rcc.o
 .comment       0x0000006e       0x6f build/stm32f1xx_hal_cortex.o
 .comment       0x0000006e       0x6f build/system_stm32f1xx.o
 .comment       0x0000006e       0x6f build/stm32f1xx_hal.o
 .comment       0x0000006e       0x6f build/main.o
 .comment       0x0000006e       0x6f build/stm32f1xx_hal_msp.o
 .comment       0x0000006e       0x6f build/stm32f1xx_hal_rcc_ex.o
 .comment       0x0000006e       0x6f build/stm32f1xx_it.o
 .comment       0x0000006e       0x6f build/stm32f1xx_hal_pcd_ex.o
 .comment       0x0000006e       0x6f build/usbd_ctlreq.o
 .comment       0x0000006e       0x6f build/usbd_cdc.o
 .comment       0x0000006e       0x6f build/usbd_ioreq.o
 .comment       0x0000006e       0x6f build/stm32f1xx_hal_pcd.o
 .comment       0x0000006e       0x6f build/usb_device.o
 .comment       0x0000006e       0x6f build/usbd_core.o
 .comment       0x0000006e       0x6f build/usbd_desc.o
 .comment       0x0000006e       0x6f build/stm32f1xx_ll_usb.o
 .comment       0x0000006e       0x6f build/usbd_cdc_if.o
 .comment       0x0000006e       0x6f build/usbd_conf.o

.debug_frame    0x00000000     0x17e4
 .debug_frame   0x00000000       0xd4 build/stm32f1xx_hal_gpio.o
 .debug_frame   0x000000d4      0x180 build/stm32f1xx_hal_rcc.o
 .debug_frame   0x00000254      0x134 build/stm32f1xx_hal_cortex.o
 .debug_frame   0x00000388       0x30 build/system_stm32f1xx.o
 .debug_frame   0x000003b8      0x188 build/stm32f1xx_hal.o
 .debug_frame   0x00000540       0x94 build/main.o
 .debug_frame   0x000005d4       0x2c build/stm32f1xx_hal_msp.o
 .debug_frame   0x00000600       0x70 build/stm32f1xx_hal_rcc_ex.o
 .debug_frame   0x00000670       0xc8 build/stm32f1xx_it.o
 .debug_frame   0x00000738       0x3c build/stm32f1xx_hal_pcd_ex.o
 .debug_frame   0x00000774      0x1ac build/usbd_ctlreq.o
 .debug_frame   0x00000920      0x174 build/usbd_cdc.o
 .debug_frame   0x00000a94       0xd4 build/usbd_ioreq.o
 .debug_frame   0x00000b68      0x360 build/stm32f1xx_hal_pcd.o
 .debug_frame   0x00000ec8       0x2c build/usb_device.o
 .debug_frame   0x00000ef4      0x1ec build/usbd_core.o
 .debug_frame   0x000010e0       0xbc build/usbd_desc.o
 .debug_frame   0x0000119c      0x244 build/stm32f1xx_ll_usb.o
 .debug_frame   0x000013e0       0x8c build/usbd_cdc_if.o
 .debug_frame   0x0000146c      0x34c build/usbd_conf.o
 .debug_frame   0x000017b8       0x2c /opt/toolchain/gcc-arm-none-eabi-5_4-2016q3/bin/../lib/gcc/arm-none-eabi/5.4.1/../../../../arm-none-eabi/lib/armv7-m/libc_nano.a(lib_a-init.o)

Cross Reference Table

Symbol                                            File
ADC1_2_IRQHandler                                 build/startup_stm32f103xb.o
AHBPrescTable                                     build/system_stm32f1xx.o
                                                  build/stm32f1xx_hal_rcc.o
APBPrescTable                                     build/system_stm32f1xx.o
                                                  build/stm32f1xx_hal_rcc.o
BusFault_Handler                                  build/stm32f1xx_it.o
CAN1_RX1_IRQHandler                               build/startup_stm32f103xb.o
CAN1_SCE_IRQHandler                               build/startup_stm32f103xb.o
CDC_Transmit_FS                                   build/usbd_cdc_if.o
                                                  build/main.o
DMA1_Channel1_IRQHandler                          build/startup_stm32f103xb.o
DMA1_Channel2_IRQHandler                          build/startup_stm32f103xb.o
DMA1_Channel3_IRQHandler                          build/startup_stm32f103xb.o
DMA1_Channel4_IRQHandler                          build/startup_stm32f103xb.o
DMA1_Channel5_IRQHandler                          build/startup_stm32f103xb.o
DMA1_Channel6_IRQHandler                          build/startup_stm32f103xb.o
DMA1_Channel7_IRQHandler                          build/startup_stm32f103xb.o
DebugMon_Handler                                  build/stm32f1xx_it.o
Default_Handler                                   build/startup_stm32f103xb.o
Delay                                             build/main.o
EXTI0_IRQHandler                                  build/startup_stm32f103xb.o
EXTI15_10_IRQHandler                              build/startup_stm32f103xb.o
EXTI1_IRQHandler                                  build/startup_stm32f103xb.o
EXTI2_IRQHandler                                  build/startup_stm32f103xb.o
EXTI3_IRQHandler                                  build/startup_stm32f103xb.o
EXTI4_IRQHandler                                  build/startup_stm32f103xb.o
EXTI9_5_IRQHandler                                build/startup_stm32f103xb.o
FLASH_IRQHandler                                  build/startup_stm32f103xb.o
FLASH_PageErase                                   build/stm32f1xx_hal_flash_ex.o
                                                  build/stm32f1xx_hal_flash.o
FLASH_WaitForLastOperation                        build/stm32f1xx_hal_flash.o
                                                  build/stm32f1xx_hal_flash_ex.o
FS_Desc                                           build/usbd_desc.o
                                                  build/usb_device.o
HAL_DBGMCU_DisableDBGSleepMode                    build/stm32f1xx_hal.o
HAL_DBGMCU_DisableDBGStandbyMode                  build/stm32f1xx_hal.o
HAL_DBGMCU_DisableDBGStopMode                     build/stm32f1xx_hal.o
HAL_DBGMCU_EnableDBGSleepMode                     build/stm32f1xx_hal.o
HAL_DBGMCU_EnableDBGStandbyMode                   build/stm32f1xx_hal.o
HAL_DBGMCU_EnableDBGStopMode                      build/stm32f1xx_hal.o
HAL_DMA_Abort                                     build/stm32f1xx_hal_dma.o
HAL_DMA_Abort_IT                                  build/stm32f1xx_hal_dma.o
HAL_DMA_DeInit                                    build/stm32f1xx_hal_dma.o
HAL_DMA_GetError                                  build/stm32f1xx_hal_dma.o
HAL_DMA_GetState                                  build/stm32f1xx_hal_dma.o
HAL_DMA_IRQHandler                                build/stm32f1xx_hal_dma.o
HAL_DMA_Init                                      build/stm32f1xx_hal_dma.o
HAL_DMA_PollForTransfer                           build/stm32f1xx_hal_dma.o
HAL_DMA_RegisterCallback                          build/stm32f1xx_hal_dma.o
HAL_DMA_Start                                     build/stm32f1xx_hal_dma.o
HAL_DMA_Start_IT                                  build/stm32f1xx_hal_dma.o
HAL_DMA_UnRegisterCallback                        build/stm32f1xx_hal_dma.o
HAL_DeInit                                        build/stm32f1xx_hal.o
HAL_Delay                                         build/stm32f1xx_hal.o
                                                  build/usbd_conf.o
HAL_FLASHEx_Erase                                 build/stm32f1xx_hal_flash_ex.o
HAL_FLASHEx_Erase_IT                              build/stm32f1xx_hal_flash_ex.o
HAL_FLASHEx_OBErase                               build/stm32f1xx_hal_flash_ex.o
HAL_FLASHEx_OBGetConfig                           build/stm32f1xx_hal_flash_ex.o
HAL_FLASHEx_OBGetUserData                         build/stm32f1xx_hal_flash_ex.o
HAL_FLASHEx_OBProgram                             build/stm32f1xx_hal_flash_ex.o
HAL_FLASH_EndOfOperationCallback                  build/stm32f1xx_hal_flash.o
HAL_FLASH_GetError                                build/stm32f1xx_hal_flash.o
HAL_FLASH_IRQHandler                              build/stm32f1xx_hal_flash.o
HAL_FLASH_Lock                                    build/stm32f1xx_hal_flash.o
HAL_FLASH_OB_Launch                               build/stm32f1xx_hal_flash.o
HAL_FLASH_OB_Lock                                 build/stm32f1xx_hal_flash.o
HAL_FLASH_OB_Unlock                               build/stm32f1xx_hal_flash.o
HAL_FLASH_OperationErrorCallback                  build/stm32f1xx_hal_flash.o
HAL_FLASH_Program                                 build/stm32f1xx_hal_flash.o
HAL_FLASH_Program_IT                              build/stm32f1xx_hal_flash.o
HAL_FLASH_Unlock                                  build/stm32f1xx_hal_flash.o
HAL_GPIOEx_ConfigEventout                         build/stm32f1xx_hal_gpio_ex.o
HAL_GPIOEx_DisableEventout                        build/stm32f1xx_hal_gpio_ex.o
HAL_GPIOEx_EnableEventout                         build/stm32f1xx_hal_gpio_ex.o
HAL_GPIO_DeInit                                   build/stm32f1xx_hal_gpio.o
HAL_GPIO_EXTI_Callback                            build/stm32f1xx_hal_gpio.o
HAL_GPIO_EXTI_IRQHandler                          build/stm32f1xx_hal_gpio.o
HAL_GPIO_Init                                     build/stm32f1xx_hal_gpio.o
                                                  build/main.o
                                                  build/stm32f1xx_hal_rcc.o
HAL_GPIO_LockPin                                  build/stm32f1xx_hal_gpio.o
HAL_GPIO_ReadPin                                  build/stm32f1xx_hal_gpio.o
HAL_GPIO_TogglePin                                build/stm32f1xx_hal_gpio.o
HAL_GPIO_WritePin                                 build/stm32f1xx_hal_gpio.o
                                                  build/main.o
HAL_GetDEVID                                      build/stm32f1xx_hal.o
HAL_GetHalVersion                                 build/stm32f1xx_hal.o
HAL_GetREVID                                      build/stm32f1xx_hal.o
HAL_GetTick                                       build/stm32f1xx_hal.o
                                                  build/stm32f1xx_hal_rcc_ex.o
                                                  build/stm32f1xx_hal_flash.o
                                                  build/stm32f1xx_hal_rcc.o
                                                  build/stm32f1xx_hal_dma.o
HAL_GetUID                                        build/stm32f1xx_hal.o
HAL_IncTick                                       build/stm32f1xx_hal.o
                                                  build/stm32f1xx_it.o
HAL_Init                                          build/stm32f1xx_hal.o
                                                  build/main.o
HAL_InitTick                                      build/stm32f1xx_hal.o
                                                  build/stm32f1xx_hal_rcc.o
HAL_MspDeInit                                     build/stm32f1xx_hal.o
HAL_MspInit                                       build/stm32f1xx_hal_msp.o
                                                  build/stm32f1xx_hal.o
HAL_NVIC_ClearPendingIRQ                          build/stm32f1xx_hal_cortex.o
HAL_NVIC_DisableIRQ                               build/stm32f1xx_hal_cortex.o
                                                  build/usbd_conf.o
HAL_NVIC_EnableIRQ                                build/stm32f1xx_hal_cortex.o
                                                  build/usbd_conf.o
HAL_NVIC_GetActive                                build/stm32f1xx_hal_cortex.o
HAL_NVIC_GetPendingIRQ                            build/stm32f1xx_hal_cortex.o
HAL_NVIC_GetPriority                              build/stm32f1xx_hal_cortex.o
HAL_NVIC_GetPriorityGrouping                      build/stm32f1xx_hal_cortex.o
HAL_NVIC_SetPendingIRQ                            build/stm32f1xx_hal_cortex.o
HAL_NVIC_SetPriority                              build/stm32f1xx_hal_cortex.o
                                                  build/usbd_conf.o
                                                  build/stm32f1xx_hal_msp.o
                                                  build/main.o
                                                  build/stm32f1xx_hal.o
HAL_NVIC_SetPriorityGrouping                      build/stm32f1xx_hal_cortex.o
                                                  build/stm32f1xx_hal_msp.o
                                                  build/stm32f1xx_hal.o
HAL_NVIC_SystemReset                              build/stm32f1xx_hal_cortex.o
                                                  build/stm32f1xx_hal_flash.o
HAL_PCDEx_PMAConfig                               build/stm32f1xx_hal_pcd_ex.o
                                                  build/usbd_conf.o
HAL_PCDEx_SetConnectionState                      build/usbd_conf.o
                                                  build/stm32f1xx_hal_pcd_ex.o
                                                  build/stm32f1xx_hal_pcd.o
HAL_PCD_ActivateRemoteWakeup                      build/stm32f1xx_hal_pcd.o
HAL_PCD_ConnectCallback                           build/usbd_conf.o
                                                  build/stm32f1xx_hal_pcd.o
HAL_PCD_DataInStageCallback                       build/usbd_conf.o
                                                  build/stm32f1xx_hal_pcd.o
HAL_PCD_DataOutStageCallback                      build/usbd_conf.o
                                                  build/stm32f1xx_hal_pcd.o
HAL_PCD_DeActivateRemoteWakeup                    build/stm32f1xx_hal_pcd.o
HAL_PCD_DeInit                                    build/stm32f1xx_hal_pcd.o
                                                  build/usbd_conf.o
HAL_PCD_DevConnect                                build/stm32f1xx_hal_pcd.o
HAL_PCD_DevDisconnect                             build/stm32f1xx_hal_pcd.o
HAL_PCD_DisconnectCallback                        build/usbd_conf.o
                                                  build/stm32f1xx_hal_pcd.o
HAL_PCD_EP_Close                                  build/stm32f1xx_hal_pcd.o
                                                  build/usbd_conf.o
HAL_PCD_EP_ClrStall                               build/stm32f1xx_hal_pcd.o
                                                  build/usbd_conf.o
HAL_PCD_EP_Flush                                  build/stm32f1xx_hal_pcd.o
                                                  build/usbd_conf.o
HAL_PCD_EP_GetRxCount                             build/stm32f1xx_hal_pcd.o
                                                  build/usbd_conf.o
HAL_PCD_EP_Open                                   build/stm32f1xx_hal_pcd.o
                                                  build/usbd_conf.o
HAL_PCD_EP_Receive                                build/stm32f1xx_hal_pcd.o
                                                  build/usbd_conf.o
HAL_PCD_EP_SetStall                               build/stm32f1xx_hal_pcd.o
                                                  build/usbd_conf.o
HAL_PCD_EP_Transmit                               build/stm32f1xx_hal_pcd.o
                                                  build/usbd_conf.o
HAL_PCD_GetState                                  build/stm32f1xx_hal_pcd.o
HAL_PCD_IRQHandler                                build/stm32f1xx_hal_pcd.o
                                                  build/stm32f1xx_it.o
HAL_PCD_ISOINIncompleteCallback                   build/usbd_conf.o
                                                  build/stm32f1xx_hal_pcd.o
HAL_PCD_ISOOUTIncompleteCallback                  build/usbd_conf.o
                                                  build/stm32f1xx_hal_pcd.o
HAL_PCD_Init                                      build/stm32f1xx_hal_pcd.o
                                                  build/usbd_conf.o
HAL_PCD_MspDeInit                                 build/usbd_conf.o
                                                  build/stm32f1xx_hal_pcd.o
HAL_PCD_MspInit                                   build/usbd_conf.o
                                                  build/stm32f1xx_hal_pcd.o
HAL_PCD_ResetCallback                             build/usbd_conf.o
                                                  build/stm32f1xx_hal_pcd.o
HAL_PCD_ResumeCallback                            build/usbd_conf.o
                                                  build/stm32f1xx_hal_pcd.o
HAL_PCD_SOFCallback                               build/usbd_conf.o
                                                  build/stm32f1xx_hal_pcd.o
HAL_PCD_SetAddress                                build/stm32f1xx_hal_pcd.o
                                                  build/usbd_conf.o
HAL_PCD_SetupStageCallback                        build/usbd_conf.o
                                                  build/stm32f1xx_hal_pcd.o
HAL_PCD_Start                                     build/stm32f1xx_hal_pcd.o
                                                  build/usbd_conf.o
HAL_PCD_Stop                                      build/stm32f1xx_hal_pcd.o
                                                  build/usbd_conf.o
HAL_PCD_SuspendCallback                           build/usbd_conf.o
                                                  build/stm32f1xx_hal_pcd.o
HAL_PWR_ConfigPVD                                 build/stm32f1xx_hal_pwr.o
HAL_PWR_DeInit                                    build/stm32f1xx_hal_pwr.o
HAL_PWR_DisableBkUpAccess                         build/stm32f1xx_hal_pwr.o
HAL_PWR_DisablePVD                                build/stm32f1xx_hal_pwr.o
HAL_PWR_DisableSEVOnPend                          build/stm32f1xx_hal_pwr.o
HAL_PWR_DisableSleepOnExit                        build/stm32f1xx_hal_pwr.o
HAL_PWR_DisableWakeUpPin                          build/stm32f1xx_hal_pwr.o
HAL_PWR_EnableBkUpAccess                          build/stm32f1xx_hal_pwr.o
HAL_PWR_EnablePVD                                 build/stm32f1xx_hal_pwr.o
HAL_PWR_EnableSEVOnPend                           build/stm32f1xx_hal_pwr.o
HAL_PWR_EnableSleepOnExit                         build/stm32f1xx_hal_pwr.o
HAL_PWR_EnableWakeUpPin                           build/stm32f1xx_hal_pwr.o
HAL_PWR_EnterSLEEPMode                            build/stm32f1xx_hal_pwr.o
HAL_PWR_EnterSTANDBYMode                          build/stm32f1xx_hal_pwr.o
HAL_PWR_EnterSTOPMode                             build/stm32f1xx_hal_pwr.o
HAL_PWR_PVDCallback                               build/stm32f1xx_hal_pwr.o
HAL_PWR_PVD_IRQHandler                            build/stm32f1xx_hal_pwr.o
HAL_RCCEx_GetPeriphCLKConfig                      build/stm32f1xx_hal_rcc_ex.o
HAL_RCCEx_GetPeriphCLKFreq                        build/stm32f1xx_hal_rcc_ex.o
HAL_RCCEx_PeriphCLKConfig                         build/stm32f1xx_hal_rcc_ex.o
                                                  build/main.o
HAL_RCC_CSSCallback                               build/stm32f1xx_hal_rcc.o
HAL_RCC_ClockConfig                               build/stm32f1xx_hal_rcc.o
                                                  build/main.o
HAL_RCC_DeInit                                    build/stm32f1xx_hal_rcc.o
HAL_RCC_DisableCSS                                build/stm32f1xx_hal_rcc.o
HAL_RCC_EnableCSS                                 build/stm32f1xx_hal_rcc.o
HAL_RCC_GetClockConfig                            build/stm32f1xx_hal_rcc.o
HAL_RCC_GetHCLKFreq                               build/stm32f1xx_hal_rcc.o
                                                  build/main.o
HAL_RCC_GetOscConfig                              build/stm32f1xx_hal_rcc.o
HAL_RCC_GetPCLK1Freq                              build/stm32f1xx_hal_rcc.o
HAL_RCC_GetPCLK2Freq                              build/stm32f1xx_hal_rcc.o
                                                  build/stm32f1xx_hal_rcc_ex.o
HAL_RCC_GetSysClockFreq                           build/stm32f1xx_hal_rcc.o
HAL_RCC_MCOConfig                                 build/stm32f1xx_hal_rcc.o
HAL_RCC_NMI_IRQHandler                            build/stm32f1xx_hal_rcc.o
HAL_RCC_OscConfig                                 build/stm32f1xx_hal_rcc.o
                                                  build/main.o
HAL_ResumeTick                                    build/stm32f1xx_hal.o
HAL_SYSTICK_CLKSourceConfig                       build/stm32f1xx_hal_cortex.o
                                                  build/main.o
HAL_SYSTICK_Callback                              build/stm32f1xx_hal_cortex.o
HAL_SYSTICK_Config                                build/stm32f1xx_hal_cortex.o
                                                  build/main.o
                                                  build/stm32f1xx_hal.o
HAL_SYSTICK_IRQHandler                            build/stm32f1xx_hal_cortex.o
                                                  build/stm32f1xx_it.o
HAL_SuspendTick                                   build/stm32f1xx_hal.o
HardFault_Handler                                 build/stm32f1xx_it.o
I2C1_ER_IRQHandler                                build/startup_stm32f103xb.o
I2C1_EV_IRQHandler                                build/startup_stm32f103xb.o
I2C2_ER_IRQHandler                                build/startup_stm32f103xb.o
I2C2_EV_IRQHandler                                build/startup_stm32f103xb.o
MX_USB_DEVICE_Init                                build/usb_device.o
                                                  build/main.o
MemManage_Handler                                 build/stm32f1xx_it.o
NMI_Handler                                       build/stm32f1xx_it.o
PVD_IRQHandler                                    build/startup_stm32f103xb.o
PendSV_Handler                                    build/stm32f1xx_it.o
RCC_IRQHandler                                    build/startup_stm32f103xb.o
RTC_Alarm_IRQHandler                              build/startup_stm32f103xb.o
RTC_IRQHandler                                    build/startup_stm32f103xb.o
Reset_Handler                                     build/startup_stm32f103xb.o
SPI1_IRQHandler                                   build/startup_stm32f103xb.o
SPI2_IRQHandler                                   build/startup_stm32f103xb.o
SVC_Handler                                       build/stm32f1xx_it.o
SysTick_Handler                                   build/stm32f1xx_it.o
SystemClock_Config                                build/main.o
SystemCoreClock                                   build/system_stm32f1xx.o
                                                  build/stm32f1xx_hal.o
                                                  build/stm32f1xx_hal_rcc.o
SystemCoreClockUpdate                             build/system_stm32f1xx.o
SystemInit                                        build/system_stm32f1xx.o
                                                  build/startup_stm32f103xb.o
TAMPER_IRQHandler                                 build/startup_stm32f103xb.o
TIM1_BRK_IRQHandler                               build/startup_stm32f103xb.o
TIM1_CC_IRQHandler                                build/startup_stm32f103xb.o
TIM1_TRG_COM_IRQHandler                           build/startup_stm32f103xb.o
TIM1_UP_IRQHandler                                build/startup_stm32f103xb.o
TIM2_IRQHandler                                   build/startup_stm32f103xb.o
TIM3_IRQHandler                                   build/startup_stm32f103xb.o
TIM4_IRQHandler                                   build/startup_stm32f103xb.o
USART1_IRQHandler                                 build/startup_stm32f103xb.o
USART2_IRQHandler                                 build/startup_stm32f103xb.o
USART3_IRQHandler                                 build/startup_stm32f103xb.o
USBD_CDC                                          build/usbd_cdc.o
                                                  build/usb_device.o
USBD_CDC_CfgFSDesc                                build/usbd_cdc.o
USBD_CDC_CfgHSDesc                                build/usbd_cdc.o
USBD_CDC_GetDeviceQualifierDescriptor             build/usbd_cdc.o
USBD_CDC_OtherSpeedCfgDesc                        build/usbd_cdc.o
USBD_CDC_ReceivePacket                            build/usbd_cdc.o
                                                  build/usbd_cdc_if.o
USBD_CDC_RegisterInterface                        build/usbd_cdc.o
                                                  build/usb_device.o
USBD_CDC_SetRxBuffer                              build/usbd_cdc.o
                                                  build/usbd_cdc_if.o
USBD_CDC_SetTxBuffer                              build/usbd_cdc.o
                                                  build/usbd_cdc_if.o
USBD_CDC_TransmitPacket                           build/usbd_cdc.o
                                                  build/usbd_cdc_if.o
USBD_ClrClassConfig                               build/usbd_core.o
                                                  build/usbd_ctlreq.o
USBD_CtlContinueRx                                build/usbd_ioreq.o
                                                  build/usbd_core.o
USBD_CtlContinueSendData                          build/usbd_ioreq.o
                                                  build/usbd_core.o
USBD_CtlError                                     build/usbd_ctlreq.o
USBD_CtlPrepareRx                                 build/usbd_ioreq.o
                                                  build/usbd_cdc.o
USBD_CtlReceiveStatus                             build/usbd_ioreq.o
                                                  build/usbd_core.o
USBD_CtlSendData                                  build/usbd_ioreq.o
                                                  build/usbd_cdc.o
                                                  build/usbd_ctlreq.o
USBD_CtlSendStatus                                build/usbd_ioreq.o
                                                  build/usbd_core.o
                                                  build/usbd_ctlreq.o
USBD_DeInit                                       build/usbd_core.o
USBD_FS_ConfigStrDescriptor                       build/usbd_desc.o
USBD_FS_DeviceDesc                                build/usbd_desc.o
USBD_FS_DeviceDescriptor                          build/usbd_desc.o
USBD_FS_InterfaceStrDescriptor                    build/usbd_desc.o
USBD_FS_LangIDStrDescriptor                       build/usbd_desc.o
USBD_FS_ManufacturerStrDescriptor                 build/usbd_desc.o
USBD_FS_ProductStrDescriptor                      build/usbd_desc.o
USBD_FS_SerialStrDescriptor                       build/usbd_desc.o
USBD_GetRxCount                                   build/usbd_ioreq.o
USBD_GetString                                    build/usbd_ctlreq.o
                                                  build/usbd_desc.o
USBD_Init                                         build/usbd_core.o
                                                  build/usb_device.o
USBD_Interface_fops_FS                            build/usbd_cdc_if.o
                                                  build/usb_device.o
USBD_LL_ClearStallEP                              build/usbd_conf.o
                                                  build/usbd_ctlreq.o
USBD_LL_CloseEP                                   build/usbd_conf.o
                                                  build/usbd_cdc.o
USBD_LL_DataInStage                               build/usbd_core.o
                                                  build/usbd_conf.o
USBD_LL_DataOutStage                              build/usbd_core.o
                                                  build/usbd_conf.o
USBD_LL_DeInit                                    build/usbd_conf.o
                                                  build/usbd_core.o
USBD_LL_Delay                                     build/usbd_conf.o
USBD_LL_DevConnected                              build/usbd_core.o
                                                  build/usbd_conf.o
USBD_LL_DevDisconnected                           build/usbd_core.o
                                                  build/usbd_conf.o
USBD_LL_FlushEP                                   build/usbd_conf.o
USBD_LL_GetRxDataSize                             build/usbd_conf.o
                                                  build/usbd_ioreq.o
                                                  build/usbd_cdc.o
USBD_LL_Init                                      build/usbd_conf.o
                                                  build/usbd_core.o
USBD_LL_IsStallEP                                 build/usbd_conf.o
                                                  build/usbd_ctlreq.o
USBD_LL_IsoINIncomplete                           build/usbd_core.o
                                                  build/usbd_conf.o
USBD_LL_IsoOUTIncomplete                          build/usbd_core.o
                                                  build/usbd_conf.o
USBD_LL_OpenEP                                    build/usbd_conf.o
                                                  build/usbd_core.o
                                                  build/usbd_cdc.o
USBD_LL_PrepareReceive                            build/usbd_conf.o
                                                  build/usbd_core.o
                                                  build/usbd_ioreq.o
                                                  build/usbd_cdc.o
USBD_LL_Reset                                     build/usbd_core.o
                                                  build/usbd_conf.o
USBD_LL_Resume                                    build/usbd_core.o
                                                  build/usbd_conf.o
USBD_LL_SOF                                       build/usbd_core.o
                                                  build/usbd_conf.o
USBD_LL_SetSpeed                                  build/usbd_core.o
                                                  build/usbd_conf.o
USBD_LL_SetUSBAddress                             build/usbd_conf.o
                                                  build/usbd_ctlreq.o
USBD_LL_SetupStage                                build/usbd_core.o
                                                  build/usbd_conf.o
USBD_LL_StallEP                                   build/usbd_conf.o
                                                  build/usbd_core.o
                                                  build/usbd_ctlreq.o
USBD_LL_Start                                     build/usbd_conf.o
                                                  build/usbd_core.o
USBD_LL_Stop                                      build/usbd_conf.o
                                                  build/usbd_core.o
USBD_LL_Suspend                                   build/usbd_core.o
                                                  build/usbd_conf.o
USBD_LL_Transmit                                  build/usbd_conf.o
                                                  build/usbd_ioreq.o
                                                  build/usbd_cdc.o
USBD_LangIDDesc                                   build/usbd_desc.o
USBD_ParseSetupRequest                            build/usbd_ctlreq.o
                                                  build/usbd_core.o
USBD_RegisterClass                                build/usbd_core.o
                                                  build/usb_device.o
USBD_RunTestMode                                  build/usbd_core.o
USBD_SetClassConfig                               build/usbd_core.o
                                                  build/usbd_ctlreq.o
USBD_Start                                        build/usbd_core.o
                                                  build/usb_device.o
USBD_StdDevReq                                    build/usbd_ctlreq.o
                                                  build/usbd_core.o
USBD_StdEPReq                                     build/usbd_ctlreq.o
                                                  build/usbd_core.o
USBD_StdItfReq                                    build/usbd_ctlreq.o
                                                  build/usbd_core.o
USBD_Stop                                         build/usbd_core.o
USBD_StrDesc                                      build/usbd_desc.o
USBD_static_free                                  build/usbd_conf.o
                                                  build/usbd_cdc.o
USBD_static_malloc                                build/usbd_conf.o
                                                  build/usbd_cdc.o
USBWakeUp_IRQHandler                              build/startup_stm32f103xb.o
USB_ActivateEndpoint                              build/stm32f1xx_ll_usb.o
                                                  build/stm32f1xx_hal_pcd.o
USB_ActivateRemoteWakeup                          build/stm32f1xx_ll_usb.o
                                                  build/stm32f1xx_hal_pcd.o
USB_ClearInterrupts                               build/stm32f1xx_ll_usb.o
USB_CoreInit                                      build/stm32f1xx_ll_usb.o
                                                  build/stm32f1xx_hal_pcd.o
USB_DeActivateRemoteWakeup                        build/stm32f1xx_ll_usb.o
                                                  build/stm32f1xx_hal_pcd.o
USB_DeactivateEndpoint                            build/stm32f1xx_ll_usb.o
                                                  build/stm32f1xx_hal_pcd.o
USB_DevConnect                                    build/stm32f1xx_ll_usb.o
                                                  build/stm32f1xx_hal_pcd.o
USB_DevDisconnect                                 build/stm32f1xx_ll_usb.o
                                                  build/stm32f1xx_hal_pcd.o
USB_DevInit                                       build/stm32f1xx_ll_usb.o
                                                  build/stm32f1xx_hal_pcd.o
USB_DisableGlobalInt                              build/stm32f1xx_ll_usb.o
                                                  build/stm32f1xx_hal_pcd.o
USB_EP0_OutStart                                  build/stm32f1xx_ll_usb.o
                                                  build/stm32f1xx_hal_pcd.o
USB_EPClearStall                                  build/stm32f1xx_ll_usb.o
                                                  build/stm32f1xx_hal_pcd.o
USB_EPSetStall                                    build/stm32f1xx_ll_usb.o
                                                  build/stm32f1xx_hal_pcd.o
USB_EPStartXfer                                   build/stm32f1xx_ll_usb.o
                                                  build/stm32f1xx_hal_pcd.o
USB_EnableGlobalInt                               build/stm32f1xx_ll_usb.o
                                                  build/stm32f1xx_hal_pcd.o
USB_FlushRxFifo                                   build/stm32f1xx_ll_usb.o
                                                  build/stm32f1xx_hal_pcd.o
USB_FlushTxFifo                                   build/stm32f1xx_ll_usb.o
                                                  build/stm32f1xx_hal_pcd.o
USB_HP_CAN1_TX_IRQHandler                         build/startup_stm32f103xb.o
USB_LP_CAN1_RX0_IRQHandler                        build/stm32f1xx_it.o
USB_ReadDevAllInEpInterrupt                       build/stm32f1xx_ll_usb.o
USB_ReadDevAllOutEpInterrupt                      build/stm32f1xx_ll_usb.o
USB_ReadDevInEPInterrupt                          build/stm32f1xx_ll_usb.o
USB_ReadDevOutEPInterrupt                         build/stm32f1xx_ll_usb.o
USB_ReadInterrupts                                build/stm32f1xx_ll_usb.o
                                                  build/stm32f1xx_hal_pcd.o
USB_ReadPMA                                       build/stm32f1xx_ll_usb.o
                                                  build/stm32f1xx_hal_pcd.o
USB_ReadPacket                                    build/stm32f1xx_ll_usb.o
USB_S                                             build/usbd_cdc_if.o
                                                  build/usb_device.o
                                                  build/main.o
USB_SetCurrentMode                                build/stm32f1xx_ll_usb.o
                                                  build/stm32f1xx_hal_pcd.o
USB_SetDevAddress                                 build/stm32f1xx_ll_usb.o
                                                  build/stm32f1xx_hal_pcd.o
USB_StopDevice                                    build/stm32f1xx_ll_usb.o
                                                  build/stm32f1xx_hal_pcd.o
USB_WritePMA                                      build/stm32f1xx_ll_usb.o
                                                  build/stm32f1xx_hal_pcd.o
USB_WritePacket                                   build/stm32f1xx_ll_usb.o
UsageFault_Handler                                build/stm32f1xx_it.o
UserRxBufferFS                                    build/usbd_cdc_if.o
                                                  build/usb_device.o
                                                  build/main.o
UserTxBufferFS                                    build/usbd_cdc_if.o
WWDG_IRQHandler                                   build/startup_stm32f103xb.o
_Error_Handler                                    build/main.o
                                                  build/usbd_conf.o
_Jv_RegisterClasses                               /opt/toolchain/gcc-arm-none-eabi-5_4-2016q3/bin/../lib/gcc/arm-none-eabi/5.4.1/armv7-m/crtbegin.o
__bss_end__                                       /opt/toolchain/gcc-arm-none-eabi-5_4-2016q3/bin/../lib/gcc/arm-none-eabi/5.4.1/../../../../arm-none-eabi/lib/armv7-m/crt0.o
__bss_start__                                     /opt/toolchain/gcc-arm-none-eabi-5_4-2016q3/bin/../lib/gcc/arm-none-eabi/5.4.1/../../../../arm-none-eabi/lib/armv7-m/crt0.o
__call_exitprocs                                  /opt/toolchain/gcc-arm-none-eabi-5_4-2016q3/bin/../lib/gcc/arm-none-eabi/5.4.1/../../../../arm-none-eabi/lib/armv7-m/libc_nano.a(lib_a-exit.o)
__deregister_frame_info                           /opt/toolchain/gcc-arm-none-eabi-5_4-2016q3/bin/../lib/gcc/arm-none-eabi/5.4.1/armv7-m/crtbegin.o
__dso_handle                                      /opt/toolchain/gcc-arm-none-eabi-5_4-2016q3/bin/../lib/gcc/arm-none-eabi/5.4.1/armv7-m/crtbegin.o
__init_array_end                                  /opt/toolchain/gcc-arm-none-eabi-5_4-2016q3/bin/../lib/gcc/arm-none-eabi/5.4.1/../../../../arm-none-eabi/lib/armv7-m/libc_nano.a(lib_a-init.o)
__init_array_start                                /opt/toolchain/gcc-arm-none-eabi-5_4-2016q3/bin/../lib/gcc/arm-none-eabi/5.4.1/../../../../arm-none-eabi/lib/armv7-m/libc_nano.a(lib_a-init.o)
__libc_fini_array                                 /opt/toolchain/gcc-arm-none-eabi-5_4-2016q3/bin/../lib/gcc/arm-none-eabi/5.4.1/../../../../arm-none-eabi/lib/armv7-m/crt0.o
__libc_init_array                                 /opt/toolchain/gcc-arm-none-eabi-5_4-2016q3/bin/../lib/gcc/arm-none-eabi/5.4.1/../../../../arm-none-eabi/lib/armv7-m/libc_nano.a(lib_a-init.o)
                                                  build/startup_stm32f103xb.o
                                                  /opt/toolchain/gcc-arm-none-eabi-5_4-2016q3/bin/../lib/gcc/arm-none-eabi/5.4.1/../../../../arm-none-eabi/lib/armv7-m/crt0.o
__preinit_array_end                               /opt/toolchain/gcc-arm-none-eabi-5_4-2016q3/bin/../lib/gcc/arm-none-eabi/5.4.1/../../../../arm-none-eabi/lib/armv7-m/libc_nano.a(lib_a-init.o)
__preinit_array_start                             /opt/toolchain/gcc-arm-none-eabi-5_4-2016q3/bin/../lib/gcc/arm-none-eabi/5.4.1/../../../../arm-none-eabi/lib/armv7-m/libc_nano.a(lib_a-init.o)
__register_frame_info                             /opt/toolchain/gcc-arm-none-eabi-5_4-2016q3/bin/../lib/gcc/arm-none-eabi/5.4.1/armv7-m/crtbegin.o
__sf_fake_stderr                                  /opt/toolchain/gcc-arm-none-eabi-5_4-2016q3/bin/../lib/gcc/arm-none-eabi/5.4.1/../../../../arm-none-eabi/lib/armv7-m/libc_nano.a(lib_a-impure.o)
__sf_fake_stdin                                   /opt/toolchain/gcc-arm-none-eabi-5_4-2016q3/bin/../lib/gcc/arm-none-eabi/5.4.1/../../../../arm-none-eabi/lib/armv7-m/libc_nano.a(lib_a-impure.o)
__sf_fake_stdout                                  /opt/toolchain/gcc-arm-none-eabi-5_4-2016q3/bin/../lib/gcc/arm-none-eabi/5.4.1/../../../../arm-none-eabi/lib/armv7-m/libc_nano.a(lib_a-impure.o)
__stack                                           /opt/toolchain/gcc-arm-none-eabi-5_4-2016q3/bin/../lib/gcc/arm-none-eabi/5.4.1/../../../../arm-none-eabi/lib/armv7-m/crt0.o
_ebss                                             build/startup_stm32f103xb.o
_edata                                            build/startup_stm32f103xb.o
_estack                                           build/startup_stm32f103xb.o
_exit                                             /opt/toolchain/gcc-arm-none-eabi-5_4-2016q3/bin/../lib/gcc/arm-none-eabi/5.4.1/../../../../arm-none-eabi/lib/armv7-m/libnosys.a(_exit.o)
                                                  /opt/toolchain/gcc-arm-none-eabi-5_4-2016q3/bin/../lib/gcc/arm-none-eabi/5.4.1/../../../../arm-none-eabi/lib/armv7-m/libc_nano.a(lib_a-exit.o)
_fini                                             /opt/toolchain/gcc-arm-none-eabi-5_4-2016q3/bin/../lib/gcc/arm-none-eabi/5.4.1/armv7-m/crti.o
_global_impure_ptr                                /opt/toolchain/gcc-arm-none-eabi-5_4-2016q3/bin/../lib/gcc/arm-none-eabi/5.4.1/../../../../arm-none-eabi/lib/armv7-m/libc_nano.a(lib_a-impure.o)
                                                  /opt/toolchain/gcc-arm-none-eabi-5_4-2016q3/bin/../lib/gcc/arm-none-eabi/5.4.1/../../../../arm-none-eabi/lib/armv7-m/libc_nano.a(lib_a-exit.o)
_impure_ptr                                       /opt/toolchain/gcc-arm-none-eabi-5_4-2016q3/bin/../lib/gcc/arm-none-eabi/5.4.1/../../../../arm-none-eabi/lib/armv7-m/libc_nano.a(lib_a-impure.o)
_init                                             /opt/toolchain/gcc-arm-none-eabi-5_4-2016q3/bin/../lib/gcc/arm-none-eabi/5.4.1/armv7-m/crti.o
                                                  /opt/toolchain/gcc-arm-none-eabi-5_4-2016q3/bin/../lib/gcc/arm-none-eabi/5.4.1/../../../../arm-none-eabi/lib/armv7-m/libc_nano.a(lib_a-init.o)
_mainCRTStartup                                   /opt/toolchain/gcc-arm-none-eabi-5_4-2016q3/bin/../lib/gcc/arm-none-eabi/5.4.1/../../../../arm-none-eabi/lib/armv7-m/crt0.o
_sbss                                             build/startup_stm32f103xb.o
_sdata                                            build/startup_stm32f103xb.o
_sidata                                           build/startup_stm32f103xb.o
_start                                            /opt/toolchain/gcc-arm-none-eabi-5_4-2016q3/bin/../lib/gcc/arm-none-eabi/5.4.1/../../../../arm-none-eabi/lib/armv7-m/crt0.o
atexit                                            /opt/toolchain/gcc-arm-none-eabi-5_4-2016q3/bin/../lib/gcc/arm-none-eabi/5.4.1/../../../../arm-none-eabi/lib/armv7-m/crt0.o
exit                                              /opt/toolchain/gcc-arm-none-eabi-5_4-2016q3/bin/../lib/gcc/arm-none-eabi/5.4.1/../../../../arm-none-eabi/lib/armv7-m/libc_nano.a(lib_a-exit.o)
                                                  /opt/toolchain/gcc-arm-none-eabi-5_4-2016q3/bin/../lib/gcc/arm-none-eabi/5.4.1/../../../../arm-none-eabi/lib/armv7-m/crt0.o
g_pfnVectors                                      build/startup_stm32f103xb.o
hUsbDeviceFS                                      build/usb_device.o
                                                  build/usbd_cdc_if.o
hardware_init_hook                                /opt/toolchain/gcc-arm-none-eabi-5_4-2016q3/bin/../lib/gcc/arm-none-eabi/5.4.1/../../../../arm-none-eabi/lib/armv7-m/crt0.o
hpcd_USB_FS                                       build/usbd_conf.o
                                                  build/stm32f1xx_it.o
main                                              build/main.o
                                                  build/startup_stm32f103xb.o
                                                  /opt/toolchain/gcc-arm-none-eabi-5_4-2016q3/bin/../lib/gcc/arm-none-eabi/5.4.1/../../../../arm-none-eabi/lib/armv7-m/crt0.o
memset                                            /opt/toolchain/gcc-arm-none-eabi-5_4-2016q3/bin/../lib/gcc/arm-none-eabi/5.4.1/../../../../arm-none-eabi/lib/armv7-m/libc_nano.a(lib_a-memset.o)
                                                  /opt/toolchain/gcc-arm-none-eabi-5_4-2016q3/bin/../lib/gcc/arm-none-eabi/5.4.1/../../../../arm-none-eabi/lib/armv7-m/crt0.o
pFlash                                            build/stm32f1xx_hal_flash.o
                                                  build/stm32f1xx_hal_flash_ex.o
software_init_hook                                /opt/toolchain/gcc-arm-none-eabi-5_4-2016q3/bin/../lib/gcc/arm-none-eabi/5.4.1/../../../../arm-none-eabi/lib/armv7-m/crt0.o
uwTick                                            build/stm32f1xx_hal.o
