Archive member included to satisfy reference by file (symbol)

/opt/toolchain/gcc-arm-none-eabi-5_4-2016q3/bin/../lib/gcc/arm-none-eabi/5.4.1/../../../../arm-none-eabi/lib/armv7-m/libc_nano.a(lib_a-exit.o)
                              /opt/toolchain/gcc-arm-none-eabi-5_4-2016q3/bin/../lib/gcc/arm-none-eabi/5.4.1/../../../../arm-none-eabi/lib/armv7-m/crt0.o (exit)
/opt/toolchain/gcc-arm-none-eabi-5_4-2016q3/bin/../lib/gcc/arm-none-eabi/5.4.1/../../../../arm-none-eabi/lib/armv7-m/libc_nano.a(lib_a-impure.o)
                              /opt/toolchain/gcc-arm-none-eabi-5_4-2016q3/bin/../lib/gcc/arm-none-eabi/5.4.1/../../../../arm-none-eabi/lib/armv7-m/libc_nano.a(lib_a-exit.o) (_global_impure_ptr)
/opt/toolchain/gcc-arm-none-eabi-5_4-2016q3/bin/../lib/gcc/arm-none-eabi/5.4.1/../../../../arm-none-eabi/lib/armv7-m/libc_nano.a(lib_a-init.o)
                              /opt/toolchain/gcc-arm-none-eabi-5_4-2016q3/bin/../lib/gcc/arm-none-eabi/5.4.1/../../../../arm-none-eabi/lib/armv7-m/crt0.o (__libc_init_array)
/opt/toolchain/gcc-arm-none-eabi-5_4-2016q3/bin/../lib/gcc/arm-none-eabi/5.4.1/../../../../arm-none-eabi/lib/armv7-m/libc_nano.a(lib_a-memset.o)
                              /opt/toolchain/gcc-arm-none-eabi-5_4-2016q3/bin/../lib/gcc/arm-none-eabi/5.4.1/../../../../arm-none-eabi/lib/armv7-m/crt0.o (memset)
/opt/toolchain/gcc-arm-none-eabi-5_4-2016q3/bin/../lib/gcc/arm-none-eabi/5.4.1/../../../../arm-none-eabi/lib/armv7-m/libnosys.a(_exit.o)
                              /opt/toolchain/gcc-arm-none-eabi-5_4-2016q3/bin/../lib/gcc/arm-none-eabi/5.4.1/../../../../arm-none-eabi/lib/armv7-m/libc_nano.a(lib_a-exit.o) (_exit)

Allocating common symbols
Common symbol       size              file

uwTick              0x4               Build/stm32f1xx_hal.o
pFlash              0x20              Build/stm32f1xx_hal_flash.o
UART1_Handler       0x40              Build/usart.o
aRxBuffer           0x1               Build/usart.o
USART_RX_BUF        0xc8              Build/usart.o
__stdout            0x68              Build/usart.o

Discarded input sections

 .text          0x00000000        0x0 /opt/toolchain/gcc-arm-none-eabi-5_4-2016q3/bin/../lib/gcc/arm-none-eabi/5.4.1/armv7-m/crti.o
 .data          0x00000000        0x0 /opt/toolchain/gcc-arm-none-eabi-5_4-2016q3/bin/../lib/gcc/arm-none-eabi/5.4.1/armv7-m/crti.o
 .bss           0x00000000        0x0 /opt/toolchain/gcc-arm-none-eabi-5_4-2016q3/bin/../lib/gcc/arm-none-eabi/5.4.1/armv7-m/crti.o
 .data          0x00000000        0x4 /opt/toolchain/gcc-arm-none-eabi-5_4-2016q3/bin/../lib/gcc/arm-none-eabi/5.4.1/armv7-m/crtbegin.o
 .text          0x00000000       0x74 /opt/toolchain/gcc-arm-none-eabi-5_4-2016q3/bin/../lib/gcc/arm-none-eabi/5.4.1/../../../../arm-none-eabi/lib/armv7-m/crt0.o
 .data          0x00000000        0x0 /opt/toolchain/gcc-arm-none-eabi-5_4-2016q3/bin/../lib/gcc/arm-none-eabi/5.4.1/../../../../arm-none-eabi/lib/armv7-m/crt0.o
 .bss           0x00000000        0x0 /opt/toolchain/gcc-arm-none-eabi-5_4-2016q3/bin/../lib/gcc/arm-none-eabi/5.4.1/../../../../arm-none-eabi/lib/armv7-m/crt0.o
 .ARM.extab     0x00000000        0x0 /opt/toolchain/gcc-arm-none-eabi-5_4-2016q3/bin/../lib/gcc/arm-none-eabi/5.4.1/../../../../arm-none-eabi/lib/armv7-m/crt0.o
 .ARM.exidx     0x00000000        0x8 /opt/toolchain/gcc-arm-none-eabi-5_4-2016q3/bin/../lib/gcc/arm-none-eabi/5.4.1/../../../../arm-none-eabi/lib/armv7-m/crt0.o
 .ARM.attributes
                0x00000000       0x1b /opt/toolchain/gcc-arm-none-eabi-5_4-2016q3/bin/../lib/gcc/arm-none-eabi/5.4.1/../../../../arm-none-eabi/lib/armv7-m/crt0.o
 .text          0x00000000        0x0 Build/stm32f1xx_it.o
 .data          0x00000000        0x0 Build/stm32f1xx_it.o
 .bss           0x00000000        0x0 Build/stm32f1xx_it.o
 .text          0x00000000        0x0 Build/sys.o
 .data          0x00000000        0x0 Build/sys.o
 .bss           0x00000000        0x0 Build/sys.o
 .text.WFI_SET  0x00000000        0x4 Build/sys.o
 .text.INTX_DISABLE
                0x00000000        0x4 Build/sys.o
 .text.INTX_ENABLE
                0x00000000        0x4 Build/sys.o
 .text.MSR_MSP  0x00000000        0x8 Build/sys.o
 .text          0x00000000        0x0 Build/main.o
 .data          0x00000000        0x0 Build/main.o
 .bss           0x00000000        0x0 Build/main.o
 .text.SystemClock_Config
                0x00000000       0x5c Build/main.o
 .text          0x00000000        0x0 Build/usart.o
 .data          0x00000000        0x0 Build/usart.o
 .bss           0x00000000        0x0 Build/usart.o
 .text._sys_exit
                0x00000000        0x4 Build/usart.o
 .text.fputc    0x00000000       0x18 Build/usart.o
 .text.uart_init
                0x00000000       0x38 Build/usart.o
 .text.HAL_UART_MspInit
                0x00000000       0x94 Build/usart.o
 .text          0x00000000        0x0 Build/delay.o
 .data          0x00000000        0x0 Build/delay.o
 .bss           0x00000000        0x0 Build/delay.o
 .text.delay_init
[...]
Memory Configuration

Name             Origin             Length             Attributes
FLASH            0x08000000         0x00010000         xr
RAM              0x20000000         0x00005000         xrw
*default*        0x00000000         0xffffffff

Linker script and memory map

LOAD /opt/toolchain/gcc-arm-none-eabi-5_4-2016q3/bin/../lib/gcc/arm-none-eabi/5.4.1/armv7-m/crti.o
LOAD /opt/toolchain/gcc-arm-none-eabi-5_4-2016q3/bin/../lib/gcc/arm-none-eabi/5.4.1/armv7-m/crtbegin.o
LOAD /opt/toolchain/gcc-arm-none-eabi-5_4-2016q3/bin/../lib/gcc/arm-none-eabi/5.4.1/../../../../arm-none-eabi/lib/armv7-m/crt0.o
LOAD Build/stm32f1xx_it.o
LOAD Build/sys.o
LOAD Build/main.o
LOAD Build/usart.o
LOAD Build/delay.o
LOAD Build/stm32f1xx_hal_msp.o
LOAD Build/system_stm32f1xx.o
LOAD Build/stm32f1xx_hal_dma.o
LOAD Build/stm32f1xx_hal.o
LOAD Build/stm32f1xx_ll_dac.o
LOAD Build/stm32f1xx_hal_gpio.o
LOAD Build/stm32f1xx_ll_exti.o
LOAD Build/stm32f1xx_ll_dma.o
LOAD Build/stm32f1xx_hal_sram.o
LOAD Build/stm32f1xx_ll_usart.o
LOAD Build/stm32f1xx_hal_rtc.o
LOAD Build/stm32f1xx_hal_i2s.o
LOAD Build/stm32f1xx_ll_usb.o
LOAD Build/stm32f1xx_hal_usart.o
LOAD Build/stm32f1xx_hal_eth.o
LOAD Build/stm32f1xx_hal_dac_ex.o
LOAD Build/stm32f1xx_ll_spi.o
LOAD Build/stm32f1xx_ll_rtc.o
LOAD Build/stm32f1xx_ll_rcc.o
LOAD Build/stm32f1xx_ll_fsmc.o
LOAD Build/stm32f1xx_hal_hcd.o
LOAD Build/stm32f1xx_hal_spi_ex.o
LOAD Build/stm32f1xx_hal_pcd.o
LOAD Build/stm32f1xx_ll_pwr.o
LOAD Build/stm32f1xx_ll_gpio.o
LOAD Build/stm32f1xx_hal_rcc.o
LOAD Build/stm32f1xx_hal_sd.o
LOAD Build/stm32f1xx_hal_irda.o
LOAD Build/stm32f1xx_ll_utils.o
LOAD Build/stm32f1xx_hal_pcd_ex.o
LOAD Build/stm32f1xx_ll_sdmmc.o
LOAD Build/stm32f1xx_hal_cec.o
LOAD Build/stm32f1xx_hal_tim.o
LOAD Build/stm32f1xx_hal_flash_ex.o
LOAD Build/stm32f1xx_hal_uart.o
LOAD Build/stm32f1xx_hal_nor.o
LOAD Build/stm32f1xx_hal_tim_ex.o
LOAD Build/stm32f1xx_hal_mmc.o
LOAD Build/stm32f1xx_hal_adc_ex.o
LOAD Build/stm32f1xx_hal_cortex.o
LOAD Build/stm32f1xx_hal_nand.o
LOAD Build/stm32f1xx_hal_can.o
LOAD Build/stm32f1xx_hal_i2c.o
LOAD Build/stm32f1xx_ll_tim.o
LOAD Build/stm32f1xx_hal_rtc_ex.o
LOAD Build/stm32f1xx_ll_adc.o
LOAD Build/stm32f1xx_hal_adc.o
LOAD Build/stm32f1xx_ll_i2c.o
LOAD Build/stm32f1xx_hal_dac.o
LOAD Build/stm32f1xx_hal_rcc_ex.o
LOAD Build/stm32f1xx_hal_flash.o
LOAD Build/stm32f1xx_ll_crc.o
LOAD Build/stm32f1xx_hal_gpio_ex.o
LOAD Build/stm32f1xx_hal_pccard.o
LOAD Build/stm32f1xx_hal_pwr.o
LOAD Build/stm32f1xx_hal_iwdg.o
LOAD Build/stm32f1xx_hal_smartcard.o
LOAD Build/stm32f1xx_hal_spi.o
LOAD Build/stm32f1xx_hal_crc.o
LOAD Build/stm32f1xx_hal_wwdg.o
LOAD Build/stm32f1xx_nucleo.o
LOAD Build/startup_stm32f103xb.o
LOAD /opt/toolchain/gcc-arm-none-eabi-5_4-2016q3/bin/../lib/gcc/arm-none-eabi/5.4.1/../../../../arm-none-eabi/lib/armv7-m/libc_nano.a
LOAD /opt/toolchain/gcc-arm-none-eabi-5_4-2016q3/bin/../lib/gcc/arm-none-eabi/5.4.1/../../../../arm-none-eabi/lib/armv7-m/libm.a
LOAD /opt/toolchain/gcc-arm-none-eabi-5_4-2016q3/bin/../lib/gcc/arm-none-eabi/5.4.1/../../../../arm-none-eabi/lib/armv7-m/libnosys.a
START GROUP
LOAD /opt/toolchain/gcc-arm-none-eabi-5_4-2016q3/bin/../lib/gcc/arm-none-eabi/5.4.1/armv7-m/libgcc.a
LOAD /opt/toolchain/gcc-arm-none-eabi-5_4-2016q3/bin/../lib/gcc/arm-none-eabi/5.4.1/../../../../arm-none-eabi/lib/armv7-m/libc_nano.a
END GROUP
START GROUP
LOAD /opt/toolchain/gcc-arm-none-eabi-5_4-2016q3/bin/../lib/gcc/arm-none-eabi/5.4.1/armv7-m/libgcc.a
LOAD /opt/toolchain/gcc-arm-none-eabi-5_4-2016q3/bin/../lib/gcc/arm-none-eabi/5.4.1/../../../../arm-none-eabi/lib/armv7-m/libc_nano.a
END GROUP
LOAD /opt/toolchain/gcc-arm-none-eabi-5_4-2016q3/bin/../lib/gcc/arm-none-eabi/5.4.1/armv7-m/crtend.o
LOAD /opt/toolchain/gcc-arm-none-eabi-5_4-2016q3/bin/../lib/gcc/arm-none-eabi/5.4.1/armv7-m/crtn.o
                0x20004fff                _estack = 0x20004fff
                0x00000200                _Min_Heap_Size = 0x200
                0x00000400                _Min_Stack_Size = 0x400

.isr_vector     0x08000000      0x10c
                0x08000000                . = ALIGN (0x4)
 *(.isr_vector)
 .isr_vector    0x08000000      0x10c Build/startup_stm32f103xb.o
                0x08000000                g_pfnVectors
                0x0800010c                . = ALIGN (0x4)

.text           0x0800010c      0xf94
                0x0800010c                . = ALIGN (0x4)
 *(.text)
 .text          0x0800010c       0x5c /opt/toolchain/gcc-arm-none-eabi-5_4-2016q3/bin/../lib/gcc/arm-none-eabi/5.4.1/armv7-m/crtbegin.o
 *(.text*)
 .text.NMI_Handler
                0x08000168        0x4 Build/stm32f1xx_it.o
                0x08000168                NMI_Handler
 .text.HardFault_Handler
                0x0800016c        0x4 Build/stm32f1xx_it.o
                0x0800016c                HardFault_Handler
 .text.MemManage_Handler
                0x08000170        0x4 Build/stm32f1xx_it.o
                0x08000170                MemManage_Handler
 .text.BusFault_Handler
                0x08000174        0x4 Build/stm32f1xx_it.o
                0x08000174                BusFault_Handler
 .text.UsageFault_Handler
                0x08000178        0x4 Build/stm32f1xx_it.o
                0x08000178                UsageFault_Handler
 .text.SVC_Handler
                0x0800017c        0x4 Build/stm32f1xx_it.o
                0x0800017c                SVC_Handler
 .text.DebugMon_Handler
                0x08000180        0x4 Build/stm32f1xx_it.o
                0x08000180                DebugMon_Handler
 .text.PendSV_Handler
                0x08000184        0x4 Build/stm32f1xx_it.o
                0x08000184                PendSV_Handler
 .text.SysTick_Handler
                0x08000188        0x8 Build/stm32f1xx_it.o
                0x08000188                SysTick_Handler
 .text.Stm32_Clock_Init
                0x08000190       0x48 Build/sys.o
                0x08000190                Stm32_Clock_Init
 .text.Delay    0x080001d8       0x14 Build/main.o
                0x080001d8                Delay
 .text.main     0x080001ec       0x74 Build/main.o
                0x080001ec                main
 .text.HAL_UART_RxCpltCallback
                0x08000260       0x78 Build/usart.o
                0x08000260                HAL_UART_RxCpltCallback
 .text.USART1_IRQHandler
                0x080002d8       0x2c Build/usart.o
                0x080002d8                USART1_IRQHandler
 .text.HAL_MspInit
                0x08000304        0x4 Build/stm32f1xx_hal_msp.o
                0x08000304                HAL_MspInit
 .text.SystemInit
                0x08000308       0x4c Build/system_stm32f1xx.o
                0x08000308                SystemInit
 .text.HAL_DMA_Abort_IT
                0x08000354       0x98 Build/stm32f1xx_hal_dma.o
                0x08000354                HAL_DMA_Abort_IT
 .text.HAL_InitTick
                0x080003ec       0x2c Build/stm32f1xx_hal.o
                0x080003ec                HAL_InitTick
 .text.HAL_Init
                0x08000418       0x24 Build/stm32f1xx_hal.o
                0x08000418                HAL_Init
 .text.HAL_IncTick
                0x0800043c       0x10 Build/stm32f1xx_hal.o
                0x0800043c                HAL_IncTick
 .text.HAL_GetTick
                0x0800044c        0xc Build/stm32f1xx_hal.o
                0x0800044c                HAL_GetTick
 .text.HAL_GPIO_Init
                0x08000458      0x1d8 Build/stm32f1xx_hal_gpio.o
                0x08000458                HAL_GPIO_Init
 .text.HAL_GPIO_WritePin
                0x08000630        0xc Build/stm32f1xx_hal_gpio.o
                0x08000630                HAL_GPIO_WritePin
 .text.RCC_Delay
                0x0800063c       0x2c Build/stm32f1xx_hal_rcc.o
 .text.HAL_RCC_OscConfig
                0x08000668      0x400 Build/stm32f1xx_hal_rcc.o
                0x08000668                HAL_RCC_OscConfig
 .text.HAL_RCC_GetSysClockFreq
                0x08000a68       0x70 Build/stm32f1xx_hal_rcc.o
                0x08000a68                HAL_RCC_GetSysClockFreq
 .text.HAL_RCC_ClockConfig
                0x08000ad8      0x184 Build/stm32f1xx_hal_rcc.o
                0x08000ad8                HAL_RCC_ClockConfig
 .text.UART_EndRxTransfer
                0x08000c5c       0x1c Build/stm32f1xx_hal_uart.o
 .text.UART_Transmit_IT
                0x08000c78       0x6c Build/stm32f1xx_hal_uart.o
 .text.HAL_UART_Receive_IT
                0x08000ce4       0x5c Build/stm32f1xx_hal_uart.o
                0x08000ce4                HAL_UART_Receive_IT
 .text.HAL_UART_TxCpltCallback
                0x08000d40        0x4 Build/stm32f1xx_hal_uart.o
                0x08000d40                HAL_UART_TxCpltCallback
 .text.UART_EndTransmit_IT
                0x08000d44       0x1c Build/stm32f1xx_hal_uart.o
 .text.UART_Receive_IT
                0x08000d60       0xa0 Build/stm32f1xx_hal_uart.o
 .text.HAL_UART_ErrorCallback
                0x08000e00        0x4 Build/stm32f1xx_hal_uart.o
                0x08000e00                HAL_UART_ErrorCallback
 .text.HAL_UART_IRQHandler
                0x08000e04      0x11c Build/stm32f1xx_hal_uart.o
                0x08000e04                HAL_UART_IRQHandler
 .text.UART_DMAAbortOnError
                0x08000f20       0x10 Build/stm32f1xx_hal_uart.o
 .text.HAL_UART_GetState
                0x08000f30        0xc Build/stm32f1xx_hal_uart.o
                0x08000f30                HAL_UART_GetState
 .text.HAL_NVIC_SetPriorityGrouping
                0x08000f3c       0x24 Build/stm32f1xx_hal_cortex.o
                0x08000f3c                HAL_NVIC_SetPriorityGrouping
 .text.HAL_NVIC_SetPriority
                0x08000f60       0x64 Build/stm32f1xx_hal_cortex.o
                0x08000f60                HAL_NVIC_SetPriority
 .text.HAL_SYSTICK_Config
                0x08000fc4       0x2c Build/stm32f1xx_hal_cortex.o
                0x08000fc4                HAL_SYSTICK_Config
 .text.Reset_Handler
                0x08000ff0       0x48 Build/startup_stm32f103xb.o
                0x08000ff0                Reset_Handler
 .text.Default_Handler
                0x08001038        0x2 Build/startup_stm32f103xb.o
                0x08001038                RTC_Alarm_IRQHandler
                0x08001038                EXTI2_IRQHandler
                0x08001038                TIM1_CC_IRQHandler
                0x08001038                PVD_IRQHandler
                0x08001038                EXTI3_IRQHandler
                0x08001038                EXTI0_IRQHandler
                0x08001038                I2C2_EV_IRQHandler
                0x08001038                ADC1_2_IRQHandler
                0x08001038                SPI1_IRQHandler
                0x08001038                TAMPER_IRQHandler
                0x08001038                DMA1_Channel4_IRQHandler
                0x08001038                USART3_IRQHandler
                0x08001038                RTC_IRQHandler
                0x08001038                DMA1_Channel7_IRQHandler
                0x08001038                CAN1_RX1_IRQHandler
                0x08001038                TIM4_IRQHandler
                0x08001038                I2C1_EV_IRQHandler
                0x08001038                DMA1_Channel6_IRQHandler
                0x08001038                TIM3_IRQHandler
                0x08001038                RCC_IRQHandler
                0x08001038                TIM1_TRG_COM_IRQHandler
                0x08001038                DMA1_Channel1_IRQHandler
                0x08001038                Default_Handler
                0x08001038                EXTI15_10_IRQHandler
                0x08001038                EXTI9_5_IRQHandler
                0x08001038                SPI2_IRQHandler
                0x08001038                DMA1_Channel5_IRQHandler
                0x08001038                EXTI4_IRQHandler
                0x08001038                USB_LP_CAN1_RX0_IRQHandler
                0x08001038                USB_HP_CAN1_TX_IRQHandler
                0x08001038                DMA1_Channel3_IRQHandler
                0x08001038                TIM1_UP_IRQHandler
                0x08001038                WWDG_IRQHandler
                0x08001038                TIM2_IRQHandler
                0x08001038                TIM1_BRK_IRQHandler
                0x08001038                EXTI1_IRQHandler
                0x08001038                USART2_IRQHandler
                0x08001038                I2C2_ER_IRQHandler
                0x08001038                DMA1_Channel2_IRQHandler
                0x08001038                CAN1_SCE_IRQHandler
                0x08001038                FLASH_IRQHandler
                0x08001038                I2C1_ER_IRQHandler
                0x08001038                USBWakeUp_IRQHandler
 *fill*         0x0800103a        0x2 
 .text.__libc_init_array
                0x0800103c       0x4c /opt/toolchain/gcc-arm-none-eabi-5_4-2016q3/bin/../lib/gcc/arm-none-eabi/5.4.1/../../../../arm-none-eabi/lib/armv7-m/libc_nano.a(lib_a-init.o)
                0x0800103c                __libc_init_array
 *(.glue_7)
 .glue_7        0x08001088        0x0 linker stubs
 *(.glue_7t)
 .glue_7t       0x08001088        0x0 linker stubs
 *(.eh_frame)
 .eh_frame      0x08001088        0x0 /opt/toolchain/gcc-arm-none-eabi-5_4-2016q3/bin/../lib/gcc/arm-none-eabi/5.4.1/armv7-m/crtbegin.o
 *(.init)
 .init          0x08001088        0x4 /opt/toolchain/gcc-arm-none-eabi-5_4-2016q3/bin/../lib/gcc/arm-none-eabi/5.4.1/armv7-m/crti.o
                0x08001088                _init
 .init          0x0800108c        0x8 /opt/toolchain/gcc-arm-none-eabi-5_4-2016q3/bin/../lib/gcc/arm-none-eabi/5.4.1/armv7-m/crtn.o
 *(.fini)
 .fini          0x08001094        0x4 /opt/toolchain/gcc-arm-none-eabi-5_4-2016q3/bin/../lib/gcc/arm-none-eabi/5.4.1/armv7-m/crti.o
                0x08001094                _fini
 .fini          0x08001098        0x8 /opt/toolchain/gcc-arm-none-eabi-5_4-2016q3/bin/../lib/gcc/arm-none-eabi/5.4.1/armv7-m/crtn.o
                0x080010a0                . = ALIGN (0x4)
                0x080010a0                _etext = .

.vfp11_veneer   0x080010a0        0x0
 .vfp11_veneer  0x080010a0        0x0 linker stubs

.v4_bx          0x080010a0        0x0
 .v4_bx         0x080010a0        0x0 linker stubs

.iplt           0x080010a0        0x0
 .iplt          0x080010a0        0x0 /opt/toolchain/gcc-arm-none-eabi-5_4-2016q3/bin/../lib/gcc/arm-none-eabi/5.4.1/armv7-m/crtbegin.o

.rodata         0x080010a0       0x24
                0x080010a0                . = ALIGN (0x4)
 *(.rodata)
 .rodata        0x080010a0       0x12 Build/stm32f1xx_hal_rcc.o
 *(.rodata*)
 *fill*         0x080010b2        0x2 
 .rodata.AHBPrescTable
                0x080010b4       0x10 Build/system_stm32f1xx.o
                0x080010b4                AHBPrescTable
                0x080010c4                . = ALIGN (0x4)

.rel.dyn        0x080010c4        0x0
 .rel.iplt      0x080010c4        0x0 /opt/toolchain/gcc-arm-none-eabi-5_4-2016q3/bin/../lib/gcc/arm-none-eabi/5.4.1/armv7-m/crtbegin.o

.ARM.extab
 *(.ARM.extab* .gnu.linkonce.armextab.*)

.ARM            0x080010c4        0x0
                0x080010c4                __exidx_start = .
 *(.ARM.exidx*)
                0x080010c4                __exidx_end = .

.preinit_array  0x080010c4        0x0
                0x080010c4                PROVIDE (__preinit_array_start, .)
 *(.preinit_array*)
                0x080010c4                PROVIDE (__preinit_array_end, .)

.init_array     0x080010c4        0x4
                0x080010c4                PROVIDE (__init_array_start, .)
 *(SORT(.init_array.*))
 *(.init_array*)
 .init_array    0x080010c4        0x4 /opt/toolchain/gcc-arm-none-eabi-5_4-2016q3/bin/../lib/gcc/arm-none-eabi/5.4.1/armv7-m/crtbegin.o
                0x080010c8                PROVIDE (__init_array_end, .)

.fini_array     0x080010c8        0x4
                [!provide]                PROVIDE (__fini_array_start, .)
 *(SORT(.fini_array.*))
 *(.fini_array*)
 .fini_array    0x080010c8        0x4 /opt/toolchain/gcc-arm-none-eabi-5_4-2016q3/bin/../lib/gcc/arm-none-eabi/5.4.1/armv7-m/crtbegin.o
                [!provide]                PROVIDE (__fini_array_end, .)
                0x080010cc                _sidata = LOADADDR (.data)

.data           0x20000000        0x4 load address 0x080010cc
                0x20000000                . = ALIGN (0x4)
                0x20000000                _sdata = .
 *(.data)
 *(.data*)
 .data.SystemCoreClock
                0x20000000        0x4 Build/system_stm32f1xx.o
                0x20000000                SystemCoreClock
                0x20000004                . = ALIGN (0x4)
                0x20000004                _edata = .

.jcr            0x20000004        0x0 load address 0x080010d0
 .jcr           0x20000004        0x0 /opt/toolchain/gcc-arm-none-eabi-5_4-2016q3/bin/../lib/gcc/arm-none-eabi/5.4.1/armv7-m/crtbegin.o

.igot.plt       0x20000004        0x0 load address 0x080010d0
 .igot.plt      0x20000004        0x0 /opt/toolchain/gcc-arm-none-eabi-5_4-2016q3/bin/../lib/gcc/arm-none-eabi/5.4.1/armv7-m/crtbegin.o
                0x20000004                . = ALIGN (0x4)

.bss            0x20000004      0x198 load address 0x080010d0
                0x20000004                _sbss = .
                0x20000004                __bss_start__ = _sbss
 *(.bss)
 .bss           0x20000004       0x1c /opt/toolchain/gcc-arm-none-eabi-5_4-2016q3/bin/../lib/gcc/arm-none-eabi/5.4.1/armv7-m/crtbegin.o
 *(.bss*)
 .bss.USART_RX_STA
                0x20000020        0x2 Build/usart.o
                0x20000020                USART_RX_STA
 *(COMMON)
 *fill*         0x20000022        0x2 
 COMMON         0x20000024      0x174 Build/usart.o
                0x20000024                UART1_Handler
                0x20000064                aRxBuffer
                0x20000068                USART_RX_BUF
                0x20000130                __stdout
 COMMON         0x20000198        0x4 Build/stm32f1xx_hal.o
                0x20000198                uwTick
                0x2000019c                . = ALIGN (0x4)
                0x2000019c                _ebss = .
                0x2000019c                __bss_end__ = _ebss

._user_heap_stack
                0x2000019c      0x600 load address 0x080010d0
                0x2000019c                . = ALIGN (0x4)
                [!provide]                PROVIDE (end, .)
                [!provide]                PROVIDE (_end, .)
                0x2000039c                . = (. + _Min_Heap_Size)
 *fill*         0x2000019c      0x200 
                0x2000079c                . = (. + _Min_Stack_Size)
 *fill*         0x2000039c      0x400 
                0x2000079c                . = ALIGN (0x4)

/DISCARD/
 libc.a(*)
 libm.a(*)
 libgcc.a(*)

.ARM.attributes
                0x00000000       0x29
 *(.ARM.attributes)
 .ARM.attributes
                0x00000000       0x1d /opt/toolchain/gcc-arm-none-eabi-5_4-2016q3/bin/../lib/gcc/arm-none-eabi/5.4.1/armv7-m/crti.o
 .ARM.attributes
                0x0000001d       0x2d /opt/toolchain/gcc-arm-none-eabi-5_4-2016q3/bin/../lib/gcc/arm-none-eabi/5.4.1/armv7-m/crtbegin.o
 .ARM.attributes
                0x0000004a       0x33 Build/stm32f1xx_it.o
 .ARM.attributes
                0x0000007d       0x33 Build/sys.o
 .ARM.attributes
                0x000000b0       0x33 Build/main.o
 .ARM.attributes
                0x000000e3       0x33 Build/usart.o
 .ARM.attributes
                0x00000116       0x33 Build/stm32f1xx_hal_msp.o
 .ARM.attributes
                0x00000149       0x33 Build/system_stm32f1xx.o
 .ARM.attributes
                0x0000017c       0x33 Build/stm32f1xx_hal_dma.o
 .ARM.attributes
                0x000001af       0x33 Build/stm32f1xx_hal.o
 .ARM.attributes
                0x000001e2       0x33 Build/stm32f1xx_hal_gpio.o
 .ARM.attributes
                0x00000215       0x33 Build/stm32f1xx_hal_rcc.o
 .ARM.attributes
                0x00000248       0x33 Build/stm32f1xx_hal_uart.o
 .ARM.attributes
                0x0000027b       0x33 Build/stm32f1xx_hal_cortex.o
 .ARM.attributes
                0x000002ae       0x21 Build/startup_stm32f103xb.o
 .ARM.attributes
                0x000002cf       0x2d /opt/toolchain/gcc-arm-none-eabi-5_4-2016q3/bin/../lib/gcc/arm-none-eabi/5.4.1/../../../../arm-none-eabi/lib/armv7-m/libc_nano.a(lib_a-init.o)
 .ARM.attributes
                0x000002fc       0x1d /opt/toolchain/gcc-arm-none-eabi-5_4-2016q3/bin/../lib/gcc/arm-none-eabi/5.4.1/armv7-m/crtn.o
OUTPUT(Build/stm32f103_MakefileTemplate_Gavin.elf elf32-littlearm)

.debug_info     0x00000000     0x6845
 .debug_info    0x00000000      0x18c Build/stm32f1xx_it.o
 .debug_info    0x0000018c      0x325 Build/sys.o
 .debug_info    0x000004b1      0x5a6 Build/main.o
 .debug_info    0x00000a57     0x1460 Build/usart.o
 .debug_info    0x00001eb7       0xd8 Build/stm32f1xx_hal_msp.o
 .debug_info    0x00001f8f      0x437 Build/system_stm32f1xx.o
 .debug_info    0x000023c6      0x835 Build/stm32f1xx_hal_dma.o
 .debug_info    0x00002bfb      0x701 Build/stm32f1xx_hal.o
 .debug_info    0x000032fc      0x66e Build/stm32f1xx_hal_gpio.o
 .debug_info    0x0000396a      0xa1d Build/stm32f1xx_hal_rcc.o
 .debug_info    0x00004387     0x1779 Build/stm32f1xx_hal_uart.o
 .debug_info    0x00005b00      0xcd0 Build/stm32f1xx_hal_cortex.o
 .debug_info    0x000067d0       0x75 Build/startup_stm32f103xb.o

.debug_abbrev   0x00000000     0x1605
 .debug_abbrev  0x00000000       0xbb Build/stm32f1xx_it.o
 .debug_abbrev  0x000000bb      0x17b Build/sys.o
 .debug_abbrev  0x00000236      0x18f Build/main.o
 .debug_abbrev  0x000003c5      0x296 Build/usart.o
 .debug_abbrev  0x0000065b       0x69 Build/stm32f1xx_hal_msp.o
 .debug_abbrev  0x000006c4      0x124 Build/system_stm32f1xx.o
 .debug_abbrev  0x000007e8      0x21d Build/stm32f1xx_hal_dma.o
 .debug_abbrev  0x00000a05      0x202 Build/stm32f1xx_hal.o
 .debug_abbrev  0x00000c07      0x202 Build/stm32f1xx_hal_gpio.o
 .debug_abbrev  0x00000e09      0x27b Build/stm32f1xx_hal_rcc.o
 .debug_abbrev  0x00001084      0x281 Build/stm32f1xx_hal_uart.o
 .debug_abbrev  0x00001305      0x2ee Build/stm32f1xx_hal_cortex.o
 .debug_abbrev  0x000015f3       0x12 Build/startup_stm32f103xb.o

.debug_loc      0x00000000     0x33b0
 .debug_loc     0x00000000       0x20 Build/stm32f1xx_it.o
 .debug_loc     0x00000020       0x90 Build/sys.o
 .debug_loc     0x000000b0       0x91 Build/main.o
 .debug_loc     0x00000141      0x115 Build/usart.o
 .debug_loc     0x00000256       0xdf Build/system_stm32f1xx.o
 .debug_loc     0x00000335      0x7f4 Build/stm32f1xx_hal_dma.o
 .debug_loc     0x00000b29      0x101 Build/stm32f1xx_hal.o
 .debug_loc     0x00000c2a      0x41b Build/stm32f1xx_hal_gpio.o
 .debug_loc     0x00001045      0x61c Build/stm32f1xx_hal_rcc.o
 .debug_loc     0x00001661     0x17b0 Build/stm32f1xx_hal_uart.o
 .debug_loc     0x00002e11      0x59f Build/stm32f1xx_hal_cortex.o

.debug_aranges  0x00000000      0x610
 .debug_aranges
                0x00000000       0x60 Build/stm32f1xx_it.o
 .debug_aranges
                0x00000060       0x40 Build/sys.o
 .debug_aranges
                0x000000a0       0x30 Build/main.o
 .debug_aranges
                0x000000d0       0x48 Build/usart.o
 .debug_aranges
                0x00000118       0x28 Build/stm32f1xx_hal_msp.o
 .debug_aranges
                0x00000140       0x28 Build/system_stm32f1xx.o
 .debug_aranges
                0x00000168       0x80 Build/stm32f1xx_hal_dma.o
 .debug_aranges
                0x000001e8       0xb8 Build/stm32f1xx_hal.o
 .debug_aranges
                0x000002a0       0x58 Build/stm32f1xx_hal_gpio.o
 .debug_aranges
                0x000002f8       0x90 Build/stm32f1xx_hal_rcc.o
 .debug_aranges
                0x00000388      0x1d0 Build/stm32f1xx_hal_uart.o
 .debug_aranges
                0x00000558       0x90 Build/stm32f1xx_hal_cortex.o
 .debug_aranges
                0x000005e8       0x28 Build/startup_stm32f103xb.o

.debug_ranges   0x00000000      0x560
 .debug_ranges  0x00000000       0x50 Build/stm32f1xx_it.o
 .debug_ranges  0x00000050       0x30 Build/sys.o
 .debug_ranges  0x00000080       0x20 Build/main.o
 .debug_ranges  0x000000a0       0x38 Build/usart.o
 .debug_ranges  0x000000d8       0x18 Build/stm32f1xx_hal_msp.o
 .debug_ranges  0x000000f0       0x18 Build/system_stm32f1xx.o
 .debug_ranges  0x00000108       0x70 Build/stm32f1xx_hal_dma.o
 .debug_ranges  0x00000178       0xa8 Build/stm32f1xx_hal.o
 .debug_ranges  0x00000220       0x48 Build/stm32f1xx_hal_gpio.o
 .debug_ranges  0x00000268       0x98 Build/stm32f1xx_hal_rcc.o
 .debug_ranges  0x00000300      0x1c0 Build/stm32f1xx_hal_uart.o
 .debug_ranges  0x000004c0       0x80 Build/stm32f1xx_hal_cortex.o
 .debug_ranges  0x00000540       0x20 Build/startup_stm32f103xb.o

.debug_line     0x00000000     0x2a24
 .debug_line    0x00000000      0x1d3 Build/stm32f1xx_it.o
 .debug_line    0x000001d3      0x1e4 Build/sys.o
 .debug_line    0x000003b7      0x239 Build/main.o
 .debug_line    0x000005f0      0x346 Build/usart.o
 .debug_line    0x00000936      0x132 Build/stm32f1xx_hal_msp.o
 .debug_line    0x00000a68      0x19a Build/system_stm32f1xx.o
 .debug_line    0x00000c02      0x51c Build/stm32f1xx_hal_dma.o
 .debug_line    0x0000111e      0x324 Build/stm32f1xx_hal.o
 .debug_line    0x00001442      0x337 Build/stm32f1xx_hal_gpio.o
 .debug_line    0x00001779      0x4c7 Build/stm32f1xx_hal_rcc.o
 .debug_line    0x00001c40      0xa75 Build/stm32f1xx_hal_uart.o
 .debug_line    0x000026b5      0x2fd Build/stm32f1xx_hal_cortex.o
 .debug_line    0x000029b2       0x72 Build/startup_stm32f103xb.o

.debug_str      0x00000000     0x2009
 .debug_str     0x00000000      0x205 Build/stm32f1xx_it.o
                                0x246 (size before relaxing)
 .debug_str     0x00000205      0x1d1 Build/sys.o
                                0x368 (size before relaxing)
 .debug_str     0x000003d6      0x12c Build/main.o
                                0x42b (size before relaxing)
 .debug_str     0x00000502      0xafa Build/usart.o
                                0xdb7 (size before relaxing)
 .debug_str     0x00000ffc       0x3b Build/stm32f1xx_hal_msp.o
                                0x1c9 (size before relaxing)
 .debug_str     0x00001037       0xeb Build/system_stm32f1xx.o
                                0x2e4 (size before relaxing)
 .debug_str     0x00001122      0x259 Build/stm32f1xx_hal_dma.o
                                0x61f (size before relaxing)
 .debug_str     0x0000137b      0x204 Build/stm32f1xx_hal.o
                                0x767 (size before relaxing)
 .debug_str     0x0000157f      0x14f Build/stm32f1xx_hal_gpio.o
                                0x428 (size before relaxing)
 .debug_str     0x000016ce      0x203 Build/stm32f1xx_hal_rcc.o
                                0x63d (size before relaxing)
 .debug_str     0x000018d1      0x4cf Build/stm32f1xx_hal_uart.o
                                0xb82 (size before relaxing)
 .debug_str     0x00001da0      0x269 Build/stm32f1xx_hal_cortex.o
                                0x8cd (size before relaxing)

.comment        0x00000000       0x6e
 .comment       0x00000000       0x6e Build/stm32f1xx_it.o
                                 0x6f (size before relaxing)
 .comment       0x0000006e       0x6f Build/sys.o
 .comment       0x0000006e       0x6f Build/main.o
 .comment       0x0000006e       0x6f Build/usart.o
 .comment       0x0000006e       0x6f Build/stm32f1xx_hal_msp.o
 .comment       0x0000006e       0x6f Build/system_stm32f1xx.o
 .comment       0x0000006e       0x6f Build/stm32f1xx_hal_dma.o
 .comment       0x0000006e       0x6f Build/stm32f1xx_hal.o
 .comment       0x0000006e       0x6f Build/stm32f1xx_hal_gpio.o
 .comment       0x0000006e       0x6f Build/stm32f1xx_hal_rcc.o
 .comment       0x0000006e       0x6f Build/stm32f1xx_hal_uart.o
 .comment       0x0000006e       0x6f Build/stm32f1xx_hal_cortex.o

.debug_frame    0x00000000      0xeac
 .debug_frame   0x00000000       0xac Build/stm32f1xx_it.o
 .debug_frame   0x000000ac       0x6c Build/sys.o
 .debug_frame   0x00000118       0x64 Build/main.o
 .debug_frame   0x0000017c       0xa4 Build/usart.o
 .debug_frame   0x00000220       0x30 Build/stm32f1xx_hal_msp.o
 .debug_frame   0x00000250       0x30 Build/system_stm32f1xx.o
 .debug_frame   0x00000280      0x17c Build/stm32f1xx_hal_dma.o
 .debug_frame   0x000003fc      0x188 Build/stm32f1xx_hal.o
 .debug_frame   0x00000584       0xd4 Build/stm32f1xx_hal_gpio.o
 .debug_frame   0x00000658      0x180 Build/stm32f1xx_hal_rcc.o
 .debug_frame   0x000007d8      0x574 Build/stm32f1xx_hal_uart.o
 .debug_frame   0x00000d4c      0x134 Build/stm32f1xx_hal_cortex.o
 .debug_frame   0x00000e80       0x2c /opt/toolchain/gcc-arm-none-eabi-5_4-2016q3/bin/../lib/gcc/arm-none-eabi/5.4.1/../../../../arm-none-eabi/lib/armv7-m/libc_nano.a(lib_a-init.o)

Cross Reference Table

Symbol                                            File
ADC1_2_IRQHandler                                 Build/startup_stm32f103xb.o
ADC_ConversionStop_Disable                        Build/stm32f1xx_hal_adc.o
                                                  Build/stm32f1xx_hal_adc_ex.o
ADC_DMAConvCplt                                   Build/stm32f1xx_hal_adc.o
                                                  Build/stm32f1xx_hal_adc_ex.o
ADC_DMAError                                      Build/stm32f1xx_hal_adc.o
                                                  Build/stm32f1xx_hal_adc_ex.o
ADC_DMAHalfConvCplt                               Build/stm32f1xx_hal_adc.o
                                                  Build/stm32f1xx_hal_adc_ex.o
ADC_Enable                                        Build/stm32f1xx_hal_adc.o
                                                  Build/stm32f1xx_hal_adc_ex.o
AHBPrescTable                                     Build/system_stm32f1xx.o
                                                  Build/stm32f1xx_ll_utils.o
                                                  Build/stm32f1xx_hal_rcc.o
APBPrescTable                                     Build/system_stm32f1xx.o
                                                  Build/stm32f1xx_hal_rcc.o
BSP_GetVersion                                    Build/stm32f1xx_nucleo.o
BSP_JOY_DeInit                                    Build/stm32f1xx_nucleo.o
BSP_JOY_GetState                                  Build/stm32f1xx_nucleo.o
BSP_JOY_Init                                      Build/stm32f1xx_nucleo.o
BSP_LED_DeInit                                    Build/stm32f1xx_nucleo.o
BSP_LED_Init                                      Build/stm32f1xx_nucleo.o
BSP_LED_Off                                       Build/stm32f1xx_nucleo.o
BSP_LED_On                                        Build/stm32f1xx_nucleo.o
BSP_LED_Toggle                                    Build/stm32f1xx_nucleo.o
BSP_PB_DeInit                                     Build/stm32f1xx_nucleo.o
BSP_PB_GetState                                   Build/stm32f1xx_nucleo.o
BSP_PB_Init                                       Build/stm32f1xx_nucleo.o
BUTTON_IRQn                                       Build/stm32f1xx_nucleo.o
BUTTON_PIN                                        Build/stm32f1xx_nucleo.o
BUTTON_PORT                                       Build/stm32f1xx_nucleo.o
BusFault_Handler                                  Build/stm32f1xx_it.o
CAN1_RX1_IRQHandler                               Build/startup_stm32f103xb.o
CAN1_SCE_IRQHandler                               Build/startup_stm32f103xb.o
DMA1_Channel1_IRQHandler                          Build/startup_stm32f103xb.o
DMA1_Channel2_IRQHandler                          Build/startup_stm32f103xb.o
DMA1_Channel3_IRQHandler                          Build/startup_stm32f103xb.o
DMA1_Channel4_IRQHandler                          Build/startup_stm32f103xb.o
DMA1_Channel5_IRQHandler                          Build/startup_stm32f103xb.o
DMA1_Channel6_IRQHandler                          Build/startup_stm32f103xb.o
DMA1_Channel7_IRQHandler                          Build/startup_stm32f103xb.o
DebugMon_Handler                                  Build/stm32f1xx_it.o
Default_Handler                                   Build/startup_stm32f103xb.o
Delay                                             Build/main.o
EXTI0_IRQHandler                                  Build/startup_stm32f103xb.o
EXTI15_10_IRQHandler                              Build/startup_stm32f103xb.o
EXTI1_IRQHandler                                  Build/startup_stm32f103xb.o
EXTI2_IRQHandler                                  Build/startup_stm32f103xb.o
EXTI3_IRQHandler                                  Build/startup_stm32f103xb.o
EXTI4_IRQHandler                                  Build/startup_stm32f103xb.o
EXTI9_5_IRQHandler                                Build/startup_stm32f103xb.o
FLASH_IRQHandler                                  Build/startup_stm32f103xb.o
FLASH_PageErase                                   Build/stm32f1xx_hal_flash_ex.o
                                                  Build/stm32f1xx_hal_flash.o
FLASH_WaitForLastOperation                        Build/stm32f1xx_hal_flash.o
                                                  Build/stm32f1xx_hal_flash_ex.o
HAL_ADCEx_Calibration_Start                       Build/stm32f1xx_hal_adc_ex.o
                                                  Build/stm32f1xx_nucleo.o
HAL_ADCEx_InjectedConfigChannel                   Build/stm32f1xx_hal_adc_ex.o
HAL_ADCEx_InjectedConvCpltCallback                Build/stm32f1xx_hal_adc_ex.o
                                                  Build/stm32f1xx_hal_adc.o
HAL_ADCEx_InjectedGetValue                        Build/stm32f1xx_hal_adc_ex.o
HAL_ADCEx_InjectedPollForConversion               Build/stm32f1xx_hal_adc_ex.o
HAL_ADCEx_InjectedStart                           Build/stm32f1xx_hal_adc_ex.o
HAL_ADCEx_InjectedStart_IT                        Build/stm32f1xx_hal_adc_ex.o
HAL_ADCEx_InjectedStop                            Build/stm32f1xx_hal_adc_ex.o
HAL_ADCEx_InjectedStop_IT                         Build/stm32f1xx_hal_adc_ex.o
HAL_ADCEx_MultiModeConfigChannel                  Build/stm32f1xx_hal_adc_ex.o
HAL_ADCEx_MultiModeGetValue                       Build/stm32f1xx_hal_adc_ex.o
HAL_ADCEx_MultiModeStart_DMA                      Build/stm32f1xx_hal_adc_ex.o
HAL_ADCEx_MultiModeStop_DMA                       Build/stm32f1xx_hal_adc_ex.o
HAL_ADC_AnalogWDGConfig                           Build/stm32f1xx_hal_adc.o
HAL_ADC_ConfigChannel                             Build/stm32f1xx_hal_adc.o
                                                  Build/stm32f1xx_nucleo.o
HAL_ADC_ConvCpltCallback                          Build/stm32f1xx_hal_adc.o
HAL_ADC_ConvHalfCpltCallback                      Build/stm32f1xx_hal_adc.o
HAL_ADC_DeInit                                    Build/stm32f1xx_hal_adc.o
                                                  Build/stm32f1xx_nucleo.o
HAL_ADC_ErrorCallback                             Build/stm32f1xx_hal_adc.o
HAL_ADC_GetError                                  Build/stm32f1xx_hal_adc.o
HAL_ADC_GetState                                  Build/stm32f1xx_hal_adc.o
                                                  Build/stm32f1xx_nucleo.o
HAL_ADC_GetValue                                  Build/stm32f1xx_hal_adc.o
                                                  Build/stm32f1xx_nucleo.o
HAL_ADC_IRQHandler                                Build/stm32f1xx_hal_adc.o
HAL_ADC_Init                                      Build/stm32f1xx_hal_adc.o
                                                  Build/stm32f1xx_nucleo.o
HAL_ADC_LevelOutOfWindowCallback                  Build/stm32f1xx_hal_adc.o
HAL_ADC_MspDeInit                                 Build/stm32f1xx_hal_adc.o
HAL_ADC_MspInit                                   Build/stm32f1xx_hal_adc.o
HAL_ADC_PollForConversion                         Build/stm32f1xx_hal_adc.o
                                                  Build/stm32f1xx_nucleo.o
HAL_ADC_PollForEvent                              Build/stm32f1xx_hal_adc.o
HAL_ADC_Start                                     Build/stm32f1xx_hal_adc.o
                                                  Build/stm32f1xx_nucleo.o
HAL_ADC_Start_DMA                                 Build/stm32f1xx_hal_adc.o
HAL_ADC_Start_IT                                  Build/stm32f1xx_hal_adc.o
HAL_ADC_Stop                                      Build/stm32f1xx_hal_adc.o
HAL_ADC_Stop_DMA                                  Build/stm32f1xx_hal_adc.o
HAL_ADC_Stop_IT                                   Build/stm32f1xx_hal_adc.o
HAL_CAN_ConfigFilter                              Build/stm32f1xx_hal_can.o
HAL_CAN_DeInit                                    Build/stm32f1xx_hal_can.o
HAL_CAN_ErrorCallback                             Build/stm32f1xx_hal_can.o
HAL_CAN_GetError                                  Build/stm32f1xx_hal_can.o
HAL_CAN_GetState                                  Build/stm32f1xx_hal_can.o
HAL_CAN_IRQHandler                                Build/stm32f1xx_hal_can.o
HAL_CAN_Init                                      Build/stm32f1xx_hal_can.o
HAL_CAN_MspDeInit                                 Build/stm32f1xx_hal_can.o
HAL_CAN_MspInit                                   Build/stm32f1xx_hal_can.o
HAL_CAN_Receive                                   Build/stm32f1xx_hal_can.o
HAL_CAN_Receive_IT                                Build/stm32f1xx_hal_can.o
HAL_CAN_RxCpltCallback                            Build/stm32f1xx_hal_can.o
HAL_CAN_Sleep                                     Build/stm32f1xx_hal_can.o
HAL_CAN_Transmit                                  Build/stm32f1xx_hal_can.o
HAL_CAN_Transmit_IT                               Build/stm32f1xx_hal_can.o
HAL_CAN_TxCpltCallback                            Build/stm32f1xx_hal_can.o
HAL_CAN_WakeUp                                    Build/stm32f1xx_hal_can.o
HAL_CRC_Accumulate                                Build/stm32f1xx_hal_crc.o
HAL_CRC_Calculate                                 Build/stm32f1xx_hal_crc.o
HAL_CRC_DeInit                                    Build/stm32f1xx_hal_crc.o
HAL_CRC_GetState                                  Build/stm32f1xx_hal_crc.o
HAL_CRC_Init                                      Build/stm32f1xx_hal_crc.o
HAL_CRC_MspDeInit                                 Build/stm32f1xx_hal_crc.o
HAL_CRC_MspInit                                   Build/stm32f1xx_hal_crc.o
HAL_DBGMCU_DisableDBGSleepMode                    Build/stm32f1xx_hal.o
HAL_DBGMCU_DisableDBGStandbyMode                  Build/stm32f1xx_hal.o
HAL_DBGMCU_DisableDBGStopMode                     Build/stm32f1xx_hal.o
HAL_DBGMCU_EnableDBGSleepMode                     Build/stm32f1xx_hal.o
HAL_DBGMCU_EnableDBGStandbyMode                   Build/stm32f1xx_hal.o
HAL_DBGMCU_EnableDBGStopMode                      Build/stm32f1xx_hal.o
HAL_DMA_Abort                                     Build/stm32f1xx_hal_dma.o
                                                  Build/stm32f1xx_hal_spi.o
                                                  Build/stm32f1xx_hal_smartcard.o
                                                  Build/stm32f1xx_hal_adc.o
                                                  Build/stm32f1xx_hal_adc_ex.o
                                                  Build/stm32f1xx_hal_uart.o
                                                  Build/stm32f1xx_hal_tim.o
                                                  Build/stm32f1xx_hal_irda.o
                                                  Build/stm32f1xx_hal_usart.o
HAL_DMA_Abort_IT                                  Build/stm32f1xx_hal_dma.o
                                                  Build/stm32f1xx_hal_spi.o
                                                  Build/stm32f1xx_hal_smartcard.o
                                                  Build/stm32f1xx_hal_i2c.o
                                                  Build/stm32f1xx_hal_uart.o
                                                  Build/stm32f1xx_hal_irda.o
                                                  Build/stm32f1xx_hal_usart.o
HAL_DMA_DeInit                                    Build/stm32f1xx_hal_dma.o
HAL_DMA_GetError                                  Build/stm32f1xx_hal_dma.o
HAL_DMA_GetState                                  Build/stm32f1xx_hal_dma.o
HAL_DMA_IRQHandler                                Build/stm32f1xx_hal_dma.o
HAL_DMA_Init                                      Build/stm32f1xx_hal_dma.o
HAL_DMA_PollForTransfer                           Build/stm32f1xx_hal_dma.o
HAL_DMA_RegisterCallback                          Build/stm32f1xx_hal_dma.o
HAL_DMA_Start                                     Build/stm32f1xx_hal_dma.o
HAL_DMA_Start_IT                                  Build/stm32f1xx_hal_dma.o
                                                  Build/stm32f1xx_hal_spi.o
                                                  Build/stm32f1xx_hal_smartcard.o
                                                  Build/stm32f1xx_hal_adc.o
                                                  Build/stm32f1xx_hal_i2c.o
                                                  Build/stm32f1xx_hal_adc_ex.o
                                                  Build/stm32f1xx_hal_tim_ex.o
                                                  Build/stm32f1xx_hal_uart.o
                                                  Build/stm32f1xx_hal_tim.o
                                                  Build/stm32f1xx_hal_irda.o
                                                  Build/stm32f1xx_hal_usart.o
HAL_DMA_UnRegisterCallback                        Build/stm32f1xx_hal_dma.o
HAL_DeInit                                        Build/stm32f1xx_hal.o
HAL_Delay                                         Build/stm32f1xx_hal.o
                                                  Build/stm32f1xx_nucleo.o
HAL_FLASHEx_Erase                                 Build/stm32f1xx_hal_flash_ex.o
HAL_FLASHEx_Erase_IT                              Build/stm32f1xx_hal_flash_ex.o
HAL_FLASHEx_OBErase                               Build/stm32f1xx_hal_flash_ex.o
HAL_FLASHEx_OBGetConfig                           Build/stm32f1xx_hal_flash_ex.o
HAL_FLASHEx_OBGetUserData                         Build/stm32f1xx_hal_flash_ex.o
HAL_FLASHEx_OBProgram                             Build/stm32f1xx_hal_flash_ex.o
HAL_FLASH_EndOfOperationCallback                  Build/stm32f1xx_hal_flash.o
HAL_FLASH_GetError                                Build/stm32f1xx_hal_flash.o
HAL_FLASH_IRQHandler                              Build/stm32f1xx_hal_flash.o
HAL_FLASH_Lock                                    Build/stm32f1xx_hal_flash.o
HAL_FLASH_OB_Launch                               Build/stm32f1xx_hal_flash.o
HAL_FLASH_OB_Lock                                 Build/stm32f1xx_hal_flash.o
HAL_FLASH_OB_Unlock                               Build/stm32f1xx_hal_flash.o
HAL_FLASH_OperationErrorCallback                  Build/stm32f1xx_hal_flash.o
HAL_FLASH_Program                                 Build/stm32f1xx_hal_flash.o
HAL_FLASH_Program_IT                              Build/stm32f1xx_hal_flash.o
HAL_FLASH_Unlock                                  Build/stm32f1xx_hal_flash.o
HAL_GPIOEx_ConfigEventout                         Build/stm32f1xx_hal_gpio_ex.o
HAL_GPIOEx_DisableEventout                        Build/stm32f1xx_hal_gpio_ex.o
HAL_GPIOEx_EnableEventout                         Build/stm32f1xx_hal_gpio_ex.o
HAL_GPIO_DeInit                                   Build/stm32f1xx_hal_gpio.o
                                                  Build/stm32f1xx_nucleo.o
HAL_GPIO_EXTI_Callback                            Build/stm32f1xx_hal_gpio.o
HAL_GPIO_EXTI_IRQHandler                          Build/stm32f1xx_hal_gpio.o
HAL_GPIO_Init                                     Build/stm32f1xx_hal_gpio.o
                                                  Build/stm32f1xx_nucleo.o
                                                  Build/stm32f1xx_hal_rcc.o
                                                  Build/usart.o
                                                  Build/main.o
HAL_GPIO_LockPin                                  Build/stm32f1xx_hal_gpio.o
HAL_GPIO_ReadPin                                  Build/stm32f1xx_hal_gpio.o
                                                  Build/stm32f1xx_nucleo.o
HAL_GPIO_TogglePin                                Build/stm32f1xx_hal_gpio.o
                                                  Build/stm32f1xx_nucleo.o
HAL_GPIO_WritePin                                 Build/stm32f1xx_hal_gpio.o
                                                  Build/stm32f1xx_nucleo.o
                                                  Build/main.o
HAL_GetDEVID                                      Build/stm32f1xx_hal.o
HAL_GetHalVersion                                 Build/stm32f1xx_hal.o
HAL_GetREVID                                      Build/stm32f1xx_hal.o
HAL_GetTick                                       Build/stm32f1xx_hal.o
                                                  Build/stm32f1xx_hal_spi.o
                                                  Build/stm32f1xx_hal_smartcard.o
                                                  Build/stm32f1xx_hal_iwdg.o
                                                  Build/stm32f1xx_hal_flash.o
                                                  Build/stm32f1xx_hal_rcc_ex.o
                                                  Build/stm32f1xx_hal_adc.o
                                                  Build/stm32f1xx_hal_rtc_ex.o
                                                  Build/stm32f1xx_hal_i2c.o
                                                  Build/stm32f1xx_hal_can.o
                                                  Build/stm32f1xx_hal_adc_ex.o
                                                  Build/stm32f1xx_hal_uart.o
                                                  Build/stm32f1xx_hal_irda.o
                                                  Build/stm32f1xx_hal_rcc.o
                                                  Build/stm32f1xx_hal_usart.o
                                                  Build/stm32f1xx_hal_rtc.o
                                                  Build/stm32f1xx_hal_dma.o
HAL_GetUID                                        Build/stm32f1xx_hal.o
HAL_HalfDuplex_EnableReceiver                     Build/stm32f1xx_hal_uart.o
HAL_HalfDuplex_EnableTransmitter                  Build/stm32f1xx_hal_uart.o
HAL_HalfDuplex_Init                               Build/stm32f1xx_hal_uart.o
HAL_I2C_AbortCpltCallback                         Build/stm32f1xx_hal_i2c.o
HAL_I2C_AddrCallback                              Build/stm32f1xx_hal_i2c.o
HAL_I2C_DeInit                                    Build/stm32f1xx_hal_i2c.o
HAL_I2C_DisableListen_IT                          Build/stm32f1xx_hal_i2c.o
HAL_I2C_ER_IRQHandler                             Build/stm32f1xx_hal_i2c.o
HAL_I2C_EV_IRQHandler                             Build/stm32f1xx_hal_i2c.o
HAL_I2C_EnableListen_IT                           Build/stm32f1xx_hal_i2c.o
HAL_I2C_ErrorCallback                             Build/stm32f1xx_hal_i2c.o
HAL_I2C_GetError                                  Build/stm32f1xx_hal_i2c.o
HAL_I2C_GetMode                                   Build/stm32f1xx_hal_i2c.o
HAL_I2C_GetState                                  Build/stm32f1xx_hal_i2c.o
HAL_I2C_Init                                      Build/stm32f1xx_hal_i2c.o
HAL_I2C_IsDeviceReady                             Build/stm32f1xx_hal_i2c.o
HAL_I2C_ListenCpltCallback                        Build/stm32f1xx_hal_i2c.o
HAL_I2C_MasterRxCpltCallback                      Build/stm32f1xx_hal_i2c.o
HAL_I2C_MasterTxCpltCallback                      Build/stm32f1xx_hal_i2c.o
HAL_I2C_Master_Abort_IT                           Build/stm32f1xx_hal_i2c.o
HAL_I2C_Master_Receive                            Build/stm32f1xx_hal_i2c.o
HAL_I2C_Master_Receive_DMA                        Build/stm32f1xx_hal_i2c.o
HAL_I2C_Master_Receive_IT                         Build/stm32f1xx_hal_i2c.o
HAL_I2C_Master_Sequential_Receive_IT              Build/stm32f1xx_hal_i2c.o
HAL_I2C_Master_Sequential_Transmit_IT             Build/stm32f1xx_hal_i2c.o
HAL_I2C_Master_Transmit                           Build/stm32f1xx_hal_i2c.o
HAL_I2C_Master_Transmit_DMA                       Build/stm32f1xx_hal_i2c.o
HAL_I2C_Master_Transmit_IT                        Build/stm32f1xx_hal_i2c.o
HAL_I2C_MemRxCpltCallback                         Build/stm32f1xx_hal_i2c.o
HAL_I2C_MemTxCpltCallback                         Build/stm32f1xx_hal_i2c.o
HAL_I2C_Mem_Read                                  Build/stm32f1xx_hal_i2c.o
HAL_I2C_Mem_Read_DMA                              Build/stm32f1xx_hal_i2c.o
HAL_I2C_Mem_Read_IT                               Build/stm32f1xx_hal_i2c.o
HAL_I2C_Mem_Write                                 Build/stm32f1xx_hal_i2c.o
HAL_I2C_Mem_Write_DMA                             Build/stm32f1xx_hal_i2c.o
HAL_I2C_Mem_Write_IT                              Build/stm32f1xx_hal_i2c.o
HAL_I2C_MspDeInit                                 Build/stm32f1xx_hal_i2c.o
HAL_I2C_MspInit                                   Build/stm32f1xx_hal_i2c.o
HAL_I2C_SlaveRxCpltCallback                       Build/stm32f1xx_hal_i2c.o
HAL_I2C_SlaveTxCpltCallback                       Build/stm32f1xx_hal_i2c.o
HAL_I2C_Slave_Receive                             Build/stm32f1xx_hal_i2c.o
HAL_I2C_Slave_Receive_DMA                         Build/stm32f1xx_hal_i2c.o
HAL_I2C_Slave_Receive_IT                          Build/stm32f1xx_hal_i2c.o
HAL_I2C_Slave_Sequential_Receive_IT               Build/stm32f1xx_hal_i2c.o
HAL_I2C_Slave_Sequential_Transmit_IT              Build/stm32f1xx_hal_i2c.o
HAL_I2C_Slave_Transmit                            Build/stm32f1xx_hal_i2c.o
HAL_I2C_Slave_Transmit_DMA                        Build/stm32f1xx_hal_i2c.o
HAL_I2C_Slave_Transmit_IT                         Build/stm32f1xx_hal_i2c.o
HAL_IRDA_Abort                                    Build/stm32f1xx_hal_irda.o
HAL_IRDA_AbortCpltCallback                        Build/stm32f1xx_hal_irda.o
HAL_IRDA_AbortReceive                             Build/stm32f1xx_hal_irda.o
HAL_IRDA_AbortReceiveCpltCallback                 Build/stm32f1xx_hal_irda.o
HAL_IRDA_AbortReceive_IT                          Build/stm32f1xx_hal_irda.o
HAL_IRDA_AbortTransmit                            Build/stm32f1xx_hal_irda.o
HAL_IRDA_AbortTransmitCpltCallback                Build/stm32f1xx_hal_irda.o
HAL_IRDA_AbortTransmit_IT                         Build/stm32f1xx_hal_irda.o
HAL_IRDA_Abort_IT                                 Build/stm32f1xx_hal_irda.o
HAL_IRDA_DMAPause                                 Build/stm32f1xx_hal_irda.o
HAL_IRDA_DMAResume                                Build/stm32f1xx_hal_irda.o
HAL_IRDA_DMAStop                                  Build/stm32f1xx_hal_irda.o
HAL_IRDA_DeInit                                   Build/stm32f1xx_hal_irda.o
HAL_IRDA_ErrorCallback                            Build/stm32f1xx_hal_irda.o
HAL_IRDA_GetError                                 Build/stm32f1xx_hal_irda.o
HAL_IRDA_GetState                                 Build/stm32f1xx_hal_irda.o
HAL_IRDA_IRQHandler                               Build/stm32f1xx_hal_irda.o
HAL_IRDA_Init                                     Build/stm32f1xx_hal_irda.o
HAL_IRDA_MspDeInit                                Build/stm32f1xx_hal_irda.o
HAL_IRDA_MspInit                                  Build/stm32f1xx_hal_irda.o
HAL_IRDA_Receive                                  Build/stm32f1xx_hal_irda.o
HAL_IRDA_Receive_DMA                              Build/stm32f1xx_hal_irda.o
HAL_IRDA_Receive_IT                               Build/stm32f1xx_hal_irda.o
HAL_IRDA_RxCpltCallback                           Build/stm32f1xx_hal_irda.o
HAL_IRDA_RxHalfCpltCallback                       Build/stm32f1xx_hal_irda.o
HAL_IRDA_Transmit                                 Build/stm32f1xx_hal_irda.o
HAL_IRDA_Transmit_DMA                             Build/stm32f1xx_hal_irda.o
HAL_IRDA_Transmit_IT                              Build/stm32f1xx_hal_irda.o
HAL_IRDA_TxCpltCallback                           Build/stm32f1xx_hal_irda.o
HAL_IRDA_TxHalfCpltCallback                       Build/stm32f1xx_hal_irda.o
HAL_IWDG_Init                                     Build/stm32f1xx_hal_iwdg.o
HAL_IWDG_Refresh                                  Build/stm32f1xx_hal_iwdg.o
HAL_IncTick                                       Build/stm32f1xx_hal.o
                                                  Build/stm32f1xx_it.o
HAL_Init                                          Build/stm32f1xx_hal.o
                                                  Build/main.o
HAL_InitTick                                      Build/stm32f1xx_hal.o
                                                  Build/stm32f1xx_hal_rcc.o
HAL_LIN_Init                                      Build/stm32f1xx_hal_uart.o
HAL_LIN_SendBreak                                 Build/stm32f1xx_hal_uart.o
HAL_MspDeInit                                     Build/stm32f1xx_hal_msp.o
HAL_MspInit                                       Build/stm32f1xx_hal_msp.o
HAL_MultiProcessor_EnterMuteMode                  Build/stm32f1xx_hal_uart.o
HAL_MultiProcessor_ExitMuteMode                   Build/stm32f1xx_hal_uart.o
HAL_MultiProcessor_Init                           Build/stm32f1xx_hal_uart.o
HAL_NVIC_ClearPendingIRQ                          Build/stm32f1xx_hal_cortex.o
HAL_NVIC_DisableIRQ                               Build/stm32f1xx_hal_cortex.o
                                                  Build/stm32f1xx_nucleo.o
HAL_NVIC_EnableIRQ                                Build/stm32f1xx_hal_cortex.o
                                                  Build/stm32f1xx_nucleo.o
                                                  Build/usart.o
HAL_NVIC_GetActive                                Build/stm32f1xx_hal_cortex.o
HAL_NVIC_GetPendingIRQ                            Build/stm32f1xx_hal_cortex.o
HAL_NVIC_GetPriority                              Build/stm32f1xx_hal_cortex.o
HAL_NVIC_GetPriorityGrouping                      Build/stm32f1xx_hal_cortex.o
HAL_NVIC_SetPendingIRQ                            Build/stm32f1xx_hal_cortex.o
HAL_NVIC_SetPriority                              Build/stm32f1xx_hal_cortex.o
                                                  Build/stm32f1xx_nucleo.o
                                                  Build/stm32f1xx_hal.o
                                                  Build/usart.o
HAL_NVIC_SetPriorityGrouping                      Build/stm32f1xx_hal_cortex.o
                                                  Build/stm32f1xx_hal.o
HAL_NVIC_SystemReset                              Build/stm32f1xx_hal_cortex.o
                                                  Build/stm32f1xx_hal_flash.o
HAL_PCDEx_PMAConfig                               Build/stm32f1xx_hal_pcd_ex.o
HAL_PCDEx_SetConnectionState                      Build/stm32f1xx_hal_pcd_ex.o
                                                  Build/stm32f1xx_hal_pcd.o
HAL_PCD_ActivateRemoteWakeup                      Build/stm32f1xx_hal_pcd.o
HAL_PCD_ConnectCallback                           Build/stm32f1xx_hal_pcd.o
HAL_PCD_DataInStageCallback                       Build/stm32f1xx_hal_pcd.o
HAL_PCD_DataOutStageCallback                      Build/stm32f1xx_hal_pcd.o
HAL_PCD_DeActivateRemoteWakeup                    Build/stm32f1xx_hal_pcd.o
HAL_PCD_DeInit                                    Build/stm32f1xx_hal_pcd.o
HAL_PCD_DevConnect                                Build/stm32f1xx_hal_pcd.o
HAL_PCD_DevDisconnect                             Build/stm32f1xx_hal_pcd.o
HAL_PCD_DisconnectCallback                        Build/stm32f1xx_hal_pcd.o
HAL_PCD_EP_Close                                  Build/stm32f1xx_hal_pcd.o
HAL_PCD_EP_ClrStall                               Build/stm32f1xx_hal_pcd.o
HAL_PCD_EP_Flush                                  Build/stm32f1xx_hal_pcd.o
HAL_PCD_EP_GetRxCount                             Build/stm32f1xx_hal_pcd.o
HAL_PCD_EP_Open                                   Build/stm32f1xx_hal_pcd.o
HAL_PCD_EP_Receive                                Build/stm32f1xx_hal_pcd.o
HAL_PCD_EP_SetStall                               Build/stm32f1xx_hal_pcd.o
HAL_PCD_EP_Transmit                               Build/stm32f1xx_hal_pcd.o
HAL_PCD_GetState                                  Build/stm32f1xx_hal_pcd.o
HAL_PCD_IRQHandler                                Build/stm32f1xx_hal_pcd.o
HAL_PCD_ISOINIncompleteCallback                   Build/stm32f1xx_hal_pcd.o
HAL_PCD_ISOOUTIncompleteCallback                  Build/stm32f1xx_hal_pcd.o
HAL_PCD_Init                                      Build/stm32f1xx_hal_pcd.o
HAL_PCD_MspDeInit                                 Build/stm32f1xx_hal_pcd.o
HAL_PCD_MspInit                                   Build/stm32f1xx_hal_pcd.o
HAL_PCD_ResetCallback                             Build/stm32f1xx_hal_pcd.o
HAL_PCD_ResumeCallback                            Build/stm32f1xx_hal_pcd.o
HAL_PCD_SOFCallback                               Build/stm32f1xx_hal_pcd.o
HAL_PCD_SetAddress                                Build/stm32f1xx_hal_pcd.o
HAL_PCD_SetupStageCallback                        Build/stm32f1xx_hal_pcd.o
HAL_PCD_Start                                     Build/stm32f1xx_hal_pcd.o
HAL_PCD_Stop                                      Build/stm32f1xx_hal_pcd.o
HAL_PCD_SuspendCallback                           Build/stm32f1xx_hal_pcd.o
HAL_PWR_ConfigPVD                                 Build/stm32f1xx_hal_pwr.o
HAL_PWR_DeInit                                    Build/stm32f1xx_hal_pwr.o
HAL_PWR_DisableBkUpAccess                         Build/stm32f1xx_hal_pwr.o
HAL_PWR_DisablePVD                                Build/stm32f1xx_hal_pwr.o
HAL_PWR_DisableSEVOnPend                          Build/stm32f1xx_hal_pwr.o
HAL_PWR_DisableSleepOnExit                        Build/stm32f1xx_hal_pwr.o
HAL_PWR_DisableWakeUpPin                          Build/stm32f1xx_hal_pwr.o
HAL_PWR_EnableBkUpAccess                          Build/stm32f1xx_hal_pwr.o
HAL_PWR_EnablePVD                                 Build/stm32f1xx_hal_pwr.o
HAL_PWR_EnableSEVOnPend                           Build/stm32f1xx_hal_pwr.o
HAL_PWR_EnableSleepOnExit                         Build/stm32f1xx_hal_pwr.o
HAL_PWR_EnableWakeUpPin                           Build/stm32f1xx_hal_pwr.o
HAL_PWR_EnterSLEEPMode                            Build/stm32f1xx_hal_pwr.o
HAL_PWR_EnterSTANDBYMode                          Build/stm32f1xx_hal_pwr.o
HAL_PWR_EnterSTOPMode                             Build/stm32f1xx_hal_pwr.o
HAL_PWR_PVDCallback                               Build/stm32f1xx_hal_pwr.o
HAL_PWR_PVD_IRQHandler                            Build/stm32f1xx_hal_pwr.o
HAL_RCCEx_GetPeriphCLKConfig                      Build/stm32f1xx_hal_rcc_ex.o
HAL_RCCEx_GetPeriphCLKFreq                        Build/stm32f1xx_hal_rcc_ex.o
                                                  Build/stm32f1xx_hal_adc.o
                                                  Build/stm32f1xx_hal_adc_ex.o
                                                  Build/stm32f1xx_hal_rtc.o
HAL_RCCEx_PeriphCLKConfig                         Build/stm32f1xx_hal_rcc_ex.o
HAL_RCC_CSSCallback                               Build/stm32f1xx_hal_rcc.o
HAL_RCC_ClockConfig                               Build/stm32f1xx_hal_rcc.o
                                                  Build/main.o
                                                  Build/sys.o
HAL_RCC_DeInit                                    Build/stm32f1xx_hal_rcc.o
HAL_RCC_DisableCSS                                Build/stm32f1xx_hal_rcc.o
HAL_RCC_EnableCSS                                 Build/stm32f1xx_hal_rcc.o
HAL_RCC_GetClockConfig                            Build/stm32f1xx_hal_rcc.o
HAL_RCC_GetHCLKFreq                               Build/stm32f1xx_hal_rcc.o
HAL_RCC_GetOscConfig                              Build/stm32f1xx_hal_rcc.o
HAL_RCC_GetPCLK1Freq                              Build/stm32f1xx_hal_rcc.o
                                                  Build/stm32f1xx_hal_smartcard.o
                                                  Build/stm32f1xx_hal_i2c.o
                                                  Build/stm32f1xx_hal_uart.o
                                                  Build/stm32f1xx_hal_irda.o
                                                  Build/stm32f1xx_hal_usart.o
HAL_RCC_GetPCLK2Freq                              Build/stm32f1xx_hal_rcc.o
                                                  Build/stm32f1xx_hal_smartcard.o
                                                  Build/stm32f1xx_hal_rcc_ex.o
                                                  Build/stm32f1xx_hal_uart.o
                                                  Build/stm32f1xx_hal_irda.o
                                                  Build/stm32f1xx_hal_usart.o
HAL_RCC_GetSysClockFreq                           Build/stm32f1xx_hal_rcc.o
HAL_RCC_MCOConfig                                 Build/stm32f1xx_hal_rcc.o
HAL_RCC_NMI_IRQHandler                            Build/stm32f1xx_hal_rcc.o
HAL_RCC_OscConfig                                 Build/stm32f1xx_hal_rcc.o
                                                  Build/main.o
                                                  Build/sys.o
HAL_RTCEx_BKUPRead                                Build/stm32f1xx_hal_rtc_ex.o
HAL_RTCEx_BKUPWrite                               Build/stm32f1xx_hal_rtc_ex.o
HAL_RTCEx_DeactivateSecond                        Build/stm32f1xx_hal_rtc_ex.o
HAL_RTCEx_DeactivateTamper                        Build/stm32f1xx_hal_rtc_ex.o
HAL_RTCEx_PollForTamper1Event                     Build/stm32f1xx_hal_rtc_ex.o
HAL_RTCEx_RTCEventCallback                        Build/stm32f1xx_hal_rtc_ex.o
HAL_RTCEx_RTCEventErrorCallback                   Build/stm32f1xx_hal_rtc_ex.o
HAL_RTCEx_RTCIRQHandler                           Build/stm32f1xx_hal_rtc_ex.o
HAL_RTCEx_SetSecond_IT                            Build/stm32f1xx_hal_rtc_ex.o
HAL_RTCEx_SetSmoothCalib                          Build/stm32f1xx_hal_rtc_ex.o
HAL_RTCEx_SetTamper                               Build/stm32f1xx_hal_rtc_ex.o
HAL_RTCEx_SetTamper_IT                            Build/stm32f1xx_hal_rtc_ex.o
HAL_RTCEx_Tamper1EventCallback                    Build/stm32f1xx_hal_rtc_ex.o
HAL_RTCEx_TamperIRQHandler                        Build/stm32f1xx_hal_rtc_ex.o
HAL_RTC_AlarmAEventCallback                       Build/stm32f1xx_hal_rtc.o
HAL_RTC_AlarmIRQHandler                           Build/stm32f1xx_hal_rtc.o
HAL_RTC_DeInit                                    Build/stm32f1xx_hal_rtc.o
HAL_RTC_DeactivateAlarm                           Build/stm32f1xx_hal_rtc.o
HAL_RTC_GetAlarm                                  Build/stm32f1xx_hal_rtc.o
HAL_RTC_GetDate                                   Build/stm32f1xx_hal_rtc.o
HAL_RTC_GetState                                  Build/stm32f1xx_hal_rtc.o
HAL_RTC_GetTime                                   Build/stm32f1xx_hal_rtc.o
HAL_RTC_Init                                      Build/stm32f1xx_hal_rtc.o
HAL_RTC_MspDeInit                                 Build/stm32f1xx_hal_rtc.o
HAL_RTC_MspInit                                   Build/stm32f1xx_hal_rtc.o
HAL_RTC_PollForAlarmAEvent                        Build/stm32f1xx_hal_rtc.o
HAL_RTC_SetAlarm                                  Build/stm32f1xx_hal_rtc.o
HAL_RTC_SetAlarm_IT                               Build/stm32f1xx_hal_rtc.o
HAL_RTC_SetDate                                   Build/stm32f1xx_hal_rtc.o
HAL_RTC_SetTime                                   Build/stm32f1xx_hal_rtc.o
HAL_RTC_WaitForSynchro                            Build/stm32f1xx_hal_rtc.o
HAL_ResumeTick                                    Build/stm32f1xx_hal.o
HAL_SMARTCARD_Abort                               Build/stm32f1xx_hal_smartcard.o
HAL_SMARTCARD_AbortCpltCallback                   Build/stm32f1xx_hal_smartcard.o
HAL_SMARTCARD_AbortReceive                        Build/stm32f1xx_hal_smartcard.o
HAL_SMARTCARD_AbortReceiveCpltCallback            Build/stm32f1xx_hal_smartcard.o
HAL_SMARTCARD_AbortReceive_IT                     Build/stm32f1xx_hal_smartcard.o
HAL_SMARTCARD_AbortTransmit                       Build/stm32f1xx_hal_smartcard.o
HAL_SMARTCARD_AbortTransmitCpltCallback           Build/stm32f1xx_hal_smartcard.o
HAL_SMARTCARD_AbortTransmit_IT                    Build/stm32f1xx_hal_smartcard.o
HAL_SMARTCARD_Abort_IT                            Build/stm32f1xx_hal_smartcard.o
HAL_SMARTCARD_DeInit                              Build/stm32f1xx_hal_smartcard.o
HAL_SMARTCARD_ErrorCallback                       Build/stm32f1xx_hal_smartcard.o
HAL_SMARTCARD_GetError                            Build/stm32f1xx_hal_smartcard.o
HAL_SMARTCARD_GetState                            Build/stm32f1xx_hal_smartcard.o
HAL_SMARTCARD_IRQHandler                          Build/stm32f1xx_hal_smartcard.o
HAL_SMARTCARD_Init                                Build/stm32f1xx_hal_smartcard.o
HAL_SMARTCARD_MspDeInit                           Build/stm32f1xx_hal_smartcard.o
HAL_SMARTCARD_MspInit                             Build/stm32f1xx_hal_smartcard.o
HAL_SMARTCARD_Receive                             Build/stm32f1xx_hal_smartcard.o
HAL_SMARTCARD_Receive_DMA                         Build/stm32f1xx_hal_smartcard.o
HAL_SMARTCARD_Receive_IT                          Build/stm32f1xx_hal_smartcard.o
HAL_SMARTCARD_RxCpltCallback                      Build/stm32f1xx_hal_smartcard.o
HAL_SMARTCARD_Transmit                            Build/stm32f1xx_hal_smartcard.o
HAL_SMARTCARD_Transmit_DMA                        Build/stm32f1xx_hal_smartcard.o
HAL_SMARTCARD_Transmit_IT                         Build/stm32f1xx_hal_smartcard.o
HAL_SMARTCARD_TxCpltCallback                      Build/stm32f1xx_hal_smartcard.o
HAL_SPI_Abort                                     Build/stm32f1xx_hal_spi.o
HAL_SPI_AbortCpltCallback                         Build/stm32f1xx_hal_spi.o
HAL_SPI_Abort_IT                                  Build/stm32f1xx_hal_spi.o
HAL_SPI_DMAPause                                  Build/stm32f1xx_hal_spi.o
HAL_SPI_DMAResume                                 Build/stm32f1xx_hal_spi.o
HAL_SPI_DMAStop                                   Build/stm32f1xx_hal_spi.o
HAL_SPI_DeInit                                    Build/stm32f1xx_hal_spi.o
                                                  Build/stm32f1xx_nucleo.o
HAL_SPI_ErrorCallback                             Build/stm32f1xx_hal_spi.o
HAL_SPI_GetError                                  Build/stm32f1xx_hal_spi.o
HAL_SPI_GetState                                  Build/stm32f1xx_hal_spi.o
                                                  Build/stm32f1xx_nucleo.o
HAL_SPI_IRQHandler                                Build/stm32f1xx_hal_spi.o
HAL_SPI_Init                                      Build/stm32f1xx_hal_spi_ex.o
                                                  Build/stm32f1xx_nucleo.o
HAL_SPI_MspDeInit                                 Build/stm32f1xx_hal_spi.o
HAL_SPI_MspInit                                   Build/stm32f1xx_hal_spi.o
                                                  Build/stm32f1xx_hal_spi_ex.o
HAL_SPI_Receive                                   Build/stm32f1xx_hal_spi.o
HAL_SPI_Receive_DMA                               Build/stm32f1xx_hal_spi.o
HAL_SPI_Receive_IT                                Build/stm32f1xx_hal_spi.o
HAL_SPI_RxCpltCallback                            Build/stm32f1xx_hal_spi.o
HAL_SPI_RxHalfCpltCallback                        Build/stm32f1xx_hal_spi.o
HAL_SPI_Transmit                                  Build/stm32f1xx_hal_spi.o
                                                  Build/stm32f1xx_nucleo.o
HAL_SPI_TransmitReceive                           Build/stm32f1xx_hal_spi.o
                                                  Build/stm32f1xx_nucleo.o
HAL_SPI_TransmitReceive_DMA                       Build/stm32f1xx_hal_spi.o
HAL_SPI_TransmitReceive_IT                        Build/stm32f1xx_hal_spi.o
HAL_SPI_Transmit_DMA                              Build/stm32f1xx_hal_spi.o
HAL_SPI_Transmit_IT                               Build/stm32f1xx_hal_spi.o
HAL_SPI_TxCpltCallback                            Build/stm32f1xx_hal_spi.o
HAL_SPI_TxHalfCpltCallback                        Build/stm32f1xx_hal_spi.o
HAL_SPI_TxRxCpltCallback                          Build/stm32f1xx_hal_spi.o
HAL_SPI_TxRxHalfCpltCallback                      Build/stm32f1xx_hal_spi.o
HAL_SYSTICK_CLKSourceConfig                       Build/stm32f1xx_hal_cortex.o
                                                  Build/delay.o
HAL_SYSTICK_Callback                              Build/stm32f1xx_hal_cortex.o
HAL_SYSTICK_Config                                Build/stm32f1xx_hal_cortex.o
                                                  Build/stm32f1xx_hal.o
HAL_SYSTICK_IRQHandler                            Build/stm32f1xx_hal_cortex.o
HAL_SuspendTick                                   Build/stm32f1xx_hal.o
HAL_TIMEx_BreakCallback                           Build/stm32f1xx_hal_tim_ex.o
                                                  Build/stm32f1xx_hal_tim.o
HAL_TIMEx_CommutationCallback                     Build/stm32f1xx_hal_tim_ex.o
                                                  Build/stm32f1xx_hal_tim.o
HAL_TIMEx_ConfigBreakDeadTime                     Build/stm32f1xx_hal_tim_ex.o
HAL_TIMEx_ConfigCommutationEvent                  Build/stm32f1xx_hal_tim_ex.o
HAL_TIMEx_ConfigCommutationEvent_DMA              Build/stm32f1xx_hal_tim_ex.o
HAL_TIMEx_ConfigCommutationEvent_IT               Build/stm32f1xx_hal_tim_ex.o
HAL_TIMEx_HallSensor_DeInit                       Build/stm32f1xx_hal_tim_ex.o
HAL_TIMEx_HallSensor_GetState                     Build/stm32f1xx_hal_tim_ex.o
HAL_TIMEx_HallSensor_Init                         Build/stm32f1xx_hal_tim_ex.o
HAL_TIMEx_HallSensor_MspDeInit                    Build/stm32f1xx_hal_tim_ex.o
HAL_TIMEx_HallSensor_MspInit                      Build/stm32f1xx_hal_tim_ex.o
HAL_TIMEx_HallSensor_Start                        Build/stm32f1xx_hal_tim_ex.o
HAL_TIMEx_HallSensor_Start_DMA                    Build/stm32f1xx_hal_tim_ex.o
HAL_TIMEx_HallSensor_Start_IT                     Build/stm32f1xx_hal_tim_ex.o
HAL_TIMEx_HallSensor_Stop                         Build/stm32f1xx_hal_tim_ex.o
HAL_TIMEx_HallSensor_Stop_DMA                     Build/stm32f1xx_hal_tim_ex.o
HAL_TIMEx_HallSensor_Stop_IT                      Build/stm32f1xx_hal_tim_ex.o
HAL_TIMEx_MasterConfigSynchronization             Build/stm32f1xx_hal_tim_ex.o
HAL_TIMEx_OCN_Start                               Build/stm32f1xx_hal_tim_ex.o
HAL_TIMEx_OCN_Start_DMA                           Build/stm32f1xx_hal_tim_ex.o
HAL_TIMEx_OCN_Start_IT                            Build/stm32f1xx_hal_tim_ex.o
HAL_TIMEx_OCN_Stop                                Build/stm32f1xx_hal_tim_ex.o
HAL_TIMEx_OCN_Stop_DMA                            Build/stm32f1xx_hal_tim_ex.o
HAL_TIMEx_OCN_Stop_IT                             Build/stm32f1xx_hal_tim_ex.o
HAL_TIMEx_OnePulseN_Start                         Build/stm32f1xx_hal_tim_ex.o
HAL_TIMEx_OnePulseN_Start_IT                      Build/stm32f1xx_hal_tim_ex.o
HAL_TIMEx_OnePulseN_Stop                          Build/stm32f1xx_hal_tim_ex.o
HAL_TIMEx_OnePulseN_Stop_IT                       Build/stm32f1xx_hal_tim_ex.o
HAL_TIMEx_PWMN_Start                              Build/stm32f1xx_hal_tim_ex.o
HAL_TIMEx_PWMN_Start_DMA                          Build/stm32f1xx_hal_tim_ex.o
HAL_TIMEx_PWMN_Start_IT                           Build/stm32f1xx_hal_tim_ex.o
HAL_TIMEx_PWMN_Stop                               Build/stm32f1xx_hal_tim_ex.o
HAL_TIMEx_PWMN_Stop_DMA                           Build/stm32f1xx_hal_tim_ex.o
HAL_TIMEx_PWMN_Stop_IT                            Build/stm32f1xx_hal_tim_ex.o
HAL_TIM_Base_DeInit                               Build/stm32f1xx_hal_tim.o
HAL_TIM_Base_GetState                             Build/stm32f1xx_hal_tim.o
HAL_TIM_Base_Init                                 Build/stm32f1xx_hal_tim.o
HAL_TIM_Base_MspDeInit                            Build/stm32f1xx_hal_tim.o
HAL_TIM_Base_MspInit                              Build/stm32f1xx_hal_tim.o
HAL_TIM_Base_Start                                Build/stm32f1xx_hal_tim.o
HAL_TIM_Base_Start_DMA                            Build/stm32f1xx_hal_tim.o
HAL_TIM_Base_Start_IT                             Build/stm32f1xx_hal_tim.o
HAL_TIM_Base_Stop                                 Build/stm32f1xx_hal_tim.o
HAL_TIM_Base_Stop_DMA                             Build/stm32f1xx_hal_tim.o
HAL_TIM_Base_Stop_IT                              Build/stm32f1xx_hal_tim.o
HAL_TIM_ConfigClockSource                         Build/stm32f1xx_hal_tim.o
HAL_TIM_ConfigOCrefClear                          Build/stm32f1xx_hal_tim.o
HAL_TIM_ConfigTI1Input                            Build/stm32f1xx_hal_tim.o
HAL_TIM_DMABurst_ReadStart                        Build/stm32f1xx_hal_tim.o
HAL_TIM_DMABurst_ReadStop                         Build/stm32f1xx_hal_tim.o
HAL_TIM_DMABurst_WriteStart                       Build/stm32f1xx_hal_tim.o
HAL_TIM_DMABurst_WriteStop                        Build/stm32f1xx_hal_tim.o
HAL_TIM_Encoder_DeInit                            Build/stm32f1xx_hal_tim.o
HAL_TIM_Encoder_GetState                          Build/stm32f1xx_hal_tim.o
HAL_TIM_Encoder_Init                              Build/stm32f1xx_hal_tim.o
HAL_TIM_Encoder_MspDeInit                         Build/stm32f1xx_hal_tim.o
HAL_TIM_Encoder_MspInit                           Build/stm32f1xx_hal_tim.o
HAL_TIM_Encoder_Start                             Build/stm32f1xx_hal_tim.o
HAL_TIM_Encoder_Start_DMA                         Build/stm32f1xx_hal_tim.o
HAL_TIM_Encoder_Start_IT                          Build/stm32f1xx_hal_tim.o
HAL_TIM_Encoder_Stop                              Build/stm32f1xx_hal_tim.o
HAL_TIM_Encoder_Stop_DMA                          Build/stm32f1xx_hal_tim.o
HAL_TIM_Encoder_Stop_IT                           Build/stm32f1xx_hal_tim.o
HAL_TIM_ErrorCallback                             Build/stm32f1xx_hal_tim.o
HAL_TIM_GenerateEvent                             Build/stm32f1xx_hal_tim.o
HAL_TIM_IC_CaptureCallback                        Build/stm32f1xx_hal_tim.o
HAL_TIM_IC_ConfigChannel                          Build/stm32f1xx_hal_tim.o
HAL_TIM_IC_DeInit                                 Build/stm32f1xx_hal_tim.o
HAL_TIM_IC_GetState                               Build/stm32f1xx_hal_tim.o
HAL_TIM_IC_Init                                   Build/stm32f1xx_hal_tim.o
HAL_TIM_IC_MspDeInit                              Build/stm32f1xx_hal_tim.o
HAL_TIM_IC_MspInit                                Build/stm32f1xx_hal_tim.o
HAL_TIM_IC_Start                                  Build/stm32f1xx_hal_tim.o
HAL_TIM_IC_Start_DMA                              Build/stm32f1xx_hal_tim.o
HAL_TIM_IC_Start_IT                               Build/stm32f1xx_hal_tim.o
HAL_TIM_IC_Stop                                   Build/stm32f1xx_hal_tim.o
HAL_TIM_IC_Stop_DMA                               Build/stm32f1xx_hal_tim.o
HAL_TIM_IC_Stop_IT                                Build/stm32f1xx_hal_tim.o
HAL_TIM_IRQHandler                                Build/stm32f1xx_hal_tim.o
HAL_TIM_OC_ConfigChannel                          Build/stm32f1xx_hal_tim.o
HAL_TIM_OC_DeInit                                 Build/stm32f1xx_hal_tim.o
HAL_TIM_OC_DelayElapsedCallback                   Build/stm32f1xx_hal_tim.o
HAL_TIM_OC_GetState                               Build/stm32f1xx_hal_tim.o
HAL_TIM_OC_Init                                   Build/stm32f1xx_hal_tim.o
HAL_TIM_OC_MspDeInit                              Build/stm32f1xx_hal_tim.o
HAL_TIM_OC_MspInit                                Build/stm32f1xx_hal_tim.o
HAL_TIM_OC_Start                                  Build/stm32f1xx_hal_tim.o
HAL_TIM_OC_Start_DMA                              Build/stm32f1xx_hal_tim.o
HAL_TIM_OC_Start_IT                               Build/stm32f1xx_hal_tim.o
HAL_TIM_OC_Stop                                   Build/stm32f1xx_hal_tim.o
HAL_TIM_OC_Stop_DMA                               Build/stm32f1xx_hal_tim.o
HAL_TIM_OC_Stop_IT                                Build/stm32f1xx_hal_tim.o
HAL_TIM_OnePulse_ConfigChannel                    Build/stm32f1xx_hal_tim.o
HAL_TIM_OnePulse_DeInit                           Build/stm32f1xx_hal_tim.o
HAL_TIM_OnePulse_GetState                         Build/stm32f1xx_hal_tim.o
HAL_TIM_OnePulse_Init                             Build/stm32f1xx_hal_tim.o
HAL_TIM_OnePulse_MspDeInit                        Build/stm32f1xx_hal_tim.o
HAL_TIM_OnePulse_MspInit                          Build/stm32f1xx_hal_tim.o
HAL_TIM_OnePulse_Start                            Build/stm32f1xx_hal_tim.o
HAL_TIM_OnePulse_Start_IT                         Build/stm32f1xx_hal_tim.o
HAL_TIM_OnePulse_Stop                             Build/stm32f1xx_hal_tim.o
HAL_TIM_OnePulse_Stop_IT                          Build/stm32f1xx_hal_tim.o
HAL_TIM_PWM_ConfigChannel                         Build/stm32f1xx_hal_tim.o
HAL_TIM_PWM_DeInit                                Build/stm32f1xx_hal_tim.o
HAL_TIM_PWM_GetState                              Build/stm32f1xx_hal_tim.o
HAL_TIM_PWM_Init                                  Build/stm32f1xx_hal_tim.o
HAL_TIM_PWM_MspDeInit                             Build/stm32f1xx_hal_tim.o
HAL_TIM_PWM_MspInit                               Build/stm32f1xx_hal_tim.o
HAL_TIM_PWM_PulseFinishedCallback                 Build/stm32f1xx_hal_tim.o
HAL_TIM_PWM_Start                                 Build/stm32f1xx_hal_tim.o
HAL_TIM_PWM_Start_DMA                             Build/stm32f1xx_hal_tim.o
HAL_TIM_PWM_Start_IT                              Build/stm32f1xx_hal_tim.o
HAL_TIM_PWM_Stop                                  Build/stm32f1xx_hal_tim.o
HAL_TIM_PWM_Stop_DMA                              Build/stm32f1xx_hal_tim.o
HAL_TIM_PWM_Stop_IT                               Build/stm32f1xx_hal_tim.o
HAL_TIM_PeriodElapsedCallback                     Build/stm32f1xx_hal_tim.o
HAL_TIM_ReadCapturedValue                         Build/stm32f1xx_hal_tim.o
HAL_TIM_SlaveConfigSynchronization                Build/stm32f1xx_hal_tim.o
HAL_TIM_SlaveConfigSynchronization_IT             Build/stm32f1xx_hal_tim.o
HAL_TIM_TriggerCallback                           Build/stm32f1xx_hal_tim.o
HAL_UART_Abort                                    Build/stm32f1xx_hal_uart.o
HAL_UART_AbortCpltCallback                        Build/stm32f1xx_hal_uart.o
HAL_UART_AbortReceive                             Build/stm32f1xx_hal_uart.o
HAL_UART_AbortReceiveCpltCallback                 Build/stm32f1xx_hal_uart.o
HAL_UART_AbortReceive_IT                          Build/stm32f1xx_hal_uart.o
HAL_UART_AbortTransmit                            Build/stm32f1xx_hal_uart.o
HAL_UART_AbortTransmitCpltCallback                Build/stm32f1xx_hal_uart.o
HAL_UART_AbortTransmit_IT                         Build/stm32f1xx_hal_uart.o
HAL_UART_Abort_IT                                 Build/stm32f1xx_hal_uart.o
HAL_UART_DMAPause                                 Build/stm32f1xx_hal_uart.o
HAL_UART_DMAResume                                Build/stm32f1xx_hal_uart.o
HAL_UART_DMAStop                                  Build/stm32f1xx_hal_uart.o
HAL_UART_DeInit                                   Build/stm32f1xx_hal_uart.o
HAL_UART_ErrorCallback                            Build/stm32f1xx_hal_uart.o
HAL_UART_GetError                                 Build/stm32f1xx_hal_uart.o
HAL_UART_GetState                                 Build/stm32f1xx_hal_uart.o
                                                  Build/usart.o
HAL_UART_IRQHandler                               Build/stm32f1xx_hal_uart.o
                                                  Build/usart.o
HAL_UART_Init                                     Build/stm32f1xx_hal_uart.o
                                                  Build/usart.o
HAL_UART_MspDeInit                                Build/stm32f1xx_hal_uart.o
HAL_UART_MspInit                                  Build/usart.o
HAL_UART_Receive                                  Build/stm32f1xx_hal_uart.o
HAL_UART_Receive_DMA                              Build/stm32f1xx_hal_uart.o
HAL_UART_Receive_IT                               Build/stm32f1xx_hal_uart.o
                                                  Build/usart.o
HAL_UART_RxCpltCallback                           Build/usart.o
HAL_UART_RxHalfCpltCallback                       Build/stm32f1xx_hal_uart.o
HAL_UART_Transmit                                 Build/stm32f1xx_hal_uart.o
HAL_UART_Transmit_DMA                             Build/stm32f1xx_hal_uart.o
HAL_UART_Transmit_IT                              Build/stm32f1xx_hal_uart.o
HAL_UART_TxCpltCallback                           Build/stm32f1xx_hal_uart.o
HAL_UART_TxHalfCpltCallback                       Build/stm32f1xx_hal_uart.o
HAL_USART_Abort                                   Build/stm32f1xx_hal_usart.o
HAL_USART_AbortCpltCallback                       Build/stm32f1xx_hal_usart.o
HAL_USART_Abort_IT                                Build/stm32f1xx_hal_usart.o
HAL_USART_DMAPause                                Build/stm32f1xx_hal_usart.o
HAL_USART_DMAResume                               Build/stm32f1xx_hal_usart.o
HAL_USART_DMAStop                                 Build/stm32f1xx_hal_usart.o
HAL_USART_DeInit                                  Build/stm32f1xx_hal_usart.o
HAL_USART_ErrorCallback                           Build/stm32f1xx_hal_usart.o
HAL_USART_GetError                                Build/stm32f1xx_hal_usart.o
HAL_USART_GetState                                Build/stm32f1xx_hal_usart.o
HAL_USART_IRQHandler                              Build/stm32f1xx_hal_usart.o
HAL_USART_Init                                    Build/stm32f1xx_hal_usart.o
HAL_USART_MspDeInit                               Build/stm32f1xx_hal_usart.o
HAL_USART_MspInit                                 Build/stm32f1xx_hal_usart.o
HAL_USART_Receive                                 Build/stm32f1xx_hal_usart.o
HAL_USART_Receive_DMA                             Build/stm32f1xx_hal_usart.o
HAL_USART_Receive_IT                              Build/stm32f1xx_hal_usart.o
HAL_USART_RxCpltCallback                          Build/stm32f1xx_hal_usart.o
HAL_USART_RxHalfCpltCallback                      Build/stm32f1xx_hal_usart.o
HAL_USART_Transmit                                Build/stm32f1xx_hal_usart.o
HAL_USART_TransmitReceive                         Build/stm32f1xx_hal_usart.o
HAL_USART_TransmitReceive_DMA                     Build/stm32f1xx_hal_usart.o
HAL_USART_TransmitReceive_IT                      Build/stm32f1xx_hal_usart.o
HAL_USART_Transmit_DMA                            Build/stm32f1xx_hal_usart.o
HAL_USART_Transmit_IT                             Build/stm32f1xx_hal_usart.o
HAL_USART_TxCpltCallback                          Build/stm32f1xx_hal_usart.o
HAL_USART_TxHalfCpltCallback                      Build/stm32f1xx_hal_usart.o
HAL_USART_TxRxCpltCallback                        Build/stm32f1xx_hal_usart.o
HAL_WWDG_EarlyWakeupCallback                      Build/stm32f1xx_hal_wwdg.o
HAL_WWDG_IRQHandler                               Build/stm32f1xx_hal_wwdg.o
HAL_WWDG_Init                                     Build/stm32f1xx_hal_wwdg.o
HAL_WWDG_MspInit                                  Build/stm32f1xx_hal_wwdg.o
HAL_WWDG_Refresh                                  Build/stm32f1xx_hal_wwdg.o
HardFault_Handler                                 Build/stm32f1xx_it.o
I2C1_ER_IRQHandler                                Build/startup_stm32f103xb.o
I2C1_EV_IRQHandler                                Build/startup_stm32f103xb.o
I2C2_ER_IRQHandler                                Build/startup_stm32f103xb.o
I2C2_EV_IRQHandler                                Build/startup_stm32f103xb.o
INTX_DISABLE                                      Build/sys.o
INTX_ENABLE                                       Build/sys.o
LCD_Delay                                         Build/stm32f1xx_nucleo.o
LCD_IO_Init                                       Build/stm32f1xx_nucleo.o
LCD_IO_WriteMultipleData                          Build/stm32f1xx_nucleo.o
LCD_IO_WriteReg                                   Build/stm32f1xx_nucleo.o
LED_PIN                                           Build/stm32f1xx_nucleo.o
LED_PORT                                          Build/stm32f1xx_nucleo.o
LL_Init1msTick                                    Build/stm32f1xx_ll_utils.o
LL_PLL_ConfigSystemClock_HSE                      Build/stm32f1xx_ll_utils.o
LL_PLL_ConfigSystemClock_HSI                      Build/stm32f1xx_ll_utils.o
LL_SetSystemCoreClock                             Build/stm32f1xx_ll_utils.o
LL_mDelay                                         Build/stm32f1xx_ll_utils.o
MSR_MSP                                           Build/sys.o
MemManage_Handler                                 Build/stm32f1xx_it.o
NMI_Handler                                       Build/stm32f1xx_it.o
PVD_IRQHandler                                    Build/startup_stm32f103xb.o
PendSV_Handler                                    Build/stm32f1xx_it.o
RCC_IRQHandler                                    Build/startup_stm32f103xb.o
RTC_Alarm_IRQHandler                              Build/startup_stm32f103xb.o
RTC_IRQHandler                                    Build/startup_stm32f103xb.o
Reset_Handler                                     Build/startup_stm32f103xb.o
SD_IO_CSState                                     Build/stm32f1xx_nucleo.o
SD_IO_Init                                        Build/stm32f1xx_nucleo.o
SD_IO_ReadData                                    Build/stm32f1xx_nucleo.o
SD_IO_WriteByte                                   Build/stm32f1xx_nucleo.o
SD_IO_WriteData                                   Build/stm32f1xx_nucleo.o
SD_IO_WriteReadData                               Build/stm32f1xx_nucleo.o
SPI1_IRQHandler                                   Build/startup_stm32f103xb.o
SPI2_IRQHandler                                   Build/startup_stm32f103xb.o
SPI_ISCRCErrorValid                               Build/stm32f1xx_hal_spi_ex.o
SVC_Handler                                       Build/stm32f1xx_it.o
SpixTimeout                                       Build/stm32f1xx_nucleo.o
Stm32_Clock_Init                                  Build/sys.o
                                                  Build/main.o
SysTick_Handler                                   Build/stm32f1xx_it.o
SystemClock_Config                                Build/main.o
SystemCoreClock                                   Build/system_stm32f1xx.o
                                                  Build/stm32f1xx_hal_spi.o
                                                  Build/stm32f1xx_hal_adc.o
                                                  Build/stm32f1xx_hal_i2c.o
                                                  Build/stm32f1xx_hal_adc_ex.o
                                                  Build/stm32f1xx_ll_utils.o
                                                  Build/stm32f1xx_hal_rcc.o
                                                  Build/stm32f1xx_hal.o
SystemCoreClockUpdate                             Build/system_stm32f1xx.o
SystemInit                                        Build/system_stm32f1xx.o
                                                  Build/startup_stm32f103xb.o
TAMPER_IRQHandler                                 Build/startup_stm32f103xb.o
TIM1_BRK_IRQHandler                               Build/startup_stm32f103xb.o
TIM1_CC_IRQHandler                                Build/startup_stm32f103xb.o
TIM1_TRG_COM_IRQHandler                           Build/startup_stm32f103xb.o
TIM1_UP_IRQHandler                                Build/startup_stm32f103xb.o
TIM2_IRQHandler                                   Build/startup_stm32f103xb.o
TIM3_IRQHandler                                   Build/startup_stm32f103xb.o
TIM4_IRQHandler                                   Build/startup_stm32f103xb.o
TIMEx_DMACommutationCplt                          Build/stm32f1xx_hal_tim_ex.o
                                                  Build/stm32f1xx_hal_tim.o
TIM_Base_SetConfig                                Build/stm32f1xx_hal_tim.o
                                                  Build/stm32f1xx_hal_tim_ex.o
TIM_CCxChannelCmd                                 Build/stm32f1xx_hal_tim.o
                                                  Build/stm32f1xx_hal_tim_ex.o
TIM_DMACaptureCplt                                Build/stm32f1xx_hal_tim.o
                                                  Build/stm32f1xx_hal_tim_ex.o
TIM_DMADelayPulseCplt                             Build/stm32f1xx_hal_tim.o
                                                  Build/stm32f1xx_hal_tim_ex.o
TIM_DMAError                                      Build/stm32f1xx_hal_tim.o
                                                  Build/stm32f1xx_hal_tim_ex.o
TIM_OC2_SetConfig                                 Build/stm32f1xx_hal_tim.o
                                                  Build/stm32f1xx_hal_tim_ex.o
TIM_TI1_SetConfig                                 Build/stm32f1xx_hal_tim.o
                                                  Build/stm32f1xx_hal_tim_ex.o
UART1_Handler                                     Build/usart.o
USART1_IRQHandler                                 Build/usart.o
USART2_IRQHandler                                 Build/startup_stm32f103xb.o
USART3_IRQHandler                                 Build/startup_stm32f103xb.o
USART_RX_BUF                                      Build/usart.o
USART_RX_STA                                      Build/usart.o
USBWakeUp_IRQHandler                              Build/startup_stm32f103xb.o
USB_ActivateEndpoint                              Build/stm32f1xx_ll_usb.o
                                                  Build/stm32f1xx_hal_pcd.o
USB_ActivateRemoteWakeup                          Build/stm32f1xx_ll_usb.o
                                                  Build/stm32f1xx_hal_pcd.o
USB_ClearInterrupts                               Build/stm32f1xx_ll_usb.o
USB_CoreInit                                      Build/stm32f1xx_ll_usb.o
                                                  Build/stm32f1xx_hal_pcd.o
USB_DeActivateRemoteWakeup                        Build/stm32f1xx_ll_usb.o
                                                  Build/stm32f1xx_hal_pcd.o
USB_DeactivateEndpoint                            Build/stm32f1xx_ll_usb.o
                                                  Build/stm32f1xx_hal_pcd.o
USB_DevConnect                                    Build/stm32f1xx_ll_usb.o
                                                  Build/stm32f1xx_hal_pcd.o
USB_DevDisconnect                                 Build/stm32f1xx_ll_usb.o
                                                  Build/stm32f1xx_hal_pcd.o
USB_DevInit                                       Build/stm32f1xx_ll_usb.o
                                                  Build/stm32f1xx_hal_pcd.o
USB_DisableGlobalInt                              Build/stm32f1xx_ll_usb.o
                                                  Build/stm32f1xx_hal_pcd.o
USB_EP0_OutStart                                  Build/stm32f1xx_ll_usb.o
                                                  Build/stm32f1xx_hal_pcd.o
USB_EPClearStall                                  Build/stm32f1xx_ll_usb.o
                                                  Build/stm32f1xx_hal_pcd.o
USB_EPSetStall                                    Build/stm32f1xx_ll_usb.o
                                                  Build/stm32f1xx_hal_pcd.o
USB_EPStartXfer                                   Build/stm32f1xx_ll_usb.o
                                                  Build/stm32f1xx_hal_pcd.o
USB_EnableGlobalInt                               Build/stm32f1xx_ll_usb.o
                                                  Build/stm32f1xx_hal_pcd.o
USB_FlushRxFifo                                   Build/stm32f1xx_ll_usb.o
                                                  Build/stm32f1xx_hal_pcd.o
USB_FlushTxFifo                                   Build/stm32f1xx_ll_usb.o
                                                  Build/stm32f1xx_hal_pcd.o
USB_HP_CAN1_TX_IRQHandler                         Build/startup_stm32f103xb.o
USB_LP_CAN1_RX0_IRQHandler                        Build/startup_stm32f103xb.o
USB_ReadDevAllInEpInterrupt                       Build/stm32f1xx_ll_usb.o
USB_ReadDevAllOutEpInterrupt                      Build/stm32f1xx_ll_usb.o
USB_ReadDevInEPInterrupt                          Build/stm32f1xx_ll_usb.o
USB_ReadDevOutEPInterrupt                         Build/stm32f1xx_ll_usb.o
USB_ReadInterrupts                                Build/stm32f1xx_ll_usb.o
                                                  Build/stm32f1xx_hal_pcd.o
USB_ReadPMA                                       Build/stm32f1xx_ll_usb.o
                                                  Build/stm32f1xx_hal_pcd.o
USB_ReadPacket                                    Build/stm32f1xx_ll_usb.o
USB_SetCurrentMode                                Build/stm32f1xx_ll_usb.o
                                                  Build/stm32f1xx_hal_pcd.o
USB_SetDevAddress                                 Build/stm32f1xx_ll_usb.o
                                                  Build/stm32f1xx_hal_pcd.o
USB_StopDevice                                    Build/stm32f1xx_ll_usb.o
                                                  Build/stm32f1xx_hal_pcd.o
USB_WritePMA                                      Build/stm32f1xx_ll_usb.o
                                                  Build/stm32f1xx_hal_pcd.o
USB_WritePacket                                   Build/stm32f1xx_ll_usb.o
UsageFault_Handler                                Build/stm32f1xx_it.o
WFI_SET                                           Build/sys.o
WWDG_IRQHandler                                   Build/startup_stm32f103xb.o
_Jv_RegisterClasses                               /opt/toolchain/gcc-arm-none-eabi-5_4-2016q3/bin/../lib/gcc/arm-none-eabi/5.4.1/armv7-m/crtbegin.o
__bss_end__                                       /opt/toolchain/gcc-arm-none-eabi-5_4-2016q3/bin/../lib/gcc/arm-none-eabi/5.4.1/../../../../arm-none-eabi/lib/armv7-m/crt0.o
__bss_start__                                     /opt/toolchain/gcc-arm-none-eabi-5_4-2016q3/bin/../lib/gcc/arm-none-eabi/5.4.1/../../../../arm-none-eabi/lib/armv7-m/crt0.o
__call_exitprocs                                  /opt/toolchain/gcc-arm-none-eabi-5_4-2016q3/bin/../lib/gcc/arm-none-eabi/5.4.1/../../../../arm-none-eabi/lib/armv7-m/libc_nano.a(lib_a-exit.o)
__deregister_frame_info                           /opt/toolchain/gcc-arm-none-eabi-5_4-2016q3/bin/../lib/gcc/arm-none-eabi/5.4.1/armv7-m/crtbegin.o